Copyright 1986-2022 Xilinx, Inc. All Rights Reserved. Copyright 2022-2023 Advanced Micro Devices, Inc. All Rights Reserved.
---------------------------------------------------------------------------------------------------------------------------------------------
| Tool Version : Vivado v.2023.2 (win64) Build 4029153 Fri Oct 13 20:14:34 MDT 2023
| Date         : Tue Jun 30 21:03:50 2026
| Host         : CHNtoumas running 64-bit major release  (build 9200)
| Command      : report_control_sets -verbose -file bd_0_wrapper_control_sets_placed.rpt
| Design       : bd_0_wrapper
| Device       : xc7a200t
---------------------------------------------------------------------------------------------------------------------------------------------

Control Set Information

Table of Contents
-----------------
1. Summary
2. Histogram
3. Flip-Flop Distribution
4. Detailed Control Set Information

1. Summary
----------

+----------------------------------------------------------+-------+
|                          Status                          | Count |
+----------------------------------------------------------+-------+
| Total control sets                                       |   118 |
|    Minimum number of control sets                        |   118 |
|    Addition due to synthesis replication                 |     0 |
|    Addition due to physical synthesis replication        |     0 |
| Unused register locations in slices containing registers |   508 |
+----------------------------------------------------------+-------+
* Control sets can be merged at opt_design using control_set_merge or merge_equivalent_drivers
** Run report_qor_suggestions for automated merging and remapping suggestions


2. Histogram
------------

+--------------------+-------+
|       Fanout       | Count |
+--------------------+-------+
| Total control sets |   118 |
| >= 0 to < 4        |     4 |
| >= 4 to < 6        |     2 |
| >= 6 to < 8        |     2 |
| >= 8 to < 10       |    40 |
| >= 10 to < 12      |    24 |
| >= 12 to < 14      |     0 |
| >= 14 to < 16      |     0 |
| >= 16              |    46 |
+--------------------+-------+
* Control sets can be remapped at either synth_design or opt_design


3. Flip-Flop Distribution
-------------------------

+--------------+-----------------------+------------------------+-----------------+--------------+
| Clock Enable | Synchronous Set/Reset | Asynchronous Set/Reset | Total Registers | Total Slices |
+--------------+-----------------------+------------------------+-----------------+--------------+
| No           | No                    | No                     |             102 |           79 |
| No           | No                    | Yes                    |               0 |            0 |
| No           | Yes                   | No                     |             180 |           92 |
| Yes          | No                    | No                     |            5554 |         1937 |
| Yes          | No                    | Yes                    |               0 |            0 |
| Yes          | Yes                   | No                     |            1512 |          483 |
+--------------+-----------------------+------------------------+-----------------+--------------+


4. Detailed Control Set Information
-----------------------------------

+--------------+------------------------------------------------------------------------------------------------------------------------------------------------------------------------------------------------------------------------------------------+------------------------------------------------------------------------------------------------------------------------------------------------------------------------------------------------+------------------+----------------+--------------+
| Clock Signal |                                                                                                               Enable Signal                                                                                                              |                                                                                        Set/Reset Signal                                                                                        | Slice Load Count | Bel Load Count | Bels / Slice |
+--------------+------------------------------------------------------------------------------------------------------------------------------------------------------------------------------------------------------------------------------------------+------------------------------------------------------------------------------------------------------------------------------------------------------------------------------------------------+------------------+----------------+--------------+
|  ap_clk      | bd_0_i/hls_inst/inst/word_to_axis_U0/regslice_both_s_out_V_last_V_U/B_V_data_1_load_A                                                                                                                                                    |                                                                                                                                                                                                |                1 |              1 |         1.00 |
|  ap_clk      | bd_0_i/hls_inst/inst/word_to_axis_U0/regslice_both_s_out_V_last_V_U/B_V_data_1_load_B                                                                                                                                                    |                                                                                                                                                                                                |                1 |              1 |         1.00 |
|  ap_clk      | bd_0_i/hls_inst/inst/Loop_VITIS_LOOP_95_1_proc717_U0/flow_control_loop_pipe_U/full_n_reg                                                                                                                                                 |                                                                                                                                                                                                |                2 |              2 |         1.00 |
|  ap_clk      | bd_0_i/hls_inst/inst/Loop_VITIS_LOOP_95_1_proc616_U0/flow_control_loop_pipe_U/ap_loop_init_reg_2                                                                                                                                         |                                                                                                                                                                                                |                3 |              3 |         1.00 |
|  ap_clk      | bd_0_i/hls_inst/inst/Loop_VITIS_LOOP_95_1_proc515_U0/flow_control_loop_pipe_U/ap_loop_init_reg_2                                                                                                                                         |                                                                                                                                                                                                |                4 |              4 |         1.00 |
|  ap_clk      | bd_0_i/hls_inst/inst/Loop_VITIS_LOOP_95_1_proc414_U0/flow_control_loop_pipe_U/ap_loop_init_reg_2                                                                                                                                         |                                                                                                                                                                                                |                3 |              5 |         1.67 |
|  ap_clk      | bd_0_i/hls_inst/inst/Loop_VITIS_LOOP_95_1_proc313_U0/flow_control_loop_pipe_U/E[0]                                                                                                                                                       |                                                                                                                                                                                                |                3 |              6 |         2.00 |
|  ap_clk      | bd_0_i/hls_inst/inst/Loop_VITIS_LOOP_95_1_proc212_U0/flow_control_loop_pipe_U/E[0]                                                                                                                                                       |                                                                                                                                                                                                |                3 |              7 |         2.33 |
|  ap_clk      | bd_0_i/hls_inst/inst/Loop_VITIS_LOOP_95_1_proc10_U0/flow_control_loop_pipe_U/dout_vld_reg                                                                                                                                                |                                                                                                                                                                                                |                2 |              8 |         4.00 |
|  ap_clk      | bd_0_i/hls_inst/inst/Loop_VITIS_LOOP_95_1_proc10_U0/flow_control_loop_pipe_U/E[0]                                                                                                                                                        |                                                                                                                                                                                                |                3 |              8 |         2.67 |
|  ap_clk      | bd_0_i/hls_inst/inst/Loop_VITIS_LOOP_95_1_proc414_U0/flow_control_loop_pipe_U/dout_vld_reg                                                                                                                                               |                                                                                                                                                                                                |                3 |              8 |         2.67 |
|  ap_clk      | bd_0_i/hls_inst/inst/Loop_VITIS_LOOP_168_1_proc819_U0/flow_control_loop_pipe_U/cyc_fu_76                                                                                                                                                 |                                                                                                                                                                                                |                2 |              8 |         4.00 |
|  ap_clk      | bd_0_i/hls_inst/inst/Loop_VITIS_LOOP_95_1_proc515_U0/flow_control_loop_pipe_U/dout_vld_reg                                                                                                                                               |                                                                                                                                                                                                |                3 |              8 |         2.67 |
|  ap_clk      | bd_0_i/hls_inst/inst/Loop_VITIS_LOOP_95_1_proc111_U0/flow_control_loop_pipe_U/E[0]                                                                                                                                                       |                                                                                                                                                                                                |                3 |              8 |         2.67 |
|  ap_clk      | bd_0_i/hls_inst/inst/Loop_VITIS_LOOP_95_1_proc111_U0/flow_control_loop_pipe_U/dout_vld_reg                                                                                                                                               |                                                                                                                                                                                                |                2 |              8 |         4.00 |
|  ap_clk      | bd_0_i/hls_inst/inst/Loop_VITIS_LOOP_95_1_proc313_U0/flow_control_loop_pipe_U/dout_vld_reg                                                                                                                                               |                                                                                                                                                                                                |                2 |              8 |         4.00 |
|  ap_clk      | bd_0_i/hls_inst/inst/Loop_VITIS_LOOP_95_1_proc616_U0/flow_control_loop_pipe_U/dout_vld_reg                                                                                                                                               |                                                                                                                                                                                                |                3 |              8 |         2.67 |
|  ap_clk      | bd_0_i/hls_inst/inst/Loop_VITIS_LOOP_95_1_proc212_U0/flow_control_loop_pipe_U/dout_vld_reg                                                                                                                                               |                                                                                                                                                                                                |                3 |              8 |         2.67 |
|  ap_clk      | bd_0_i/hls_inst/inst/Loop_VITIS_LOOP_168_1_proc18_U0/flow_control_loop_pipe_U/cyc_fu_76                                                                                                                                                  |                                                                                                                                                                                                |                2 |              8 |         4.00 |
|  ap_clk      | bd_0_i/hls_inst/inst/Block_ZL8stage_nfILi1EEvRN3hls6streamI10mdf_word_tLi0EEES4_exit_proc20_U0/grp_Block_ZL8stage_nfILi1EEvRN3hls6streamI10mdf_word_tLi0EEES4_exit_proc20_Pipelin_fu_26/flow_control_loop_pipe_sequential_init_U/i_fu_46 |                                                                                                                                                                                                |                4 |              9 |         2.25 |
|  ap_clk      | bd_0_i/hls_inst/inst/w_out_U/pop                                                                                                                                                                                                         | bd_0_i/hls_inst/inst/w_out_U/U_fft_mdf_fifo_w129_d260_A_ram/SR[0]                                                                                                                              |                3 |              9 |         3.00 |
|  ap_clk      | bd_0_i/hls_inst/inst/s2_U/pop                                                                                                                                                                                                            | bd_0_i/hls_inst/inst/w_out_U/U_fft_mdf_fifo_w129_d260_A_ram/SR[0]                                                                                                                              |                2 |              9 |         4.50 |
|  ap_clk      | bd_0_i/hls_inst/inst/Loop_VITIS_LOOP_168_1_proc18_U0/empty_n_reg[0]                                                                                                                                                                      | bd_0_i/hls_inst/inst/w_out_U/U_fft_mdf_fifo_w129_d260_A_ram/SR[0]                                                                                                                              |                3 |              9 |         3.00 |
|  ap_clk      | bd_0_i/hls_inst/inst/Loop_VITIS_LOOP_95_1_proc313_U0/WEBWE[0]                                                                                                                                                                            | bd_0_i/hls_inst/inst/w_out_U/U_fft_mdf_fifo_w129_d260_A_ram/SR[0]                                                                                                                              |                3 |              9 |         3.00 |
|  ap_clk      | bd_0_i/hls_inst/inst/s3_U/pop                                                                                                                                                                                                            | bd_0_i/hls_inst/inst/w_out_U/U_fft_mdf_fifo_w129_d260_A_ram/SR[0]                                                                                                                              |                2 |              9 |         4.50 |
|  ap_clk      | bd_0_i/hls_inst/inst/Loop_VITIS_LOOP_168_1_proc819_U0/WEBWE[0]                                                                                                                                                                           | bd_0_i/hls_inst/inst/w_out_U/U_fft_mdf_fifo_w129_d260_A_ram/SR[0]                                                                                                                              |                3 |              9 |         3.00 |
|  ap_clk      | bd_0_i/hls_inst/inst/Loop_VITIS_LOOP_168_1_proc819_U0/empty_n_reg[0]                                                                                                                                                                     | bd_0_i/hls_inst/inst/w_out_U/U_fft_mdf_fifo_w129_d260_A_ram/SR[0]                                                                                                                              |                4 |              9 |         2.25 |
|  ap_clk      | bd_0_i/hls_inst/inst/s4_U/pop                                                                                                                                                                                                            | bd_0_i/hls_inst/inst/w_out_U/U_fft_mdf_fifo_w129_d260_A_ram/SR[0]                                                                                                                              |                4 |              9 |         2.25 |
|  ap_clk      | bd_0_i/hls_inst/inst/s5_U/pop                                                                                                                                                                                                            | bd_0_i/hls_inst/inst/w_out_U/U_fft_mdf_fifo_w129_d260_A_ram/SR[0]                                                                                                                              |                2 |              9 |         4.50 |
|  ap_clk      | bd_0_i/hls_inst/inst/s6_U/pop                                                                                                                                                                                                            | bd_0_i/hls_inst/inst/w_out_U/U_fft_mdf_fifo_w129_d260_A_ram/SR[0]                                                                                                                              |                3 |              9 |         3.00 |
|  ap_clk      | bd_0_i/hls_inst/inst/Loop_VITIS_LOOP_95_1_proc414_U0/WEBWE[0]                                                                                                                                                                            | bd_0_i/hls_inst/inst/w_out_U/U_fft_mdf_fifo_w129_d260_A_ram/SR[0]                                                                                                                              |                2 |              9 |         4.50 |
|  ap_clk      | bd_0_i/hls_inst/inst/Loop_VITIS_LOOP_95_1_proc10_U0/WEBWE[0]                                                                                                                                                                             | bd_0_i/hls_inst/inst/w_out_U/U_fft_mdf_fifo_w129_d260_A_ram/SR[0]                                                                                                                              |                2 |              9 |         4.50 |
|  ap_clk      | bd_0_i/hls_inst/inst/s9_U/pop                                                                                                                                                                                                            | bd_0_i/hls_inst/inst/w_out_U/U_fft_mdf_fifo_w129_d260_A_ram/SR[0]                                                                                                                              |                2 |              9 |         4.50 |
|  ap_clk      | bd_0_i/hls_inst/inst/word_to_axis_U0/flow_control_loop_pipe_U/E[0]                                                                                                                                                                       |                                                                                                                                                                                                |                4 |              9 |         2.25 |
|  ap_clk      | bd_0_i/hls_inst/inst/Loop_VITIS_LOOP_168_1_proc18_U0/WEBWE[0]                                                                                                                                                                            | bd_0_i/hls_inst/inst/w_out_U/U_fft_mdf_fifo_w129_d260_A_ram/SR[0]                                                                                                                              |                3 |              9 |         3.00 |
|  ap_clk      | bd_0_i/hls_inst/inst/Loop_VITIS_LOOP_95_1_proc515_U0/WEBWE[0]                                                                                                                                                                            | bd_0_i/hls_inst/inst/w_out_U/U_fft_mdf_fifo_w129_d260_A_ram/SR[0]                                                                                                                              |                4 |              9 |         2.25 |
|  ap_clk      | bd_0_i/hls_inst/inst/Loop_VITIS_LOOP_95_1_proc111_U0/WEBWE[0]                                                                                                                                                                            | bd_0_i/hls_inst/inst/w_out_U/U_fft_mdf_fifo_w129_d260_A_ram/SR[0]                                                                                                                              |                3 |              9 |         3.00 |
|  ap_clk      | bd_0_i/hls_inst/inst/Loop_VITIS_LOOP_95_1_proc616_U0/WEBWE[0]                                                                                                                                                                            | bd_0_i/hls_inst/inst/w_out_U/U_fft_mdf_fifo_w129_d260_A_ram/SR[0]                                                                                                                              |                3 |              9 |         3.00 |
|  ap_clk      | bd_0_i/hls_inst/inst/Loop_VITIS_LOOP_95_1_proc717_U0/flow_control_loop_pipe_U/E[0]                                                                                                                                                       |                                                                                                                                                                                                |                3 |              9 |         3.00 |
|  ap_clk      | bd_0_i/hls_inst/inst/Loop_VITIS_LOOP_95_1_proc717_U0/WEBWE[0]                                                                                                                                                                            | bd_0_i/hls_inst/inst/w_out_U/U_fft_mdf_fifo_w129_d260_A_ram/SR[0]                                                                                                                              |                3 |              9 |         3.00 |
|  ap_clk      | bd_0_i/hls_inst/inst/Loop_read_loop_proc_U0/flow_control_loop_pipe_U/E[0]                                                                                                                                                                |                                                                                                                                                                                                |                3 |              9 |         3.00 |
|  ap_clk      | bd_0_i/hls_inst/inst/Loop_read_loop_proc_U0/WEBWE[0]                                                                                                                                                                                     | bd_0_i/hls_inst/inst/w_out_U/U_fft_mdf_fifo_w129_d260_A_ram/SR[0]                                                                                                                              |                3 |              9 |         3.00 |
|  ap_clk      | bd_0_i/hls_inst/inst/axis_to_word_U0/flow_control_loop_pipe_U/E[0]                                                                                                                                                                       |                                                                                                                                                                                                |                3 |              9 |         3.00 |
|  ap_clk      | bd_0_i/hls_inst/inst/axis_to_word_U0/WEBWE[0]                                                                                                                                                                                            | bd_0_i/hls_inst/inst/w_out_U/U_fft_mdf_fifo_w129_d260_A_ram/SR[0]                                                                                                                              |                2 |              9 |         4.50 |
|  ap_clk      | bd_0_i/hls_inst/inst/s0_U/pop                                                                                                                                                                                                            | bd_0_i/hls_inst/inst/w_out_U/U_fft_mdf_fifo_w129_d260_A_ram/SR[0]                                                                                                                              |                2 |              9 |         4.50 |
|  ap_clk      | bd_0_i/hls_inst/inst/Loop_VITIS_LOOP_95_1_proc212_U0/WEBWE[0]                                                                                                                                                                            | bd_0_i/hls_inst/inst/w_out_U/U_fft_mdf_fifo_w129_d260_A_ram/SR[0]                                                                                                                              |                3 |              9 |         3.00 |
|  ap_clk      | bd_0_i/hls_inst/inst/s1_U/pop                                                                                                                                                                                                            | bd_0_i/hls_inst/inst/w_out_U/U_fft_mdf_fifo_w129_d260_A_ram/SR[0]                                                                                                                              |                2 |              9 |         4.50 |
|  ap_clk      | bd_0_i/hls_inst/inst/w_in_U/pop                                                                                                                                                                                                          | bd_0_i/hls_inst/inst/w_out_U/U_fft_mdf_fifo_w129_d260_A_ram/SR[0]                                                                                                                              |                4 |              9 |         2.25 |
|  ap_clk      | bd_0_i/hls_inst/inst/Loop_VITIS_LOOP_168_1_proc18_U0/E[0]                                                                                                                                                                                | bd_0_i/hls_inst/inst/w_out_U/U_fft_mdf_fifo_w129_d260_A_ram/SR[0]                                                                                                                              |                4 |             10 |         2.50 |
|  ap_clk      | bd_0_i/hls_inst/inst/Loop_VITIS_LOOP_168_1_proc18_U0/full_n_reg[0]                                                                                                                                                                       | bd_0_i/hls_inst/inst/w_out_U/U_fft_mdf_fifo_w129_d260_A_ram/SR[0]                                                                                                                              |                4 |             10 |         2.50 |
|  ap_clk      | bd_0_i/hls_inst/inst/s6_U/mOutPtr[9]_i_1__6_n_9                                                                                                                                                                                          | bd_0_i/hls_inst/inst/w_out_U/U_fft_mdf_fifo_w129_d260_A_ram/SR[0]                                                                                                                              |                3 |             10 |         3.33 |
|  ap_clk      | bd_0_i/hls_inst/inst/Loop_VITIS_LOOP_168_1_proc819_U0/E[0]                                                                                                                                                                               | bd_0_i/hls_inst/inst/w_out_U/U_fft_mdf_fifo_w129_d260_A_ram/SR[0]                                                                                                                              |                4 |             10 |         2.50 |
|  ap_clk      | bd_0_i/hls_inst/inst/s3_U/num_data_cnt[9]_i_1__3_n_9                                                                                                                                                                                     | bd_0_i/hls_inst/inst/w_out_U/U_fft_mdf_fifo_w129_d260_A_ram/SR[0]                                                                                                                              |                3 |             10 |         3.33 |
|  ap_clk      | bd_0_i/hls_inst/inst/w_in_U/num_data_cnt[9]_i_1_n_9                                                                                                                                                                                      | bd_0_i/hls_inst/inst/w_out_U/U_fft_mdf_fifo_w129_d260_A_ram/SR[0]                                                                                                                              |                3 |             10 |         3.33 |
|  ap_clk      | bd_0_i/hls_inst/inst/s5_U/num_data_cnt[9]_i_1__5_n_9                                                                                                                                                                                     | bd_0_i/hls_inst/inst/w_out_U/U_fft_mdf_fifo_w129_d260_A_ram/SR[0]                                                                                                                              |                3 |             10 |         3.33 |
|  ap_clk      | bd_0_i/hls_inst/inst/Loop_VITIS_LOOP_95_1_proc717_U0/E[0]                                                                                                                                                                                | bd_0_i/hls_inst/inst/w_out_U/U_fft_mdf_fifo_w129_d260_A_ram/SR[0]                                                                                                                              |                4 |             10 |         2.50 |
|  ap_clk      | bd_0_i/hls_inst/inst/s6_U/num_data_cnt[9]_i_1__6_n_9                                                                                                                                                                                     | bd_0_i/hls_inst/inst/w_out_U/U_fft_mdf_fifo_w129_d260_A_ram/SR[0]                                                                                                                              |                4 |             10 |         2.50 |
|  ap_clk      | bd_0_i/hls_inst/inst/s3_U/mOutPtr[9]_i_1__3_n_9                                                                                                                                                                                          | bd_0_i/hls_inst/inst/w_out_U/U_fft_mdf_fifo_w129_d260_A_ram/SR[0]                                                                                                                              |                3 |             10 |         3.33 |
|  ap_clk      | bd_0_i/hls_inst/inst/s5_U/mOutPtr[9]_i_1__5_n_9                                                                                                                                                                                          | bd_0_i/hls_inst/inst/w_out_U/U_fft_mdf_fifo_w129_d260_A_ram/SR[0]                                                                                                                              |                3 |             10 |         3.33 |
|  ap_clk      | bd_0_i/hls_inst/inst/s4_U/mOutPtr[9]_i_1__4_n_9                                                                                                                                                                                          | bd_0_i/hls_inst/inst/w_out_U/U_fft_mdf_fifo_w129_d260_A_ram/SR[0]                                                                                                                              |                3 |             10 |         3.33 |
|  ap_clk      | bd_0_i/hls_inst/inst/s2_U/num_data_cnt[9]_i_1__2_n_9                                                                                                                                                                                     | bd_0_i/hls_inst/inst/w_out_U/U_fft_mdf_fifo_w129_d260_A_ram/SR[0]                                                                                                                              |                4 |             10 |         2.50 |
|  ap_clk      | bd_0_i/hls_inst/inst/s2_U/mOutPtr[9]_i_1__2_n_9                                                                                                                                                                                          | bd_0_i/hls_inst/inst/w_out_U/U_fft_mdf_fifo_w129_d260_A_ram/SR[0]                                                                                                                              |                4 |             10 |         2.50 |
|  ap_clk      | bd_0_i/hls_inst/inst/s4_U/num_data_cnt[9]_i_1__4_n_9                                                                                                                                                                                     | bd_0_i/hls_inst/inst/w_out_U/U_fft_mdf_fifo_w129_d260_A_ram/SR[0]                                                                                                                              |                3 |             10 |         3.33 |
|  ap_clk      | bd_0_i/hls_inst/inst/s0_U/num_data_cnt[9]_i_1__0_n_9                                                                                                                                                                                     | bd_0_i/hls_inst/inst/w_out_U/U_fft_mdf_fifo_w129_d260_A_ram/SR[0]                                                                                                                              |                4 |             10 |         2.50 |
|  ap_clk      | bd_0_i/hls_inst/inst/w_out_U/mOutPtr[9]_i_1__10_n_9                                                                                                                                                                                      | bd_0_i/hls_inst/inst/w_out_U/U_fft_mdf_fifo_w129_d260_A_ram/SR[0]                                                                                                                              |                3 |             10 |         3.33 |
|  ap_clk      | bd_0_i/hls_inst/inst/s0_U/mOutPtr[9]_i_1__0_n_9                                                                                                                                                                                          | bd_0_i/hls_inst/inst/w_out_U/U_fft_mdf_fifo_w129_d260_A_ram/SR[0]                                                                                                                              |                4 |             10 |         2.50 |
|  ap_clk      | bd_0_i/hls_inst/inst/w_out_U/num_data_cnt[9]_i_1__10_n_9                                                                                                                                                                                 | bd_0_i/hls_inst/inst/w_out_U/U_fft_mdf_fifo_w129_d260_A_ram/SR[0]                                                                                                                              |                4 |             10 |         2.50 |
|  ap_clk      | bd_0_i/hls_inst/inst/s1_U/num_data_cnt[9]_i_1__1_n_9                                                                                                                                                                                     | bd_0_i/hls_inst/inst/w_out_U/U_fft_mdf_fifo_w129_d260_A_ram/SR[0]                                                                                                                              |                4 |             10 |         2.50 |
|  ap_clk      | bd_0_i/hls_inst/inst/w_in_U/mOutPtr[9]_i_1_n_9                                                                                                                                                                                           | bd_0_i/hls_inst/inst/w_out_U/U_fft_mdf_fifo_w129_d260_A_ram/SR[0]                                                                                                                              |                3 |             10 |         3.33 |
|  ap_clk      | bd_0_i/hls_inst/inst/s1_U/mOutPtr[9]_i_1__1_n_9                                                                                                                                                                                          | bd_0_i/hls_inst/inst/w_out_U/U_fft_mdf_fifo_w129_d260_A_ram/SR[0]                                                                                                                              |                3 |             10 |         3.33 |
|  ap_clk      | bd_0_i/hls_inst/inst/s9_U/mOutPtr[9]_i_1__9_n_9                                                                                                                                                                                          | bd_0_i/hls_inst/inst/w_out_U/U_fft_mdf_fifo_w129_d260_A_ram/SR[0]                                                                                                                              |                4 |             10 |         2.50 |
|  ap_clk      | bd_0_i/hls_inst/inst/s9_U/num_data_cnt[9]_i_1__9_n_9                                                                                                                                                                                     | bd_0_i/hls_inst/inst/w_out_U/U_fft_mdf_fifo_w129_d260_A_ram/SR[0]                                                                                                                              |                4 |             10 |         2.50 |
|  ap_clk      | bd_0_i/hls_inst/inst/Block_ZL8stage_nfILi1EEvRN3hls6streamI10mdf_word_tLi0EEES4_exit_proc20_U0/grp_Block_ZL8stage_nfILi1EEvRN3hls6streamI10mdf_word_tLi0EEES4_exit_proc20_Pipelin_fu_26/ap_enable_reg_pp0_iter1_reg_1                    | bd_0_i/hls_inst/inst/Block_ZL8stage_nfILi1EEvRN3hls6streamI10mdf_word_tLi0EEES4_exit_proc20_U0/grp_Block_ZL8stage_nfILi1EEvRN3hls6streamI10mdf_word_tLi0EEES4_exit_proc20_Pipelin_fu_26/wr_cnt |                8 |             32 |         4.00 |
|  ap_clk      | bd_0_i/hls_inst/inst/Loop_VITIS_LOOP_95_1_proc616_U0/void_stage_fb_6_2_stream_mdf_word_t_0_stream_mdf_word_t_0_delay_im_13_U/ap_condition_303                                                                                            |                                                                                                                                                                                                |               13 |             35 |         2.69 |
|  ap_clk      | bd_0_i/hls_inst/inst/Loop_VITIS_LOOP_95_1_proc717_U0/am_addmul_16s_16s_16s_31_4_1_U161/fft_mdf_am_addmul_16s_16s_16s_31_4_1_DSP48_3_U/ap_condition_1167                                                                                  |                                                                                                                                                                                                |               15 |             48 |         3.20 |
|  ap_clk      | bd_0_i/hls_inst/inst/Loop_VITIS_LOOP_95_1_proc717_U0/ap_condition_196                                                                                                                                                                    |                                                                                                                                                                                                |               22 |             67 |         3.05 |
|  ap_clk      | bd_0_i/hls_inst/inst/Loop_VITIS_LOOP_95_1_proc717_U0/mac_muladd_16s_16s_31s_31_4_1_U160/fft_mdf_mac_muladd_16s_16s_31s_31_4_1_DSP48_0_U/E[0]                                                                                             |                                                                                                                                                                                                |               18 |             80 |         4.44 |
|  ap_clk      |                                                                                                                                                                                                                                          |                                                                                                                                                                                                |               79 |            102 |         1.29 |
|  ap_clk      | bd_0_i/hls_inst/inst/Loop_VITIS_LOOP_95_1_proc414_U0/void_stage_fb_4_8_stream_mdf_word_t_0_stream_mdf_word_t_0_delay_im_25_U/ap_condition_341                                                                                            | bd_0_i/hls_inst/inst/Loop_VITIS_LOOP_95_1_proc414_U0/ap_phi_reg_pp0_iter4_out_re_44_reg_419[15]_i_1_n_9                                                                                        |               40 |            128 |         3.20 |
|  ap_clk      | bd_0_i/hls_inst/inst/Loop_VITIS_LOOP_95_1_proc212_U0/void_stage_fb_2_32_stream_mdf_word_t_0_stream_mdf_word_t_0_delay_im_37_U/ap_condition_345                                                                                           | bd_0_i/hls_inst/inst/Loop_VITIS_LOOP_95_1_proc212_U0/ap_phi_reg_pp0_iter4_out_re_65_reg_421[15]_i_1_n_9                                                                                        |               40 |            128 |         3.20 |
|  ap_clk      | bd_0_i/hls_inst/inst/Loop_VITIS_LOOP_95_1_proc515_U0/void_stage_fb_5_4_stream_mdf_word_t_0_stream_mdf_word_t_0_delay_im_19_U/ap_condition_333                                                                                            | bd_0_i/hls_inst/inst/Loop_VITIS_LOOP_95_1_proc515_U0/ap_phi_reg_pp0_iter4_out_re_33_reg_395[15]_i_1_n_9                                                                                        |               40 |            128 |         3.20 |
|  ap_clk      | bd_0_i/hls_inst/inst/axis_to_word_U0/regslice_both_s_in_V_data_V_U/B_V_data_1_load_A                                                                                                                                                     |                                                                                                                                                                                                |               30 |            128 |         4.27 |
|  ap_clk      | bd_0_i/hls_inst/inst/Loop_VITIS_LOOP_95_1_proc10_U0/void_stage_fb_0_128_stream_mdf_word_t_0_stream_mdf_word_t_0_delay_im_49_U/ap_condition_345                                                                                           | bd_0_i/hls_inst/inst/Loop_VITIS_LOOP_95_1_proc10_U0/ap_phi_reg_pp0_iter4_out_re_30_reg_412[15]_i_1_n_9                                                                                         |               40 |            128 |         3.20 |
|  ap_clk      | bd_0_i/hls_inst/inst/axis_to_word_U0/regslice_both_s_in_V_data_V_U/B_V_data_1_load_B                                                                                                                                                     |                                                                                                                                                                                                |               30 |            128 |         4.27 |
|  ap_clk      | bd_0_i/hls_inst/inst/Loop_VITIS_LOOP_95_1_proc111_U0/void_stage_fb_1_64_stream_mdf_word_t_0_stream_mdf_word_t_0_delay_im_43_U/ap_condition_345                                                                                           | bd_0_i/hls_inst/inst/Loop_VITIS_LOOP_95_1_proc111_U0/ap_phi_reg_pp0_iter4_out_re_42_reg_412[15]_i_1_n_9                                                                                        |               40 |            128 |         3.20 |
|  ap_clk      | bd_0_i/hls_inst/inst/Loop_VITIS_LOOP_95_1_proc717_U0/ap_condition_196                                                                                                                                                                    | bd_0_i/hls_inst/inst/Loop_VITIS_LOOP_95_1_proc717_U0/ap_phi_reg_pp0_iter4_out_re_11_reg_163[15]_i_1_n_9                                                                                        |               43 |            128 |         2.98 |
|  ap_clk      | bd_0_i/hls_inst/inst/Loop_VITIS_LOOP_95_1_proc313_U0/void_stage_fb_3_16_stream_mdf_word_t_0_stream_mdf_word_t_0_delay_im_31_U/ap_condition_345                                                                                           | bd_0_i/hls_inst/inst/Loop_VITIS_LOOP_95_1_proc313_U0/ap_phi_reg_pp0_iter4_out_re_55_reg_421[15]_i_1_n_9                                                                                        |               40 |            128 |         3.20 |
|  ap_clk      | bd_0_i/hls_inst/inst/Loop_VITIS_LOOP_95_1_proc616_U0/void_stage_fb_6_2_stream_mdf_word_t_0_stream_mdf_word_t_0_delay_im_13_U/ap_condition_303                                                                                            | bd_0_i/hls_inst/inst/Loop_VITIS_LOOP_95_1_proc616_U0/ap_phi_reg_pp0_iter4_out_re_22_reg_317[15]_i_1_n_9                                                                                        |               40 |            128 |         3.20 |
|  ap_clk      | bd_0_i/hls_inst/inst/word_to_axis_U0/regslice_both_s_out_V_data_V_U/B_V_data_1_load_B                                                                                                                                                    |                                                                                                                                                                                                |               34 |            128 |         3.76 |
|  ap_clk      | bd_0_i/hls_inst/inst/word_to_axis_U0/regslice_both_s_out_V_data_V_U/B_V_data_1_load_A                                                                                                                                                    |                                                                                                                                                                                                |               30 |            128 |         4.27 |
|  ap_clk      | bd_0_i/hls_inst/inst/axis_to_word_U0/regslice_both_s_in_V_data_V_U/E[0]                                                                                                                                                                  |                                                                                                                                                                                                |               27 |            130 |         4.81 |
|  ap_clk      | bd_0_i/hls_inst/inst/Loop_read_loop_proc_U0/ap_NS_iter2_fsm1                                                                                                                                                                             |                                                                                                                                                                                                |               22 |            130 |         5.91 |
|  ap_clk      | bd_0_i/hls_inst/inst/Loop_VITIS_LOOP_95_1_proc515_U0/ap_NS_iter5_fsm18_out                                                                                                                                                               |                                                                                                                                                                                                |               56 |            131 |         2.34 |
|  ap_clk      | bd_0_i/hls_inst/inst/Loop_VITIS_LOOP_95_1_proc717_U0/ap_NS_iter3_fsm1                                                                                                                                                                    |                                                                                                                                                                                                |               52 |            131 |         2.52 |
|  ap_clk      | bd_0_i/hls_inst/inst/Loop_VITIS_LOOP_95_1_proc717_U0/ap_NS_iter2_fsm1                                                                                                                                                                    |                                                                                                                                                                                                |               42 |            131 |         3.12 |
|  ap_clk      | bd_0_i/hls_inst/inst/Loop_VITIS_LOOP_95_1_proc10_U0/ap_NS_iter5_fsm118_out                                                                                                                                                               |                                                                                                                                                                                                |               49 |            131 |         2.67 |
|  ap_clk      | bd_0_i/hls_inst/inst/Loop_VITIS_LOOP_95_1_proc111_U0/ap_NS_iter5_fsm116_out                                                                                                                                                              |                                                                                                                                                                                                |               53 |            131 |         2.47 |
|  ap_clk      | bd_0_i/hls_inst/inst/Loop_VITIS_LOOP_95_1_proc212_U0/ap_NS_iter5_fsm18_out                                                                                                                                                               |                                                                                                                                                                                                |               60 |            131 |         2.18 |
|  ap_clk      | bd_0_i/hls_inst/inst/Loop_VITIS_LOOP_95_1_proc313_U0/ap_NS_iter5_fsm18_out                                                                                                                                                               |                                                                                                                                                                                                |               48 |            131 |         2.73 |
|  ap_clk      | bd_0_i/hls_inst/inst/Loop_VITIS_LOOP_95_1_proc414_U0/ap_NS_iter5_fsm18_out                                                                                                                                                               |                                                                                                                                                                                                |               48 |            131 |         2.73 |
|  ap_clk      | bd_0_i/hls_inst/inst/Loop_VITIS_LOOP_168_1_proc819_U0/ap_NS_iter2_fsm1                                                                                                                                                                   |                                                                                                                                                                                                |               46 |            142 |         3.09 |
|  ap_clk      | bd_0_i/hls_inst/inst/Loop_VITIS_LOOP_168_1_proc18_U0/ap_NS_iter2_fsm1                                                                                                                                                                    |                                                                                                                                                                                                |               46 |            142 |         3.09 |
|  ap_clk      | bd_0_i/hls_inst/inst/Loop_VITIS_LOOP_95_1_proc616_U0/p_7_in                                                                                                                                                                              |                                                                                                                                                                                                |               62 |            146 |         2.35 |
|  ap_clk      | bd_0_i/hls_inst/inst/Loop_VITIS_LOOP_95_1_proc414_U0/TW_SIN_LUT26_U/TW_COS_LUT21_ce0                                                                                                                                                     |                                                                                                                                                                                                |               66 |            147 |         2.23 |
|  ap_clk      | bd_0_i/hls_inst/inst/Loop_VITIS_LOOP_95_1_proc515_U0/TW_SIN_LUT_U/E[0]                                                                                                                                                                   |                                                                                                                                                                                                |               69 |            147 |         2.13 |
|  ap_clk      | bd_0_i/hls_inst/inst/Loop_VITIS_LOOP_95_1_proc313_U0/TW_SIN_LUT27_U/TW_COS_LUT22_ce0                                                                                                                                                     |                                                                                                                                                                                                |               79 |            148 |         1.87 |
|  ap_clk      | bd_0_i/hls_inst/inst/Loop_VITIS_LOOP_95_1_proc212_U0/TW_SIN_LUT28_U/TW_COS_LUT23_ce0                                                                                                                                                     |                                                                                                                                                                                                |               59 |            149 |         2.53 |
|  ap_clk      | bd_0_i/hls_inst/inst/Loop_VITIS_LOOP_95_1_proc111_U0/TW_SIN_LUT29_U/TW_COS_LUT24_ce0                                                                                                                                                     |                                                                                                                                                                                                |               55 |            150 |         2.73 |
|  ap_clk      | bd_0_i/hls_inst/inst/Loop_VITIS_LOOP_95_1_proc10_U0/TW_SIN_LUT30_U/TW_COS_LUT25_ce0                                                                                                                                                      |                                                                                                                                                                                                |               53 |            151 |         2.85 |
|  ap_clk      | bd_0_i/hls_inst/inst/Loop_VITIS_LOOP_95_1_proc616_U0/ap_NS_iter5_fsm19_out                                                                                                                                                               |                                                                                                                                                                                                |               54 |            163 |         3.02 |
|  ap_clk      |                                                                                                                                                                                                                                          | bd_0_i/hls_inst/inst/w_out_U/U_fft_mdf_fifo_w129_d260_A_ram/SR[0]                                                                                                                              |               92 |            180 |         1.96 |
|  ap_clk      | bd_0_i/hls_inst/inst/Loop_VITIS_LOOP_95_1_proc616_U0/mac_muladd_16s_16s_31s_31_4_1_U150/fft_mdf_mac_muladd_16s_16s_31s_31_4_1_DSP48_0_U/ap_NS_iter3_fsm1                                                                                 |                                                                                                                                                                                                |               80 |            228 |         2.85 |
|  ap_clk      | bd_0_i/hls_inst/inst/Loop_VITIS_LOOP_95_1_proc515_U0/mac_muladd_16s_16s_31s_31_4_1_U132/fft_mdf_mac_muladd_16s_16s_31s_31_4_1_DSP48_0_U/ap_NS_iter3_fsm1                                                                                 |                                                                                                                                                                                                |               93 |            261 |         2.81 |
|  ap_clk      | bd_0_i/hls_inst/inst/Loop_VITIS_LOOP_95_1_proc414_U0/mac_muladd_16s_16s_31s_31_4_1_U111/fft_mdf_mac_muladd_16s_16s_31s_31_4_1_DSP48_0_U/ap_NS_iter3_fsm1                                                                                 |                                                                                                                                                                                                |               92 |            262 |         2.85 |
|  ap_clk      | bd_0_i/hls_inst/inst/Loop_VITIS_LOOP_95_1_proc313_U0/mac_muladd_16s_16s_31s_31_4_1_U92/fft_mdf_mac_muladd_16s_16s_31s_31_4_1_DSP48_0_U/ap_NS_iter3_fsm1                                                                                  |                                                                                                                                                                                                |               89 |            263 |         2.96 |
|  ap_clk      | bd_0_i/hls_inst/inst/Loop_VITIS_LOOP_95_1_proc212_U0/mac_muladd_16s_16s_31s_31_4_1_U73/fft_mdf_mac_muladd_16s_16s_31s_31_4_1_DSP48_0_U/ap_NS_iter3_fsm1                                                                                  |                                                                                                                                                                                                |               90 |            264 |         2.93 |
|  ap_clk      | bd_0_i/hls_inst/inst/Loop_VITIS_LOOP_95_1_proc111_U0/mac_muladd_16s_16s_31s_31_4_1_U54/fft_mdf_mac_muladd_16s_16s_31s_31_4_1_DSP48_0_U/ap_NS_iter3_fsm1                                                                                  |                                                                                                                                                                                                |               94 |            289 |         3.07 |
|  ap_clk      | bd_0_i/hls_inst/inst/Loop_VITIS_LOOP_95_1_proc10_U0/mac_muladd_16s_16s_31s_31_4_1_U30/fft_mdf_mac_muladd_16s_16s_31s_31_4_1_DSP48_0_U/ap_NS_iter3_fsm1                                                                                   |                                                                                                                                                                                                |               96 |            290 |         3.02 |
+--------------+------------------------------------------------------------------------------------------------------------------------------------------------------------------------------------------------------------------------------------------+------------------------------------------------------------------------------------------------------------------------------------------------------------------------------------------------+------------------+----------------+--------------+


