

================================================================
== Synthesis Summary Report of 'fft_serial'
================================================================
+ General Information: 
    * Date:           Tue Jun 30 20:48:50 2026
    * Version:        2023.2 (Build 4023990 on Oct 11 2023)
    * Project:        serial_fft_hls
    * Solution:       solution1 (Vivado IP Flow Target)
    * Product family: artix7
    * Target device:  xc7a200t-fbg676-2
    

+ Performance & Resource Estimates: 
    
    PS: '+' for module; 'o' for loop; '*' for dataflow
    +------------------------------------+--------+-------+---------+-----------+----------+---------+------+----------+---------+---------+-----------+-------------+-----+
    |               Modules              |  Issue |       | Latency |  Latency  | Iteration|         | Trip |          |         |         |           |             |     |
    |               & Loops              |  Type  | Slack | (cycles)|    (ns)   |  Latency | Interval| Count| Pipelined|  BRAM   |   DSP   |     FF    |     LUT     | URAM|
    +------------------------------------+--------+-------+---------+-----------+----------+---------+------+----------+---------+---------+-----------+-------------+-----+
    |+ fft_serial                        |  Timing|  -3.68|    39027|  4.286e+05|         -|    39028|     -|        no|  10 (1%)|  38 (5%)|  7313 (2%)|  17865 (13%)|    -|
    | + fft_serial_Pipeline_load_loop    |       -|   0.00|     2059|  2.059e+04|         -|     2059|     -|        no|        -|        -|  341 (~0%)|    340 (~0%)|    -|
    |  o load_loop                       |      II|   7.30|     2057|  2.057e+04|        12|        2|  1024|       yes|        -|        -|          -|            -|    -|
    | + fft_serial_Pipeline_bfly_loop    |       -|   2.69|      518|  5.180e+03|         -|      518|     -|        no|        -|  2 (~0%)|  537 (~0%)|    437 (~0%)|    -|
    |  o bfly_loop                       |       -|   7.30|      516|  5.160e+03|         6|        1|   512|       yes|        -|        -|          -|            -|    -|
    | + fft_serial_Pipeline_scan_loop    |       -|   0.38|     1026|  1.026e+04|         -|     1026|     -|        no|        -|        -|   23 (~0%)|    166 (~0%)|    -|
    |  o scan_loop                       |       -|   7.30|     1024|  1.024e+04|         2|        1|  1024|       yes|        -|        -|          -|            -|    -|
    | + fft_serial_Pipeline_bfly_loop1   |  Timing|  -1.80|     3586|  3.586e+04|         -|     3586|     -|        no|        -|  4 (~0%)|  300 (~0%)|    938 (~0%)|    -|
    |  o bfly_loop                       |      II|   7.30|     3584|  3.584e+04|         7|        7|   512|       yes|        -|        -|          -|            -|    -|
    | + fft_serial_Pipeline_scan_loop2   |       -|   0.38|     1026|  1.026e+04|         -|     1026|     -|        no|        -|        -|   23 (~0%)|    166 (~0%)|    -|
    |  o scan_loop                       |       -|   7.30|     1024|  1.024e+04|         2|        1|  1024|       yes|        -|        -|          -|            -|    -|
    | + fft_serial_Pipeline_bfly_loop3   |  Timing|  -3.68|     2562|  2.814e+04|         -|     2562|     -|        no|        -|  4 (~0%)|  404 (~0%)|   1010 (~0%)|    -|
    |  o bfly_loop                       |      II|   7.30|     2560|  2.812e+04|         6|        5|   512|       yes|        -|        -|          -|            -|    -|
    | + fft_serial_Pipeline_scan_loop4   |       -|   0.38|     1026|  1.026e+04|         -|     1026|     -|        no|        -|        -|   23 (~0%)|    166 (~0%)|    -|
    |  o scan_loop                       |       -|   7.30|     1024|  1.024e+04|         2|        1|  1024|       yes|        -|        -|          -|            -|    -|
    | + fft_serial_Pipeline_bfly_loop5   |  Timing|  -3.68|     2562|  2.814e+04|         -|     2562|     -|        no|        -|  4 (~0%)|  404 (~0%)|   1026 (~0%)|    -|
    |  o bfly_loop                       |      II|   7.30|     2560|  2.812e+04|         6|        5|   512|       yes|        -|        -|          -|            -|    -|
    | + fft_serial_Pipeline_scan_loop6   |       -|   0.38|     1026|  1.026e+04|         -|     1026|     -|        no|        -|        -|   23 (~0%)|    166 (~0%)|    -|
    |  o scan_loop                       |       -|   7.30|     1024|  1.024e+04|         2|        1|  1024|       yes|        -|        -|          -|            -|    -|
    | + fft_serial_Pipeline_bfly_loop7   |  Timing|  -3.68|     2562|  2.814e+04|         -|     2562|     -|        no|        -|  4 (~0%)|  404 (~0%)|   1026 (~0%)|    -|
    |  o bfly_loop                       |      II|   7.30|     2560|  2.812e+04|         6|        5|   512|       yes|        -|        -|          -|            -|    -|
    | + fft_serial_Pipeline_scan_loop8   |       -|   0.38|     1026|  1.026e+04|         -|     1026|     -|        no|        -|        -|   23 (~0%)|    166 (~0%)|    -|
    |  o scan_loop                       |       -|   7.30|     1024|  1.024e+04|         2|        1|  1024|       yes|        -|        -|          -|            -|    -|
    | + fft_serial_Pipeline_bfly_loop9   |  Timing|  -3.68|     2562|  2.814e+04|         -|     2562|     -|        no|        -|  4 (~0%)|  404 (~0%)|   1026 (~0%)|    -|
    |  o bfly_loop                       |      II|   7.30|     2560|  2.812e+04|         6|        5|   512|       yes|        -|        -|          -|            -|    -|
    | + fft_serial_Pipeline_scan_loop10  |       -|   0.38|     1026|  1.026e+04|         -|     1026|     -|        no|        -|        -|   23 (~0%)|    166 (~0%)|    -|
    |  o scan_loop                       |       -|   7.30|     1024|  1.024e+04|         2|        1|  1024|       yes|        -|        -|          -|            -|    -|
    | + fft_serial_Pipeline_bfly_loop11  |  Timing|  -3.68|     2562|  2.814e+04|         -|     2562|     -|        no|        -|  4 (~0%)|  404 (~0%)|   1026 (~0%)|    -|
    |  o bfly_loop                       |      II|   7.30|     2560|  2.812e+04|         6|        5|   512|       yes|        -|        -|          -|            -|    -|
    | + fft_serial_Pipeline_scan_loop12  |       -|   0.38|     1026|  1.026e+04|         -|     1026|     -|        no|        -|        -|   23 (~0%)|    166 (~0%)|    -|
    |  o scan_loop                       |       -|   7.30|     1024|  1.024e+04|         2|        1|  1024|       yes|        -|        -|          -|            -|    -|
    | + fft_serial_Pipeline_bfly_loop13  |  Timing|  -3.68|     2562|  2.814e+04|         -|     2562|     -|        no|        -|  4 (~0%)|  404 (~0%)|   1026 (~0%)|    -|
    |  o bfly_loop                       |      II|   7.30|     2560|  2.812e+04|         6|        5|   512|       yes|        -|        -|          -|            -|    -|
    | + fft_serial_Pipeline_scan_loop14  |       -|   0.38|     1026|  1.026e+04|         -|     1026|     -|        no|        -|        -|   23 (~0%)|    166 (~0%)|    -|
    |  o scan_loop                       |       -|   7.30|     1024|  1.024e+04|         2|        1|  1024|       yes|        -|        -|          -|            -|    -|
    | + fft_serial_Pipeline_bfly_loop15  |  Timing|  -3.68|     2562|  2.814e+04|         -|     2562|     -|        no|        -|  4 (~0%)|  404 (~0%)|   1026 (~0%)|    -|
    |  o bfly_loop                       |      II|   7.30|     2560|  2.812e+04|         6|        5|   512|       yes|        -|        -|          -|            -|    -|
    | + fft_serial_Pipeline_scan_loop16  |       -|   0.38|     1026|  1.026e+04|         -|     1026|     -|        no|        -|        -|   23 (~0%)|    166 (~0%)|    -|
    |  o scan_loop                       |       -|   7.30|     1024|  1.024e+04|         2|        1|  1024|       yes|        -|        -|          -|            -|    -|
    | + fft_serial_Pipeline_bfly_loop17  |  Timing|  -3.68|     2562|  2.814e+04|         -|     2562|     -|        no|        -|  4 (~0%)|  404 (~0%)|   1017 (~0%)|    -|
    |  o bfly_loop                       |      II|   7.30|     2560|  2.812e+04|         6|        5|   512|       yes|        -|        -|          -|            -|    -|
    | + fft_serial_Pipeline_scan_loop18  |       -|   0.38|     1026|  1.026e+04|         -|     1026|     -|        no|        -|        -|   23 (~0%)|    166 (~0%)|    -|
    |  o scan_loop                       |       -|   7.30|     1024|  1.024e+04|         2|        1|  1024|       yes|        -|        -|          -|            -|    -|
    | + fft_serial_Pipeline_store_loop   |       -|   0.00|     2056|  2.056e+04|         -|     2056|     -|        no|        -|        -|  248 (~0%)|    404 (~0%)|    -|
    |  o store_loop                      |      II|   7.30|     2054|  2.054e+04|         9|        2|  1024|       yes|        -|        -|          -|            -|    -|
    +------------------------------------+--------+-------+---------+-----------+----------+---------+------+----------+---------+---------+-----------+-------------+-----+


================================================================
== HW Interfaces
================================================================
* M_AXI
+---------------+------------+---------------+---------+--------+----------+-----------+--------------+--------------+-------------+-------------+-------------------+
| Interface     | Data Width | Address Width | Latency | Offset | Register | Max Widen | Max Read     | Max Write    | Num Read    | Num Write   | Resource Estimate |
|               | (SW->HW)   |               |         |        |          | Bitwidth  | Burst Length | Burst Length | Outstanding | Outstanding |                   |
+---------------+------------+---------------+---------+--------+----------+-----------+--------------+--------------+-------------+-------------+-------------------+
| m_axi_AXI_IN  | 16 -> 16   | 64            | 0       | slave  | 0        | 0         | 16           | 16           | 16          | 16          | BRAM=2            |
| m_axi_AXI_OUT | 16 -> 16   | 64            | 0       | slave  | 0        | 0         | 16           | 16           | 16          | 16          | BRAM=2            |
+---------------+------------+---------------+---------+--------+----------+-----------+--------------+--------------+-------------+-------------+-------------------+

* S_AXILITE Interfaces
+---------------+------------+---------------+--------+----------+
| Interface     | Data Width | Address Width | Offset | Register |
+---------------+------------+---------------+--------+----------+
| s_axi_control | 32         | 7             | 16     | 0        |
+---------------+------------+---------------+--------+----------+

* S_AXILITE Registers
+---------------+--------------+--------+-------+--------+----------------------------------+----------------------------------------------------------------------+
| Interface     | Register     | Offset | Width | Access | Description                      | Bit Fields                                                           |
+---------------+--------------+--------+-------+--------+----------------------------------+----------------------------------------------------------------------+
| s_axi_control | CTRL         | 0x00   | 32    | RW     | Control signals                  | 0=AP_START 1=AP_DONE 2=AP_IDLE 3=AP_READY 7=AUTO_RESTART 9=INTERRUPT |
| s_axi_control | GIER         | 0x04   | 32    | RW     | Global Interrupt Enable Register | 0=Enable                                                             |
| s_axi_control | IP_IER       | 0x08   | 32    | RW     | IP Interrupt Enable Register     | 0=CHAN0_INT_EN 1=CHAN1_INT_EN                                        |
| s_axi_control | IP_ISR       | 0x0c   | 32    | RW     | IP Interrupt Status Register     | 0=CHAN0_INT_ST 1=CHAN1_INT_ST                                        |
| s_axi_control | in_re_1      | 0x10   | 32    | W      | Data signal of in_re             |                                                                      |
| s_axi_control | in_re_2      | 0x14   | 32    | W      | Data signal of in_re             |                                                                      |
| s_axi_control | in_im_1      | 0x1c   | 32    | W      | Data signal of in_im             |                                                                      |
| s_axi_control | in_im_2      | 0x20   | 32    | W      | Data signal of in_im             |                                                                      |
| s_axi_control | out_re_1     | 0x28   | 32    | W      | Data signal of out_re            |                                                                      |
| s_axi_control | out_re_2     | 0x2c   | 32    | W      | Data signal of out_re            |                                                                      |
| s_axi_control | out_im_1     | 0x34   | 32    | W      | Data signal of out_im            |                                                                      |
| s_axi_control | out_im_2     | 0x38   | 32    | W      | Data signal of out_im            |                                                                      |
| s_axi_control | blk_exp      | 0x40   | 32    | R      | Data signal of blk_exp           |                                                                      |
| s_axi_control | blk_exp_ctrl | 0x44   | 32    | R      | Control signal of blk_exp        | 0=blk_exp_ap_vld                                                     |
+---------------+--------------+--------+-------+--------+----------------------------------+----------------------------------------------------------------------+

* TOP LEVEL CONTROL
+-----------+------------+-----------+
| Interface | Type       | Ports     |
+-----------+------------+-----------+
| ap_clk    | clock      | ap_clk    |
| ap_rst_n  | reset      | ap_rst_n  |
| interrupt | interrupt  | interrupt |
| ap_ctrl   | ap_ctrl_hs |           |
+-----------+------------+-----------+


================================================================
== SW I/O Information
================================================================
* Top Function Arguments
+----------+-----------+--------------+
| Argument | Direction | Datatype     |
+----------+-----------+--------------+
| in_re    | in        | short*       |
| in_im    | in        | short*       |
| out_re   | out       | short*       |
| out_im   | out       | short*       |
| blk_exp  | out       | signed char* |
+----------+-----------+--------------+

* SW-to-HW Mapping
+----------+---------------+-----------+----------+----------------------------------------+
| Argument | HW Interface  | HW Type   | HW Usage | HW Info                                |
+----------+---------------+-----------+----------+----------------------------------------+
| in_re    | m_axi_AXI_IN  | interface |          |                                        |
| in_re    | s_axi_control | register  | offset   | name=in_re_1 offset=0x10 range=32      |
| in_re    | s_axi_control | register  | offset   | name=in_re_2 offset=0x14 range=32      |
| in_im    | m_axi_AXI_IN  | interface |          |                                        |
| in_im    | s_axi_control | register  | offset   | name=in_im_1 offset=0x1c range=32      |
| in_im    | s_axi_control | register  | offset   | name=in_im_2 offset=0x20 range=32      |
| out_re   | m_axi_AXI_OUT | interface |          |                                        |
| out_re   | s_axi_control | register  | offset   | name=out_re_1 offset=0x28 range=32     |
| out_re   | s_axi_control | register  | offset   | name=out_re_2 offset=0x2c range=32     |
| out_im   | m_axi_AXI_OUT | interface |          |                                        |
| out_im   | s_axi_control | register  | offset   | name=out_im_1 offset=0x34 range=32     |
| out_im   | s_axi_control | register  | offset   | name=out_im_2 offset=0x38 range=32     |
| blk_exp  | s_axi_control | register  |          | name=blk_exp offset=0x40 range=32      |
| blk_exp  | s_axi_control | register  |          | name=blk_exp_ctrl offset=0x44 range=32 |
+----------+---------------+-----------+----------+----------------------------------------+


================================================================
== M_AXI Burst Information
================================================================
 Note: All burst requests might be further partitioned into multiple requests during RTL generation based on max_read_burst_length or max_write_burst_length settings.

* All M_AXI Variable Accesses
+---------------+----------+----------------------------------+-----------+--------------+--------+------------+----------------------------------+------------+-------------------------------------------------------------------------------------------------------+
| HW Interface  | Variable | Access Location                  | Direction | Burst Status | Length | Loop       | Loop Location                    | Resolution | Problem                                                                                               |
+---------------+----------+----------------------------------+-----------+--------------+--------+------------+----------------------------------+------------+-------------------------------------------------------------------------------------------------------+
| m_axi_AXI_IN  |          | serial_fft/fft_serial.cpp:219:13 | read      | Fail         |        |            |                                  | 214-224    | Could not burst due to multiple potential reads to the same bundle in the same region.                |
| m_axi_AXI_IN  | in_re    | serial_fft/fft_serial.cpp:222:29 | read      | Widen Fail   |        | load_loop  | serial_fft/fft_serial.cpp:219:13 | 214-353    | Could not widen since type i16 size is greater than or equal to the max_widen_bitwidth threshold of 0 |
| m_axi_AXI_IN  | in_re    | serial_fft/fft_serial.cpp:222:29 | read      | Inferred     | 1024   | load_loop  | serial_fft/fft_serial.cpp:219:13 |            |                                                                                                       |
| m_axi_AXI_IN  | in_im    | serial_fft/fft_serial.cpp:223:29 | read      | Widen Fail   |        | load_loop  | serial_fft/fft_serial.cpp:219:13 | 214-353    | Could not widen since type i16 size is greater than or equal to the max_widen_bitwidth threshold of 0 |
| m_axi_AXI_IN  | in_im    | serial_fft/fft_serial.cpp:223:29 | read      | Inferred     | 1024   | load_loop  | serial_fft/fft_serial.cpp:219:13 |            |                                                                                                       |
| m_axi_AXI_OUT |          | serial_fft/fft_serial.cpp:273:17 | write     | Fail         |        |            |                                  | 214-224    | Could not burst due to multiple potential writes to the same bundle in the same region.               |
| m_axi_AXI_OUT | out_re   | serial_fft/fft_serial.cpp:275:12 | write     | Widen Fail   |        | store_loop | serial_fft/fft_serial.cpp:273:17 | 214-353    | Could not widen since type i16 size is greater than or equal to the max_widen_bitwidth threshold of 0 |
| m_axi_AXI_OUT | out_re   | serial_fft/fft_serial.cpp:275:12 | write     | Inferred     | 1024   | store_loop | serial_fft/fft_serial.cpp:273:17 |            |                                                                                                       |
| m_axi_AXI_OUT | out_im   | serial_fft/fft_serial.cpp:276:19 | write     | Widen Fail   |        | store_loop | serial_fft/fft_serial.cpp:273:17 | 214-353    | Could not widen since type i16 size is greater than or equal to the max_widen_bitwidth threshold of 0 |
| m_axi_AXI_OUT | out_im   | serial_fft/fft_serial.cpp:276:19 | write     | Inferred     | 1024   | store_loop | serial_fft/fft_serial.cpp:273:17 |            |                                                                                                       |
+---------------+----------+----------------------------------+-----------+--------------+--------+------------+----------------------------------+------------+-------------------------------------------------------------------------------------------------------+

    * Resolution URL: docs.xilinx.com/access/sources/dita/topic?Doc_Version=2023.2%20English&url=ug1448-hls-guidance&resourceid=XXX-YYY.html (replace XXX-YYY with column value)

================================================================
== Bind Op Report
================================================================
+---------------------------------------+-----+--------+-------------+-----+-----------+---------+
| Name                                  | DSP | Pragma | Variable    | Op  | Impl      | Latency |
+---------------------------------------+-----+--------+-------------+-----+-----------+---------+
| + fft_serial                          | 38  |        |             |     |           |         |
|   add_ln267_fu_1144_p2                |     |        | add_ln267   | add | fabric    | 0       |
|   add_ln267_1_fu_2053_p2              |     |        | add_ln267_1 | add | fabric    | 0       |
|   add_ln267_2_fu_2063_p2              |     |        | add_ln267_2 | add | fabric    | 0       |
|   add_ln267_3_fu_2073_p2              |     |        | add_ln267_3 | add | fabric    | 0       |
|   add_ln267_4_fu_2679_p2              |     |        | add_ln267_4 | add | fabric    | 0       |
|   add_ln267_5_fu_3539_p2              |     |        | add_ln267_5 | add | fabric    | 0       |
|   add_ln267_6_fu_3601_p2              |     |        | add_ln267_6 | add | fabric    | 0       |
|   add_ln267_7_fu_3611_p2              |     |        | add_ln267_7 | add | fabric    | 0       |
|   blk_exp                             |     |        | exponent_2  | add | fabric    | 0       |
|  + fft_serial_Pipeline_load_loop      | 0   |        |             |     |           |         |
|    add_ln219_fu_178_p2                |     |        | add_ln219   | add | fabric    | 0       |
|    add_ln222_fu_198_p2                |     |        | add_ln222   | add | fabric    | 0       |
|    add_ln223_fu_218_p2                |     |        | add_ln223   | add | fabric    | 0       |
|  + fft_serial_Pipeline_bfly_loop      | 2   |        |             |     |           |         |
|    add_ln132_fu_138_p2                |     |        | add_ln132   | add | fabric    | 0       |
|    mul_16s_16ns_32_4_1_U8             | 1   | yes    | p_rr        | mul | dsp       | 0       |
|    mul_16s_16ns_32_4_1_U9             | 1   | yes    | p_ir        | mul | dsp       | 0       |
|    wb_re_fu_211_p2                    |     |        | wb_re       | add | fabric    | 0       |
|    wb_im_fu_217_p2                    |     |        | wb_im       | sub | fabric    | 0       |
|    re_d0                              |     |        | a_re_out    | add | fabric    | 0       |
|    im_d0                              |     |        | a_im_out    | add | fabric    | 0       |
|    re_1_d0                            |     |        | b_re_out    | sub | fabric    | 0       |
|    im_1_d0                            |     |        | b_im_out    | sub | fabric    | 0       |
|  + fft_serial_Pipeline_scan_loop      | 0   |        |             |     |           |         |
|    add_ln188_fu_140_p2                |     |        | add_ln188   | add | fabric    | 0       |
|  + fft_serial_Pipeline_bfly_loop1     | 4   |        |             |     |           |         |
|    bfly_12_fu_236_p2                  |     |        | bfly_12     | add | fabric    | 0       |
|    rounded_fu_585_p2                  |     |        | rounded     | add | fabric    | 0       |
|    rounded_27_fu_643_p2               |     |        | rounded_27  | add | fabric    | 0       |
|    rounded_28_fu_438_p2               |     |        | rounded_28  | add | fabric    | 0       |
|    rounded_29_fu_499_p2               |     |        | rounded_29  | add | fabric    | 0       |
|    mul_16s_16s_32_4_1_U20             | 1   | yes    | mul_ln159   | mul | dsp       | 0       |
|    mac_mulsub_16s_16s_31s_32_4_1_U22  | 1   | yes    | p_ii        | mul | dsp_slice | 3       |
|    mac_muladd_16s_16s_31s_32_4_1_U23  | 1   | yes    | p_ri        | mul | dsp_slice | 3       |
|    mul_16s_16s_32_4_1_U21             | 1   | yes    | mul_ln162   | mul | dsp       | 0       |
|    mac_mulsub_16s_16s_31s_32_4_1_U22  | 1   |        | wb_re       | sub | dsp_slice | 3       |
|    mac_muladd_16s_16s_31s_32_4_1_U23  | 1   |        | wb_im       | add | dsp_slice | 3       |
|    a_re_out_fu_722_p2                 |     |        | a_re_out    | add | fabric    | 0       |
|    a_im_out_fu_733_p2                 |     |        | a_im_out    | add | fabric    | 0       |
|    b_re_out_fu_741_p2                 |     |        | b_re_out    | sub | fabric    | 0       |
|    b_im_out_fu_747_p2                 |     |        | b_im_out    | sub | fabric    | 0       |
|  + fft_serial_Pipeline_scan_loop2     | 0   |        |             |     |           |         |
|    add_ln188_fu_140_p2                |     |        | add_ln188   | add | fabric    | 0       |
|  + fft_serial_Pipeline_bfly_loop3     | 4   |        |             |     |           |         |
|    bfly_6_fu_270_p2                   |     |        | bfly_6      | add | fabric    | 0       |
|    rounded_fu_685_p2                  |     |        | rounded     | add | fabric    | 0       |
|    rounded_10_fu_773_p2               |     |        | rounded_10  | add | fabric    | 0       |
|    rounded_11_fu_497_p2               |     |        | rounded_11  | add | fabric    | 0       |
|    rounded_12_fu_723_p2               |     |        | rounded_12  | add | fabric    | 0       |
|    mul_16s_16s_32_4_1_U37             | 1   | yes    | p_rr        | mul | dsp       | 0       |
|    mac_mulsub_16s_16s_32s_32_1_1_U39  | 1   | yes    | p_ii        | mul | dsp_slice | 0       |
|    mul_16s_16s_32_4_1_U38             | 1   | yes    | p_ri        | mul | dsp       | 0       |
|    mac_muladd_16s_16s_32s_32_1_1_U40  | 1   | yes    | p_ir        | mul | dsp_slice | 0       |
|    mac_mulsub_16s_16s_32s_32_1_1_U39  | 1   |        | wb_re       | sub | dsp_slice | 0       |
|    mac_muladd_16s_16s_32s_32_1_1_U40  | 1   |        | wb_im       | add | dsp_slice | 0       |
|    a_re_out_fu_823_p2                 |     |        | a_re_out    | add | fabric    | 0       |
|    a_im_out_fu_851_p2                 |     |        | a_im_out    | add | fabric    | 0       |
|    b_re_out_fu_831_p2                 |     |        | b_re_out    | sub | fabric    | 0       |
|    b_im_out_fu_859_p2                 |     |        | b_im_out    | sub | fabric    | 0       |
|  + fft_serial_Pipeline_scan_loop4     | 0   |        |             |     |           |         |
|    add_ln188_fu_140_p2                |     |        | add_ln188   | add | fabric    | 0       |
|  + fft_serial_Pipeline_bfly_loop5     | 4   |        |             |     |           |         |
|    bfly_5_fu_278_p2                   |     |        | bfly_5      | add | fabric    | 0       |
|    rounded_fu_721_p2                  |     |        | rounded     | add | fabric    | 0       |
|    rounded_7_fu_809_p2                |     |        | rounded_7   | add | fabric    | 0       |
|    rounded_8_fu_533_p2                |     |        | rounded_8   | add | fabric    | 0       |
|    rounded_9_fu_759_p2                |     |        | rounded_9   | add | fabric    | 0       |
|    sub_ln23_fu_480_p2                 |     |        | sub_ln23    | sub | fabric    | 0       |
|    mul_16s_16s_32_4_1_U55             | 1   | yes    | p_rr        | mul | dsp       | 0       |
|    mac_mulsub_16s_16s_32s_32_1_1_U57  | 1   | yes    | p_ii        | mul | dsp_slice | 0       |
|    mul_16s_16s_32_4_1_U56             | 1   | yes    | p_ri        | mul | dsp       | 0       |
|    mac_muladd_16s_16s_32s_32_1_1_U58  | 1   | yes    | p_ir        | mul | dsp_slice | 0       |
|    mac_mulsub_16s_16s_32s_32_1_1_U57  | 1   |        | wb_re       | sub | dsp_slice | 0       |
|    mac_muladd_16s_16s_32s_32_1_1_U58  | 1   |        | wb_im       | add | dsp_slice | 0       |
|    a_re_out_fu_859_p2                 |     |        | a_re_out    | add | fabric    | 0       |
|    a_im_out_fu_887_p2                 |     |        | a_im_out    | add | fabric    | 0       |
|    b_re_out_fu_867_p2                 |     |        | b_re_out    | sub | fabric    | 0       |
|    b_im_out_fu_895_p2                 |     |        | b_im_out    | sub | fabric    | 0       |
|  + fft_serial_Pipeline_scan_loop6     | 0   |        |             |     |           |         |
|    add_ln188_fu_140_p2                |     |        | add_ln188   | add | fabric    | 0       |
|  + fft_serial_Pipeline_bfly_loop7     | 4   |        |             |     |           |         |
|    bfly_4_fu_282_p2                   |     |        | bfly_4      | add | fabric    | 0       |
|    rounded_fu_739_p2                  |     |        | rounded     | add | fabric    | 0       |
|    rounded_4_fu_827_p2                |     |        | rounded_4   | add | fabric    | 0       |
|    rounded_5_fu_551_p2                |     |        | rounded_5   | add | fabric    | 0       |
|    rounded_6_fu_777_p2                |     |        | rounded_6   | add | fabric    | 0       |
|    sub_ln23_fu_498_p2                 |     |        | sub_ln23    | sub | fabric    | 0       |
|    mul_16s_16s_32_4_1_U71             | 1   | yes    | p_rr        | mul | dsp       | 0       |
|    mac_mulsub_16s_16s_32s_32_1_1_U73  | 1   | yes    | p_ii        | mul | dsp_slice | 0       |
|    mul_16s_16s_32_4_1_U72             | 1   | yes    | p_ri        | mul | dsp       | 0       |
|    mac_muladd_16s_16s_32s_32_1_1_U74  | 1   | yes    | p_ir        | mul | dsp_slice | 0       |
|    mac_mulsub_16s_16s_32s_32_1_1_U73  | 1   |        | wb_re       | sub | dsp_slice | 0       |
|    mac_muladd_16s_16s_32s_32_1_1_U74  | 1   |        | wb_im       | add | dsp_slice | 0       |
|    a_re_out_fu_877_p2                 |     |        | a_re_out    | add | fabric    | 0       |
|    a_im_out_fu_905_p2                 |     |        | a_im_out    | add | fabric    | 0       |
|    b_re_out_fu_885_p2                 |     |        | b_re_out    | sub | fabric    | 0       |
|    b_im_out_fu_913_p2                 |     |        | b_im_out    | sub | fabric    | 0       |
|  + fft_serial_Pipeline_scan_loop8     | 0   |        |             |     |           |         |
|    add_ln188_fu_140_p2                |     |        | add_ln188   | add | fabric    | 0       |
|  + fft_serial_Pipeline_bfly_loop9     | 4   |        |             |     |           |         |
|    bfly_2_fu_278_p2                   |     |        | bfly_2      | add | fabric    | 0       |
|    rounded_fu_735_p2                  |     |        | rounded     | add | fabric    | 0       |
|    rounded_1_fu_823_p2                |     |        | rounded_1   | add | fabric    | 0       |
|    rounded_2_fu_547_p2                |     |        | rounded_2   | add | fabric    | 0       |
|    rounded_3_fu_773_p2                |     |        | rounded_3   | add | fabric    | 0       |
|    sub_ln23_fu_494_p2                 |     |        | sub_ln23    | sub | fabric    | 0       |
|    mul_16s_16s_32_4_1_U87             | 1   | yes    | p_rr        | mul | dsp       | 0       |
|    mac_mulsub_16s_16s_32s_32_1_1_U89  | 1   | yes    | p_ii        | mul | dsp_slice | 0       |
|    mul_16s_16s_32_4_1_U88             | 1   | yes    | p_ri        | mul | dsp       | 0       |
|    mac_muladd_16s_16s_32s_32_1_1_U90  | 1   | yes    | p_ir        | mul | dsp_slice | 0       |
|    mac_mulsub_16s_16s_32s_32_1_1_U89  | 1   |        | wb_re       | sub | dsp_slice | 0       |
|    mac_muladd_16s_16s_32s_32_1_1_U90  | 1   |        | wb_im       | add | dsp_slice | 0       |
|    a_re_out_fu_873_p2                 |     |        | a_re_out    | add | fabric    | 0       |
|    a_im_out_fu_901_p2                 |     |        | a_im_out    | add | fabric    | 0       |
|    b_re_out_fu_881_p2                 |     |        | b_re_out    | sub | fabric    | 0       |
|    b_im_out_fu_909_p2                 |     |        | b_im_out    | sub | fabric    | 0       |
|  + fft_serial_Pipeline_scan_loop10    | 0   |        |             |     |           |         |
|    add_ln188_fu_140_p2                |     |        | add_ln188   | add | fabric    | 0       |
|  + fft_serial_Pipeline_bfly_loop11    | 4   |        |             |     |           |         |
|    bfly_11_fu_282_p2                  |     |        | bfly_11     | add | fabric    | 0       |
|    rounded_fu_739_p2                  |     |        | rounded     | add | fabric    | 0       |
|    rounded_24_fu_827_p2               |     |        | rounded_24  | add | fabric    | 0       |
|    rounded_25_fu_551_p2               |     |        | rounded_25  | add | fabric    | 0       |
|    rounded_26_fu_777_p2               |     |        | rounded_26  | add | fabric    | 0       |
|    sub_ln23_fu_498_p2                 |     |        | sub_ln23    | sub | fabric    | 0       |
|    mul_16s_16s_32_4_1_U103            | 1   | yes    | p_rr        | mul | dsp       | 0       |
|    mac_mulsub_16s_16s_32s_32_1_1_U105 | 1   | yes    | p_ii        | mul | dsp_slice | 0       |
|    mul_16s_16s_32_4_1_U104            | 1   | yes    | p_ri        | mul | dsp       | 0       |
|    mac_muladd_16s_16s_32s_32_1_1_U106 | 1   | yes    | p_ir        | mul | dsp_slice | 0       |
|    mac_mulsub_16s_16s_32s_32_1_1_U105 | 1   |        | wb_re       | sub | dsp_slice | 0       |
|    mac_muladd_16s_16s_32s_32_1_1_U106 | 1   |        | wb_im       | add | dsp_slice | 0       |
|    a_re_out_fu_877_p2                 |     |        | a_re_out    | add | fabric    | 0       |
|    a_im_out_fu_905_p2                 |     |        | a_im_out    | add | fabric    | 0       |
|    b_re_out_fu_885_p2                 |     |        | b_re_out    | sub | fabric    | 0       |
|    b_im_out_fu_913_p2                 |     |        | b_im_out    | sub | fabric    | 0       |
|  + fft_serial_Pipeline_scan_loop12    | 0   |        |             |     |           |         |
|    add_ln188_fu_140_p2                |     |        | add_ln188   | add | fabric    | 0       |
|  + fft_serial_Pipeline_bfly_loop13    | 4   |        |             |     |           |         |
|    bfly_10_fu_278_p2                  |     |        | bfly_10     | add | fabric    | 0       |
|    rounded_fu_735_p2                  |     |        | rounded     | add | fabric    | 0       |
|    rounded_19_fu_823_p2               |     |        | rounded_19  | add | fabric    | 0       |
|    rounded_20_fu_547_p2               |     |        | rounded_20  | add | fabric    | 0       |
|    rounded_21_fu_773_p2               |     |        | rounded_21  | add | fabric    | 0       |
|    sub_ln23_fu_494_p2                 |     |        | sub_ln23    | sub | fabric    | 0       |
|    mul_16s_16s_32_4_1_U119            | 1   | yes    | p_rr        | mul | dsp       | 0       |
|    mac_mulsub_16s_16s_32s_32_1_1_U121 | 1   | yes    | p_ii        | mul | dsp_slice | 0       |
|    mul_16s_16s_32_4_1_U120            | 1   | yes    | p_ri        | mul | dsp       | 0       |
|    mac_muladd_16s_16s_32s_32_1_1_U122 | 1   | yes    | p_ir        | mul | dsp_slice | 0       |
|    mac_mulsub_16s_16s_32s_32_1_1_U121 | 1   |        | wb_re       | sub | dsp_slice | 0       |
|    mac_muladd_16s_16s_32s_32_1_1_U122 | 1   |        | wb_im       | add | dsp_slice | 0       |
|    a_re_out_fu_873_p2                 |     |        | a_re_out    | add | fabric    | 0       |
|    a_im_out_fu_901_p2                 |     |        | a_im_out    | add | fabric    | 0       |
|    b_re_out_fu_881_p2                 |     |        | b_re_out    | sub | fabric    | 0       |
|    b_im_out_fu_909_p2                 |     |        | b_im_out    | sub | fabric    | 0       |
|  + fft_serial_Pipeline_scan_loop14    | 0   |        |             |     |           |         |
|    add_ln188_fu_140_p2                |     |        | add_ln188   | add | fabric    | 0       |
|  + fft_serial_Pipeline_bfly_loop15    | 4   |        |             |     |           |         |
|    bfly_8_fu_276_p2                   |     |        | bfly_8      | add | fabric    | 0       |
|    rounded_fu_731_p2                  |     |        | rounded     | add | fabric    | 0       |
|    rounded_16_fu_819_p2               |     |        | rounded_16  | add | fabric    | 0       |
|    rounded_17_fu_543_p2               |     |        | rounded_17  | add | fabric    | 0       |
|    rounded_18_fu_769_p2               |     |        | rounded_18  | add | fabric    | 0       |
|    sub_ln23_fu_490_p2                 |     |        | sub_ln23    | sub | fabric    | 0       |
|    mul_16s_16s_32_4_1_U135            | 1   | yes    | p_rr        | mul | dsp       | 0       |
|    mac_mulsub_16s_16s_32s_32_1_1_U137 | 1   | yes    | p_ii        | mul | dsp_slice | 0       |
|    mul_16s_16s_32_4_1_U136            | 1   | yes    | p_ri        | mul | dsp       | 0       |
|    mac_muladd_16s_16s_32s_32_1_1_U138 | 1   | yes    | p_ir        | mul | dsp_slice | 0       |
|    mac_mulsub_16s_16s_32s_32_1_1_U137 | 1   |        | wb_re       | sub | dsp_slice | 0       |
|    mac_muladd_16s_16s_32s_32_1_1_U138 | 1   |        | wb_im       | add | dsp_slice | 0       |
|    a_re_out_fu_869_p2                 |     |        | a_re_out    | add | fabric    | 0       |
|    a_im_out_fu_897_p2                 |     |        | a_im_out    | add | fabric    | 0       |
|    b_re_out_fu_877_p2                 |     |        | b_re_out    | sub | fabric    | 0       |
|    b_im_out_fu_905_p2                 |     |        | b_im_out    | sub | fabric    | 0       |
|  + fft_serial_Pipeline_scan_loop16    | 0   |        |             |     |           |         |
|    add_ln188_fu_140_p2                |     |        | add_ln188   | add | fabric    | 0       |
|  + fft_serial_Pipeline_bfly_loop17    | 4   |        |             |     |           |         |
|    add_ln132_fu_270_p2                |     |        | add_ln132   | add | fabric    | 0       |
|    rounded_fu_701_p2                  |     |        | rounded     | add | fabric    | 0       |
|    rounded_13_fu_789_p2               |     |        | rounded_13  | add | fabric    | 0       |
|    rounded_14_fu_513_p2               |     |        | rounded_14  | add | fabric    | 0       |
|    rounded_15_fu_739_p2               |     |        | rounded_15  | add | fabric    | 0       |
|    sub_ln23_fu_460_p2                 |     |        | sub_ln23    | sub | fabric    | 0       |
|    mul_16s_16s_32_4_1_U151            | 1   | yes    | p_rr        | mul | dsp       | 0       |
|    mac_mulsub_16s_16s_32s_32_1_1_U153 | 1   | yes    | p_ii        | mul | dsp_slice | 0       |
|    mul_16s_16s_32_4_1_U152            | 1   | yes    | p_ri        | mul | dsp       | 0       |
|    mac_muladd_16s_16s_32s_32_1_1_U154 | 1   | yes    | p_ir        | mul | dsp_slice | 0       |
|    mac_mulsub_16s_16s_32s_32_1_1_U153 | 1   |        | wb_re       | sub | dsp_slice | 0       |
|    mac_muladd_16s_16s_32s_32_1_1_U154 | 1   |        | wb_im       | add | dsp_slice | 0       |
|    a_re_out_fu_839_p2                 |     |        | a_re_out    | add | fabric    | 0       |
|    a_im_out_fu_867_p2                 |     |        | a_im_out    | add | fabric    | 0       |
|    b_re_out_fu_847_p2                 |     |        | b_re_out    | sub | fabric    | 0       |
|    b_im_out_fu_875_p2                 |     |        | b_im_out    | sub | fabric    | 0       |
|  + fft_serial_Pipeline_scan_loop18    | 0   |        |             |     |           |         |
|    add_ln188_fu_140_p2                |     |        | add_ln188   | add | fabric    | 0       |
|  + fft_serial_Pipeline_store_loop     | 0   |        |             |     |           |         |
|    add_ln273_fu_188_p2                |     |        | add_ln273   | add | fabric    | 0       |
|    add_ln275_fu_220_p2                |     |        | add_ln275   | add | fabric    | 0       |
|    add_ln276_fu_232_p2                |     |        | add_ln276   | add | fabric    | 0       |
+---------------------------------------+-----+--------+-------------+-----+-----------+---------+


================================================================
== Storage Report
================================================================
+-------------------+---------------+-----------+------+------+--------+------------+------+---------+------------------+
| Name              | Usage         | Type      | BRAM | URAM | Pragma | Variable   | Impl | Latency | Bitwidth, Depth, |
|                   |               |           |      |      |        |            |      |         | Banks            |
+-------------------+---------------+-----------+------+------+--------+------------+------+---------+------------------+
| + fft_serial      |               |           | 10   | 0    |        |            |      |         |                  |
|   control_s_axi_U | interface     | s_axilite |      |      |        |            |      |         |                  |
|   AXI_IN_m_axi_U  | interface     | m_axi     | 2    |      |        |            |      |         |                  |
|   AXI_OUT_m_axi_U | interface     | m_axi     | 2    |      |        |            |      |         |                  |
|   re_U            | ram_t2p array |           | 1    |      |        | re         | auto | 1       | 17, 512, 1       |
|   re_1_U          | ram_t2p array |           | 1    |      |        | re_1       | auto | 1       | 17, 512, 1       |
|   im_U            | ram_t2p array |           | 1    |      |        | im         | auto | 1       | 17, 512, 1       |
|   im_1_U          | ram_t2p array |           | 1    |      |        | im_1       | auto | 1       | 17, 512, 1       |
|   TW_COS_LUT_U    | rom_1p        |           | 1    |      |        | TW_COS_LUT | auto | 1       | 15, 129, 1       |
|   TW_SIN_LUT_U    | rom_1p        |           | 1    |      |        | TW_SIN_LUT | auto | 1       | 15, 129, 1       |
+-------------------+---------------+-----------+------+------+--------+------------+------+---------+------------------+


================================================================
== Pragma Report
================================================================
* Pragmas with Warnings
+------------+-------------------------+----------------------------------------------------+-----------------------------------------------------------+
| Type       | Options                 | Location                                           | Messages                                                  |
+------------+-------------------------+----------------------------------------------------+-----------------------------------------------------------+
| dependence | variable=re inter false | serial_fft/fft_serial.cpp:134 in fft_stage_bfp, re | Ignoring dependence pragma on local scalar variable 're'. |
| dependence | variable=im inter false | serial_fft/fft_serial.cpp:135 in fft_stage_bfp, im | Ignoring dependence pragma on local scalar variable 'im'. |
+------------+-------------------------+----------------------------------------------------+-----------------------------------------------------------+

* Valid Pragma Syntax
+-----------------+-----------------------------------------+------------------------------------------------------+
| Type            | Options                                 | Location                                             |
+-----------------+-----------------------------------------+------------------------------------------------------+
| inline          |                                         | ./serial_fft/../twiddle_rom.h:20 in twiddle_get      |
| inline          |                                         | ./serial_fft/../twiddle_rom.h:46 in mdf_twiddle_get  |
| inline          |                                         | serial_fft/fft_serial.cpp:20 in bfp_shift_16         |
| inline          |                                         | serial_fft/fft_serial.cpp:44 in bfp_exp_delta        |
| inline          |                                         | serial_fft/fft_serial.cpp:65 in bfp_magnitude        |
| inline          |                                         | serial_fft/fft_serial.cpp:76 in bfp_clz8             |
| inline          |                                         | serial_fft/fft_serial.cpp:93 in bit_rev10            |
| unroll          |                                         | serial_fft/fft_serial.cpp:96 in bit_rev10            |
| inline          |                                         | serial_fft/fft_serial.cpp:121 in fft_stage_bfp       |
| pipeline        | II=1                                    | serial_fft/fft_serial.cpp:133 in fft_stage_bfp       |
| bind_op         | variable=p_rr op=mul impl=dsp latency=3 | serial_fft/fft_serial.cpp:163 in fft_stage_bfp, p_rr |
| bind_op         | variable=p_ii op=mul impl=dsp latency=3 | serial_fft/fft_serial.cpp:164 in fft_stage_bfp, p_ii |
| bind_op         | variable=p_ri op=mul impl=dsp latency=3 | serial_fft/fft_serial.cpp:165 in fft_stage_bfp, p_ri |
| bind_op         | variable=p_ir op=mul impl=dsp latency=3 | serial_fft/fft_serial.cpp:166 in fft_stage_bfp, p_ir |
| pipeline        | II=1                                    | serial_fft/fft_serial.cpp:189 in fft_stage_bfp       |
| interface       | m_axi port=in_re bundle=AXI_IN          | serial_fft/fft_serial.cpp:206 in fft_serial, in_re   |
| interface       | m_axi port=in_im bundle=AXI_IN          | serial_fft/fft_serial.cpp:207 in fft_serial, in_im   |
| interface       | m_axi port=out_re bundle=AXI_OUT        | serial_fft/fft_serial.cpp:208 in fft_serial, out_re  |
| interface       | m_axi port=out_im bundle=AXI_OUT        | serial_fft/fft_serial.cpp:209 in fft_serial, out_im  |
| interface       | s_axilite port=blk_exp                  | serial_fft/fft_serial.cpp:210 in fft_serial, blk_exp |
| interface       | s_axilite port=return                   | serial_fft/fft_serial.cpp:211 in fft_serial, return  |
| array_partition | variable=re cyclic factor=2             | serial_fft/fft_serial.cpp:215 in fft_serial, re      |
| array_partition | variable=im cyclic factor=2             | serial_fft/fft_serial.cpp:216 in fft_serial, im      |
| pipeline        | II=1                                    | serial_fft/fft_serial.cpp:220 in fft_serial          |
| pipeline        | II=1                                    | serial_fft/fft_serial.cpp:274 in fft_serial          |
+-----------------+-----------------------------------------+------------------------------------------------------+


