

================================================================
== Vitis HLS Report for 'fft_serial_Pipeline_bfly_loop'
================================================================
* Date:           Tue Jun 30 20:48:42 2026

* Version:        2023.2 (Build 4023990 on Oct 11 2023)
* Project:        serial_fft_hls
* Solution:       solution1 (Vivado IP Flow Target)
* Product family: artix7
* Target device:  xc7a200t-fbg676-2


================================================================
== Performance Estimates
================================================================
+ Timing: 
    * Summary: 
    +--------+----------+----------+------------+
    |  Clock |  Target  | Estimated| Uncertainty|
    +--------+----------+----------+------------+
    |ap_clk  |  10.00 ns|  4.612 ns|     2.70 ns|
    +--------+----------+----------+------------+

+ Latency: 
    * Summary: 
    +---------+---------+----------+----------+-----+-----+---------+
    |  Latency (cycles) |  Latency (absolute) |  Interval | Pipeline|
    |   min   |   max   |    min   |    max   | min | max |   Type  |
    +---------+---------+----------+----------+-----+-----+---------+
    |      518|      518|  5.180 us|  5.180 us|  518|  518|       no|
    +---------+---------+----------+----------+-----+-----+---------+

    + Detail: 
        * Instance: 
        N/A

        * Loop: 
        +-------------+---------+---------+----------+-----------+-----------+------+----------+
        |             |  Latency (cycles) | Iteration|  Initiation Interval  | Trip |          |
        |  Loop Name  |   min   |   max   |  Latency |  achieved |   target  | Count| Pipelined|
        +-------------+---------+---------+----------+-----------+-----------+------+----------+
        |- bfly_loop  |      516|      516|         6|          1|          1|   512|       yes|
        +-------------+---------+---------+----------+-----------+-----------+------+----------+



================================================================
== Utilization Estimates
================================================================
* Summary: 
+-----------------+---------+-----+--------+--------+-----+
|       Name      | BRAM_18K| DSP |   FF   |   LUT  | URAM|
+-----------------+---------+-----+--------+--------+-----+
|DSP              |        -|    -|       -|       -|    -|
|Expression       |        -|    -|       0|     209|    -|
|FIFO             |        -|    -|       -|       -|    -|
|Instance         |        -|    2|       0|       0|    -|
|Memory           |        -|    -|       -|       -|    -|
|Multiplexer      |        -|    -|       -|      36|    -|
|Register         |        -|    -|     537|     192|    -|
+-----------------+---------+-----+--------+--------+-----+
|Total            |        0|    2|     537|     437|    0|
+-----------------+---------+-----+--------+--------+-----+
|Available        |      730|  740|  269200|  134600|    0|
+-----------------+---------+-----+--------+--------+-----+
|Utilization (%)  |        0|   ~0|      ~0|      ~0|    0|
+-----------------+---------+-----+--------+--------+-----+

+ Detail: 
    * Instance: 
    +------------------------+---------------------+---------+----+---+----+-----+
    |        Instance        |        Module       | BRAM_18K| DSP| FF| LUT| URAM|
    +------------------------+---------------------+---------+----+---+----+-----+
    |mul_16s_16ns_32_4_1_U8  |mul_16s_16ns_32_4_1  |        0|   1|  0|   0|    0|
    |mul_16s_16ns_32_4_1_U9  |mul_16s_16ns_32_4_1  |        0|   1|  0|   0|    0|
    +------------------------+---------------------+---------+----+---+----+-----+
    |Total                   |                     |        0|   2|  0|   0|    0|
    +------------------------+---------------------+---------+----+---+----+-----+

    * DSP: 
    N/A

    * Memory: 
    N/A

    * FIFO: 
    N/A

    * Expression: 
    +----------------------+----------+----+---+----+------------+------------+
    |     Variable Name    | Operation| DSP| FF| LUT| Bitwidth P0| Bitwidth P1|
    +----------------------+----------+----+---+----+------------+------------+
    |add_ln132_fu_138_p2   |         +|   0|  0|  17|          10|           1|
    |im_d0                 |         +|   0|  0|  24|          17|          17|
    |re_d0                 |         +|   0|  0|  24|          17|          17|
    |wb_re_fu_211_p2       |         +|   0|  0|  38|          31|          31|
    |im_1_d0               |         -|   0|  0|  24|          17|          17|
    |re_1_d0               |         -|   0|  0|  24|          17|          17|
    |wb_im_fu_217_p2       |         -|   0|  0|  38|          31|          31|
    |icmp_ln132_fu_132_p2  |      icmp|   0|  0|  18|          10|          11|
    |ap_enable_pp0         |       xor|   0|  0|   2|           1|           2|
    +----------------------+----------+----+---+----+------------+------------+
    |Total                 |          |   0|  0| 209|         151|         144|
    +----------------------+----------+----+---+----+------------+------------+

    * Multiplexer: 
    +-------------------------+----+-----------+-----+-----------+
    |           Name          | LUT| Input Size| Bits| Total Bits|
    +-------------------------+----+-----------+-----+-----------+
    |ap_done_int              |   9|          2|    1|          2|
    |ap_enable_reg_pp0_iter1  |   9|          2|    1|          2|
    |ap_sig_allocacmp_group   |   9|          2|   10|         20|
    |bfly_fu_54               |   9|          2|   10|         20|
    +-------------------------+----+-----------+-----+-----------+
    |Total                    |  36|          8|   22|         44|
    +-------------------------+----+-----------+-----+-----------+

    * Register: 
    +----------------------------------+----+----+-----+-----------+
    |               Name               | FF | LUT| Bits| Const Bits|
    +----------------------------------+----+----+-----+-----------+
    |a_im_reg_343                      |  16|   0|   16|          0|
    |a_re_reg_338                      |  16|   0|   16|          0|
    |ap_CS_fsm                         |   1|   0|    1|          0|
    |ap_done_reg                       |   1|   0|    1|          0|
    |ap_enable_reg_pp0_iter1           |   1|   0|    1|          0|
    |ap_enable_reg_pp0_iter2           |   1|   0|    1|          0|
    |ap_enable_reg_pp0_iter3           |   1|   0|    1|          0|
    |ap_enable_reg_pp0_iter4           |   1|   0|    1|          0|
    |ap_enable_reg_pp0_iter5           |   1|   0|    1|          0|
    |ap_loop_exit_ready_pp0_iter1_reg  |   1|   0|    1|          0|
    |ap_loop_exit_ready_pp0_iter2_reg  |   1|   0|    1|          0|
    |ap_loop_exit_ready_pp0_iter3_reg  |   1|   0|    1|          0|
    |ap_loop_exit_ready_pp0_iter4_reg  |   1|   0|    1|          0|
    |b_im_reg_323                      |  16|   0|   16|          0|
    |b_re_reg_318                      |  16|   0|   16|          0|
    |bfly_fu_54                        |  10|   0|   10|          0|
    |im_1_addr_1_reg_312               |   9|   0|    9|          0|
    |im_addr_1_reg_300                 |   9|   0|    9|          0|
    |re_1_addr_1_reg_306               |   9|   0|    9|          0|
    |re_addr_1_reg_294                 |   9|   0|    9|          0|
    |wb_im_s_reg_353                   |  16|   0|   16|          0|
    |wb_re_s_reg_348                   |  16|   0|   16|          0|
    |b_im_reg_323                      |  64|  32|   16|          0|
    |b_re_reg_318                      |  64|  32|   16|          0|
    |im_1_addr_1_reg_312               |  64|  32|    9|          0|
    |im_addr_1_reg_300                 |  64|  32|    9|          0|
    |re_1_addr_1_reg_306               |  64|  32|    9|          0|
    |re_addr_1_reg_294                 |  64|  32|    9|          0|
    +----------------------------------+----+----+-----+-----------+
    |Total                             | 537| 192|  221|          0|
    +----------------------------------+----+----+-----+-----------+



================================================================
== Interface
================================================================
* Summary: 
+---------------+-----+-----+------------+-------------------------------+--------------+
|   RTL Ports   | Dir | Bits|  Protocol  |         Source Object         |    C Type    |
+---------------+-----+-----+------------+-------------------------------+--------------+
|ap_clk         |   in|    1|  ap_ctrl_hs|  fft_serial_Pipeline_bfly_loop|  return value|
|ap_rst         |   in|    1|  ap_ctrl_hs|  fft_serial_Pipeline_bfly_loop|  return value|
|ap_start       |   in|    1|  ap_ctrl_hs|  fft_serial_Pipeline_bfly_loop|  return value|
|ap_done        |  out|    1|  ap_ctrl_hs|  fft_serial_Pipeline_bfly_loop|  return value|
|ap_idle        |  out|    1|  ap_ctrl_hs|  fft_serial_Pipeline_bfly_loop|  return value|
|ap_ready       |  out|    1|  ap_ctrl_hs|  fft_serial_Pipeline_bfly_loop|  return value|
|im_1_address0  |  out|    9|   ap_memory|                           im_1|         array|
|im_1_ce0       |  out|    1|   ap_memory|                           im_1|         array|
|im_1_we0       |  out|    1|   ap_memory|                           im_1|         array|
|im_1_d0        |  out|   17|   ap_memory|                           im_1|         array|
|im_1_address1  |  out|    9|   ap_memory|                           im_1|         array|
|im_1_ce1       |  out|    1|   ap_memory|                           im_1|         array|
|im_1_q1        |   in|   17|   ap_memory|                           im_1|         array|
|im_address0    |  out|    9|   ap_memory|                             im|         array|
|im_ce0         |  out|    1|   ap_memory|                             im|         array|
|im_we0         |  out|    1|   ap_memory|                             im|         array|
|im_d0          |  out|   17|   ap_memory|                             im|         array|
|im_address1    |  out|    9|   ap_memory|                             im|         array|
|im_ce1         |  out|    1|   ap_memory|                             im|         array|
|im_q1          |   in|   17|   ap_memory|                             im|         array|
|re_1_address0  |  out|    9|   ap_memory|                           re_1|         array|
|re_1_ce0       |  out|    1|   ap_memory|                           re_1|         array|
|re_1_we0       |  out|    1|   ap_memory|                           re_1|         array|
|re_1_d0        |  out|   17|   ap_memory|                           re_1|         array|
|re_1_address1  |  out|    9|   ap_memory|                           re_1|         array|
|re_1_ce1       |  out|    1|   ap_memory|                           re_1|         array|
|re_1_q1        |   in|   17|   ap_memory|                           re_1|         array|
|re_address0    |  out|    9|   ap_memory|                             re|         array|
|re_ce0         |  out|    1|   ap_memory|                             re|         array|
|re_we0         |  out|    1|   ap_memory|                             re|         array|
|re_d0          |  out|   17|   ap_memory|                             re|         array|
|re_address1    |  out|    9|   ap_memory|                             re|         array|
|re_ce1         |  out|    1|   ap_memory|                             re|         array|
|re_q1          |   in|   17|   ap_memory|                             re|         array|
+---------------+-----+-----+------------+-------------------------------+--------------+

