

================================================================
== Vitis HLS Report for 'fft_serial_Pipeline_bfly_loop3'
================================================================
* Date:           Tue Jun 30 20:48:38 2026

* Version:        2023.2 (Build 4023990 on Oct 11 2023)
* Project:        serial_fft_hls
* Solution:       solution1 (Vivado IP Flow Target)
* Product family: artix7
* Target device:  xc7a200t-fbg676-2


================================================================
== Performance Estimates
================================================================
+ Timing: 
    * Summary: 
    +--------+----------+-----------+------------+
    |  Clock |  Target  | Estimated | Uncertainty|
    +--------+----------+-----------+------------+
    |ap_clk  |  10.00 ns|  10.983 ns|     2.70 ns|
    +--------+----------+-----------+------------+

+ Latency: 
    * Summary: 
    +---------+---------+-----------+-----------+------+------+---------+
    |  Latency (cycles) |   Latency (absolute)  |   Interval  | Pipeline|
    |   min   |   max   |    min    |    max    |  min |  max |   Type  |
    +---------+---------+-----------+-----------+------+------+---------+
    |     2562|     2562|  28.139 us|  28.139 us|  2562|  2562|       no|
    +---------+---------+-----------+-----------+------+------+---------+

    + Detail: 
        * Instance: 
        N/A

        * Loop: 
        +-------------+---------+---------+----------+-----------+-----------+------+----------+
        |             |  Latency (cycles) | Iteration|  Initiation Interval  | Trip |          |
        |  Loop Name  |   min   |   max   |  Latency |  achieved |   target  | Count| Pipelined|
        +-------------+---------+---------+----------+-----------+-----------+------+----------+
        |- bfly_loop  |     2560|     2560|         6|          5|          1|   512|       yes|
        +-------------+---------+---------+----------+-----------+-----------+------+----------+

============================================================
+ Verbose Summary: Synthesis Manager
============================================================
InlineROM: 1
ExposeGlobal: 0
============================================================
+ Verbose Summary: CDFG Model
============================================================
IsTopModel: 0
ResetActiveHigh: 1
IsCombinational: 0
IsDatapathOnly: 0
HasWiredReturn: 1
HasMFsm: 2
HasVarLatency: 1
IsPipeline: 0
IsRtlPipelined: 0
IsInstanceOverlapped: 0
IsDontTouch: 0
HasImplIP: 0
IsGatedGlobalClock: 0

+ Individual pipeline summary: 
  * Pipeline-0: initiation interval (II) = 5, depth = 6


============================================================
+ Verbose Summary: Schedule
============================================================
* Number of FSM states : 6
* Pipeline : 1
  Pipeline-0 : II = 5, D = 6, States = { 1 2 3 4 5 6 }
* Dataflow Pipeline: 0

* FSM state transitions: 
1 --> 2 
2 --> 3 
3 --> 4 
4 --> 5 
5 --> 6 
6 --> 

* FSM state operations: 

State 1 <SV = 0> <Delay = 5.16>
ST_1 : Operation 9 [1/1] (0.00ns)   --->   "%bfly_3 = alloca i32 1" [serial_fft/fft_serial.cpp:132->serial_fft/fft_serial.cpp:245]   --->   Operation 9 'alloca' 'bfly_3' <Predicate = true> <Delay = 0.00>
ST_1 : Operation 10 [1/1] (0.00ns)   --->   "%clz_next_2_read = read i4 @_ssdm_op_Read.ap_auto.i4, i4 %clz_next_2"   --->   Operation 10 'read' 'clz_next_2_read' <Predicate = true> <Delay = 0.00>
ST_1 : Operation 11 [1/1] (1.32ns)   --->   "%store_ln132 = store i10 0, i10 %bfly_3" [serial_fft/fft_serial.cpp:132->serial_fft/fft_serial.cpp:245]   --->   Operation 11 'store' 'store_ln132' <Predicate = true> <Delay = 1.32>
ST_1 : Operation 12 [1/1] (0.00ns)   --->   "%br_ln0 = br void %for.body.i10133"   --->   Operation 12 'br' 'br_ln0' <Predicate = true> <Delay = 0.00>
ST_1 : Operation 13 [1/1] (0.00ns)   --->   "%bfly = load i10 %bfly_3" [serial_fft/fft_serial.cpp:132->serial_fft/fft_serial.cpp:245]   --->   Operation 13 'load' 'bfly' <Predicate = true> <Delay = 0.00>
ST_1 : Operation 14 [1/1] (1.74ns)   --->   "%icmp_ln132 = icmp_eq  i10 %bfly, i10 512" [serial_fft/fft_serial.cpp:132->serial_fft/fft_serial.cpp:245]   --->   Operation 14 'icmp' 'icmp_ln132' <Predicate = true> <Delay = 1.74> <CoreInst = "Cmp">   --->   Core 9 'Cmp' <Latency = 0> <II = 1> <Delay = 1.74> <FuncUnit> <Opcode : 'icmp'> <InPorts = 2> <OutPorts = 1>
ST_1 : Operation 15 [1/1] (1.74ns)   --->   "%bfly_6 = add i10 %bfly, i10 1" [serial_fft/fft_serial.cpp:132->serial_fft/fft_serial.cpp:245]   --->   Operation 15 'add' 'bfly_6' <Predicate = true> <Delay = 1.74> <CoreInst = "Adder">   --->   Core 1 'Adder' <Latency = 0> <II = 1> <Delay = 1.74> <FuncUnit> <Opcode : 'add' 'sub'> <InPorts = 2> <OutPorts = 1>
ST_1 : Operation 16 [1/1] (0.00ns)   --->   "%br_ln132 = br i1 %icmp_ln132, void %fpga_resource_hint._Z11twiddle_getiPsS_.exit.i10740.31, void %for.body42.i10766.preheader.exitStub" [serial_fft/fft_serial.cpp:132->serial_fft/fft_serial.cpp:245]   --->   Operation 16 'br' 'br_ln132' <Predicate = true> <Delay = 0.00>
ST_1 : Operation 17 [1/1] (0.00ns)   --->   "%trunc_ln132 = trunc i10 %bfly" [serial_fft/fft_serial.cpp:132->serial_fft/fft_serial.cpp:245]   --->   Operation 17 'trunc' 'trunc_ln132' <Predicate = (!icmp_ln132)> <Delay = 0.00>
ST_1 : Operation 18 [1/1] (0.00ns)   --->   "%j = trunc i10 %bfly" [serial_fft/fft_serial.cpp:132->serial_fft/fft_serial.cpp:245]   --->   Operation 18 'trunc' 'j' <Predicate = (!icmp_ln132)> <Delay = 0.00>
ST_1 : Operation 19 [1/1] (0.00ns)   --->   "%tmp_3 = partselect i7 @_ssdm_op_PartSelect.i7.i10.i32.i32, i10 %bfly, i32 2, i32 8" [serial_fft/fft_serial.cpp:140->serial_fft/fft_serial.cpp:245]   --->   Operation 19 'partselect' 'tmp_3' <Predicate = (!icmp_ln132)> <Delay = 0.00>
ST_1 : Operation 20 [1/1] (0.00ns)   --->   "%tmp = bitselect i1 @_ssdm_op_BitSelect.i1.i10.i32, i10 %bfly, i32 1" [serial_fft/fft_serial.cpp:140->serial_fft/fft_serial.cpp:245]   --->   Operation 20 'bitselect' 'tmp' <Predicate = (!icmp_ln132)> <Delay = 0.00>
ST_1 : Operation 21 [1/1] (0.00ns)   --->   "%lshr_ln1 = bitconcatenate i9 @_ssdm_op_BitConcatenate.i9.i7.i1.i1, i7 %tmp_3, i1 0, i1 %tmp" [serial_fft/fft_serial.cpp:140->serial_fft/fft_serial.cpp:245]   --->   Operation 21 'bitconcatenate' 'lshr_ln1' <Predicate = (!icmp_ln132)> <Delay = 0.00>
ST_1 : Operation 22 [1/1] (0.00ns)   --->   "%zext_ln140 = zext i9 %lshr_ln1" [serial_fft/fft_serial.cpp:140->serial_fft/fft_serial.cpp:245]   --->   Operation 22 'zext' 'zext_ln140' <Predicate = (!icmp_ln132)> <Delay = 0.00>
ST_1 : Operation 23 [1/1] (0.00ns)   --->   "%or_ln141 = or i9 %lshr_ln1, i9 2" [serial_fft/fft_serial.cpp:141->serial_fft/fft_serial.cpp:245]   --->   Operation 23 'or' 'or_ln141' <Predicate = (!icmp_ln132)> <Delay = 0.00>
ST_1 : Operation 24 [1/1] (0.00ns)   --->   "%zext_ln141 = zext i9 %or_ln141" [serial_fft/fft_serial.cpp:141->serial_fft/fft_serial.cpp:245]   --->   Operation 24 'zext' 'zext_ln141' <Predicate = (!icmp_ln132)> <Delay = 0.00>
ST_1 : Operation 25 [1/1] (0.00ns)   --->   "%re_addr = getelementptr i17 %re, i64 0, i64 %zext_ln140" [serial_fft/fft_serial.cpp:145->serial_fft/fft_serial.cpp:245]   --->   Operation 25 'getelementptr' 're_addr' <Predicate = (!icmp_ln132)> <Delay = 0.00>
ST_1 : Operation 26 [1/1] (0.00ns)   --->   "%re_1_addr = getelementptr i17 %re_1, i64 0, i64 %zext_ln140" [serial_fft/fft_serial.cpp:145->serial_fft/fft_serial.cpp:245]   --->   Operation 26 'getelementptr' 're_1_addr' <Predicate = (!icmp_ln132)> <Delay = 0.00>
ST_1 : Operation 27 [2/2] (2.77ns)   --->   "%re_load = load i9 %re_addr" [serial_fft/fft_serial.cpp:145->serial_fft/fft_serial.cpp:245]   --->   Operation 27 'load' 're_load' <Predicate = (!icmp_ln132)> <Delay = 2.77> <CoreInst = "RAM">   --->   Core 82 'RAM' <Latency = 1> <II = 1> <Delay = 2.77> <Storage> <Opcode : 'load' 'store'> <Ports = 2> <Width = 17> <Depth = 512> <RAM>
ST_1 : Operation 28 [2/2] (2.77ns)   --->   "%re_1_load = load i9 %re_1_addr" [serial_fft/fft_serial.cpp:145->serial_fft/fft_serial.cpp:245]   --->   Operation 28 'load' 're_1_load' <Predicate = (!icmp_ln132)> <Delay = 2.77> <CoreInst = "RAM">   --->   Core 82 'RAM' <Latency = 1> <II = 1> <Delay = 2.77> <Storage> <Opcode : 'load' 'store'> <Ports = 2> <Width = 17> <Depth = 512> <RAM>
ST_1 : Operation 29 [1/1] (1.49ns)   --->   "%icmp_ln21_8 = icmp_eq  i4 %clz_next_2_read, i4 7" [serial_fft/fft_serial.cpp:21->serial_fft/fft_serial.cpp:145->serial_fft/fft_serial.cpp:245]   --->   Operation 29 'icmp' 'icmp_ln21_8' <Predicate = (!icmp_ln132)> <Delay = 1.49> <CoreInst = "Cmp">   --->   Core 9 'Cmp' <Latency = 0> <II = 1> <Delay = 1.49> <FuncUnit> <Opcode : 'icmp'> <InPorts = 2> <OutPorts = 1>
ST_1 : Operation 30 [1/1] (1.49ns)   --->   "%icmp_ln21_9 = icmp_eq  i4 %clz_next_2_read, i4 6" [serial_fft/fft_serial.cpp:21->serial_fft/fft_serial.cpp:145->serial_fft/fft_serial.cpp:245]   --->   Operation 30 'icmp' 'icmp_ln21_9' <Predicate = (!icmp_ln132)> <Delay = 1.49> <CoreInst = "Cmp">   --->   Core 9 'Cmp' <Latency = 0> <II = 1> <Delay = 1.49> <FuncUnit> <Opcode : 'icmp'> <InPorts = 2> <OutPorts = 1>
ST_1 : Operation 31 [1/1] (1.49ns)   --->   "%icmp_ln21_10 = icmp_eq  i4 %clz_next_2_read, i4 5" [serial_fft/fft_serial.cpp:21->serial_fft/fft_serial.cpp:145->serial_fft/fft_serial.cpp:245]   --->   Operation 31 'icmp' 'icmp_ln21_10' <Predicate = (!icmp_ln132)> <Delay = 1.49> <CoreInst = "Cmp">   --->   Core 9 'Cmp' <Latency = 0> <II = 1> <Delay = 1.49> <FuncUnit> <Opcode : 'icmp'> <InPorts = 2> <OutPorts = 1>
ST_1 : Operation 32 [1/1] (1.49ns)   --->   "%icmp_ln21_11 = icmp_eq  i4 %clz_next_2_read, i4 4" [serial_fft/fft_serial.cpp:21->serial_fft/fft_serial.cpp:145->serial_fft/fft_serial.cpp:245]   --->   Operation 32 'icmp' 'icmp_ln21_11' <Predicate = (!icmp_ln132)> <Delay = 1.49> <CoreInst = "Cmp">   --->   Core 9 'Cmp' <Latency = 0> <II = 1> <Delay = 1.49> <FuncUnit> <Opcode : 'icmp'> <InPorts = 2> <OutPorts = 1>
ST_1 : Operation 33 [1/1] (1.49ns)   --->   "%icmp_ln21_12 = icmp_eq  i4 %clz_next_2_read, i4 3" [serial_fft/fft_serial.cpp:21->serial_fft/fft_serial.cpp:145->serial_fft/fft_serial.cpp:245]   --->   Operation 33 'icmp' 'icmp_ln21_12' <Predicate = (!icmp_ln132)> <Delay = 1.49> <CoreInst = "Cmp">   --->   Core 9 'Cmp' <Latency = 0> <II = 1> <Delay = 1.49> <FuncUnit> <Opcode : 'icmp'> <InPorts = 2> <OutPorts = 1>
ST_1 : Operation 34 [1/1] (1.49ns)   --->   "%icmp_ln21_13 = icmp_eq  i4 %clz_next_2_read, i4 2" [serial_fft/fft_serial.cpp:21->serial_fft/fft_serial.cpp:145->serial_fft/fft_serial.cpp:245]   --->   Operation 34 'icmp' 'icmp_ln21_13' <Predicate = (!icmp_ln132)> <Delay = 1.49> <CoreInst = "Cmp">   --->   Core 9 'Cmp' <Latency = 0> <II = 1> <Delay = 1.49> <FuncUnit> <Opcode : 'icmp'> <InPorts = 2> <OutPorts = 1>
ST_1 : Operation 35 [1/1] (0.00ns) (grouped into LUT with out node select_ln21_17)   --->   "%select_ln21 = select i1 %icmp_ln21_13, i3 1, i3 2" [serial_fft/fft_serial.cpp:21->serial_fft/fft_serial.cpp:145->serial_fft/fft_serial.cpp:245]   --->   Operation 35 'select' 'select_ln21' <Predicate = (!icmp_ln132)> <Delay = 0.00> <CoreInst = "Sel">   --->   Core 73 'Sel' <Latency = 0> <II = 1> <Delay = 0.79> <FuncUnit> <Opcode : 'select'> <InPorts = 3> <OutPorts = 1>
ST_1 : Operation 36 [1/1] (0.80ns)   --->   "%or_ln21_4 = or i1 %icmp_ln21_13, i1 %icmp_ln21_12" [serial_fft/fft_serial.cpp:21->serial_fft/fft_serial.cpp:145->serial_fft/fft_serial.cpp:245]   --->   Operation 36 'or' 'or_ln21_4' <Predicate = (!icmp_ln132)> <Delay = 0.80> <CoreInst = "LogicGate">   --->   Core 74 'LogicGate' <Latency = 0> <II = 1> <Delay = 0.80> <FuncUnit> <Opcode : 'and' 'or' 'xor'> <InPorts = 2> <OutPorts = 1>
ST_1 : Operation 37 [1/1] (0.00ns) (grouped into LUT with out node select_ln21_17)   --->   "%select_ln21_15 = select i1 %icmp_ln21_11, i3 3, i3 4" [serial_fft/fft_serial.cpp:21->serial_fft/fft_serial.cpp:145->serial_fft/fft_serial.cpp:245]   --->   Operation 37 'select' 'select_ln21_15' <Predicate = (!icmp_ln132)> <Delay = 0.00> <CoreInst = "Sel">   --->   Core 73 'Sel' <Latency = 0> <II = 1> <Delay = 0.79> <FuncUnit> <Opcode : 'select'> <InPorts = 3> <OutPorts = 1>
ST_1 : Operation 38 [1/1] (0.00ns) (grouped into LUT with out node select_ln21_19)   --->   "%or_ln21_5 = or i1 %icmp_ln21_11, i1 %icmp_ln21_10" [serial_fft/fft_serial.cpp:21->serial_fft/fft_serial.cpp:145->serial_fft/fft_serial.cpp:245]   --->   Operation 38 'or' 'or_ln21_5' <Predicate = (!icmp_ln132)> <Delay = 0.00> <CoreInst = "LogicGate">   --->   Core 74 'LogicGate' <Latency = 0> <II = 1> <Delay = 0.80> <FuncUnit> <Opcode : 'and' 'or' 'xor'> <InPorts = 2> <OutPorts = 1>
ST_1 : Operation 39 [1/1] (0.00ns) (grouped into LUT with out node select_ln21_18)   --->   "%select_ln21_16 = select i1 %icmp_ln21_9, i3 5, i3 6" [serial_fft/fft_serial.cpp:21->serial_fft/fft_serial.cpp:145->serial_fft/fft_serial.cpp:245]   --->   Operation 39 'select' 'select_ln21_16' <Predicate = (!icmp_ln132)> <Delay = 0.00> <CoreInst = "Sel">   --->   Core 73 'Sel' <Latency = 0> <II = 1> <Delay = 0.79> <FuncUnit> <Opcode : 'select'> <InPorts = 3> <OutPorts = 1>
ST_1 : Operation 40 [1/1] (0.00ns) (grouped into LUT with out node select_ln21_18)   --->   "%or_ln21_6 = or i1 %icmp_ln21_9, i1 %icmp_ln21_8" [serial_fft/fft_serial.cpp:21->serial_fft/fft_serial.cpp:145->serial_fft/fft_serial.cpp:245]   --->   Operation 40 'or' 'or_ln21_6' <Predicate = (!icmp_ln132)> <Delay = 0.00> <CoreInst = "LogicGate">   --->   Core 74 'LogicGate' <Latency = 0> <II = 1> <Delay = 0.80> <FuncUnit> <Opcode : 'and' 'or' 'xor'> <InPorts = 2> <OutPorts = 1>
ST_1 : Operation 41 [1/1] (0.79ns) (out node of the LUT)   --->   "%select_ln21_17 = select i1 %or_ln21_4, i3 %select_ln21, i3 %select_ln21_15" [serial_fft/fft_serial.cpp:21->serial_fft/fft_serial.cpp:145->serial_fft/fft_serial.cpp:245]   --->   Operation 41 'select' 'select_ln21_17' <Predicate = (!icmp_ln132)> <Delay = 0.79> <CoreInst = "Sel">   --->   Core 73 'Sel' <Latency = 0> <II = 1> <Delay = 0.79> <FuncUnit> <Opcode : 'select'> <InPorts = 3> <OutPorts = 1>
ST_1 : Operation 42 [1/1] (0.00ns) (grouped into LUT with out node select_ln21_19)   --->   "%or_ln21_7 = or i1 %or_ln21_4, i1 %or_ln21_5" [serial_fft/fft_serial.cpp:21->serial_fft/fft_serial.cpp:145->serial_fft/fft_serial.cpp:245]   --->   Operation 42 'or' 'or_ln21_7' <Predicate = (!icmp_ln132)> <Delay = 0.00> <CoreInst = "LogicGate">   --->   Core 74 'LogicGate' <Latency = 0> <II = 1> <Delay = 0.80> <FuncUnit> <Opcode : 'and' 'or' 'xor'> <InPorts = 2> <OutPorts = 1>
ST_1 : Operation 43 [1/1] (0.80ns) (out node of the LUT)   --->   "%select_ln21_18 = select i1 %or_ln21_6, i3 %select_ln21_16, i3 7" [serial_fft/fft_serial.cpp:21->serial_fft/fft_serial.cpp:145->serial_fft/fft_serial.cpp:245]   --->   Operation 43 'select' 'select_ln21_18' <Predicate = (!icmp_ln132)> <Delay = 0.80> <CoreInst = "Sel">   --->   Core 73 'Sel' <Latency = 0> <II = 1> <Delay = 0.79> <FuncUnit> <Opcode : 'select'> <InPorts = 3> <OutPorts = 1>
ST_1 : Operation 44 [1/1] (0.80ns) (out node of the LUT)   --->   "%select_ln21_19 = select i1 %or_ln21_7, i3 %select_ln21_17, i3 %select_ln21_18" [serial_fft/fft_serial.cpp:21->serial_fft/fft_serial.cpp:145->serial_fft/fft_serial.cpp:245]   --->   Operation 44 'select' 'select_ln21_19' <Predicate = (!icmp_ln132)> <Delay = 0.80> <CoreInst = "Sel">   --->   Core 73 'Sel' <Latency = 0> <II = 1> <Delay = 0.79> <FuncUnit> <Opcode : 'select'> <InPorts = 3> <OutPorts = 1>
ST_1 : Operation 45 [1/1] (1.49ns)   --->   "%icmp_ln21_14 = icmp_eq  i4 %clz_next_2_read, i4 1" [serial_fft/fft_serial.cpp:21->serial_fft/fft_serial.cpp:145->serial_fft/fft_serial.cpp:245]   --->   Operation 45 'icmp' 'icmp_ln21_14' <Predicate = (!icmp_ln132)> <Delay = 1.49> <CoreInst = "Cmp">   --->   Core 9 'Cmp' <Latency = 0> <II = 1> <Delay = 1.49> <FuncUnit> <Opcode : 'icmp'> <InPorts = 2> <OutPorts = 1>
ST_1 : Operation 46 [1/1] (1.49ns)   --->   "%icmp_ln21_15 = icmp_eq  i4 %clz_next_2_read, i4 0" [serial_fft/fft_serial.cpp:21->serial_fft/fft_serial.cpp:145->serial_fft/fft_serial.cpp:245]   --->   Operation 46 'icmp' 'icmp_ln21_15' <Predicate = (!icmp_ln132)> <Delay = 1.49> <CoreInst = "Cmp">   --->   Core 9 'Cmp' <Latency = 0> <II = 1> <Delay = 1.49> <FuncUnit> <Opcode : 'icmp'> <InPorts = 2> <OutPorts = 1>
ST_1 : Operation 47 [1/1] (0.00ns)   --->   "%im_addr = getelementptr i17 %im, i64 0, i64 %zext_ln140" [serial_fft/fft_serial.cpp:146->serial_fft/fft_serial.cpp:245]   --->   Operation 47 'getelementptr' 'im_addr' <Predicate = (!icmp_ln132)> <Delay = 0.00>
ST_1 : Operation 48 [1/1] (0.00ns)   --->   "%im_1_addr = getelementptr i17 %im_1, i64 0, i64 %zext_ln140" [serial_fft/fft_serial.cpp:146->serial_fft/fft_serial.cpp:245]   --->   Operation 48 'getelementptr' 'im_1_addr' <Predicate = (!icmp_ln132)> <Delay = 0.00>
ST_1 : Operation 49 [1/1] (0.00ns)   --->   "%re_addr_4 = getelementptr i17 %re, i64 0, i64 %zext_ln141" [serial_fft/fft_serial.cpp:147->serial_fft/fft_serial.cpp:245]   --->   Operation 49 'getelementptr' 're_addr_4' <Predicate = (!icmp_ln132)> <Delay = 0.00>
ST_1 : Operation 50 [1/1] (0.00ns)   --->   "%re_1_addr_4 = getelementptr i17 %re_1, i64 0, i64 %zext_ln141" [serial_fft/fft_serial.cpp:147->serial_fft/fft_serial.cpp:245]   --->   Operation 50 'getelementptr' 're_1_addr_4' <Predicate = (!icmp_ln132)> <Delay = 0.00>
ST_1 : Operation 51 [2/2] (2.77ns)   --->   "%re_load_4 = load i9 %re_addr_4" [serial_fft/fft_serial.cpp:147->serial_fft/fft_serial.cpp:245]   --->   Operation 51 'load' 're_load_4' <Predicate = (!icmp_ln132)> <Delay = 2.77> <CoreInst = "RAM">   --->   Core 82 'RAM' <Latency = 1> <II = 1> <Delay = 2.77> <Storage> <Opcode : 'load' 'store'> <Ports = 2> <Width = 17> <Depth = 512> <RAM>
ST_1 : Operation 52 [2/2] (2.77ns)   --->   "%re_1_load_4 = load i9 %re_1_addr_4" [serial_fft/fft_serial.cpp:147->serial_fft/fft_serial.cpp:245]   --->   Operation 52 'load' 're_1_load_4' <Predicate = (!icmp_ln132)> <Delay = 2.77> <CoreInst = "RAM">   --->   Core 82 'RAM' <Latency = 1> <II = 1> <Delay = 2.77> <Storage> <Opcode : 'load' 'store'> <Ports = 2> <Width = 17> <Depth = 512> <RAM>
ST_1 : Operation 53 [1/1] (0.00ns)   --->   "%im_addr_4 = getelementptr i17 %im, i64 0, i64 %zext_ln141" [serial_fft/fft_serial.cpp:148->serial_fft/fft_serial.cpp:245]   --->   Operation 53 'getelementptr' 'im_addr_4' <Predicate = (!icmp_ln132)> <Delay = 0.00>
ST_1 : Operation 54 [1/1] (0.00ns)   --->   "%im_1_addr_4 = getelementptr i17 %im_1, i64 0, i64 %zext_ln141" [serial_fft/fft_serial.cpp:148->serial_fft/fft_serial.cpp:245]   --->   Operation 54 'getelementptr' 'im_1_addr_4' <Predicate = (!icmp_ln132)> <Delay = 0.00>
ST_1 : Operation 55 [1/1] (1.07ns)   --->   "%select_ln25 = select i1 %trunc_ln132, i64 128, i64 0" [./serial_fft/../twiddle_rom.h:25->serial_fft/fft_serial.cpp:152->serial_fft/fft_serial.cpp:245]   --->   Operation 55 'select' 'select_ln25' <Predicate = (!icmp_ln132)> <Delay = 1.07> <CoreInst = "Sel">   --->   Core 73 'Sel' <Latency = 0> <II = 1> <Delay = 1.07> <FuncUnit> <Opcode : 'select'> <InPorts = 3> <OutPorts = 1>
ST_1 : Operation 56 [1/1] (0.00ns)   --->   "%TW_COS_LUT_addr = getelementptr i15 %TW_COS_LUT, i64 0, i64 %select_ln25" [./serial_fft/../twiddle_rom.h:25->serial_fft/fft_serial.cpp:152->serial_fft/fft_serial.cpp:245]   --->   Operation 56 'getelementptr' 'TW_COS_LUT_addr' <Predicate = (!icmp_ln132)> <Delay = 0.00>
ST_1 : Operation 57 [2/2] (2.77ns)   --->   "%w_re_20 = load i8 %TW_COS_LUT_addr" [./serial_fft/../twiddle_rom.h:25->serial_fft/fft_serial.cpp:152->serial_fft/fft_serial.cpp:245]   --->   Operation 57 'load' 'w_re_20' <Predicate = (!icmp_ln132)> <Delay = 2.77> <CoreInst = "ROM">   --->   Core 95 'ROM' <Latency = 1> <II = 1> <Delay = 2.77> <Storage> <Opcode : 'load'> <Ports = 0> <Width = 15> <Depth = 129> <ROM>
ST_1 : Operation 58 [1/1] (0.00ns)   --->   "%TW_SIN_LUT_addr = getelementptr i15 %TW_SIN_LUT, i64 0, i64 %select_ln25" [./serial_fft/../twiddle_rom.h:26->serial_fft/fft_serial.cpp:152->serial_fft/fft_serial.cpp:245]   --->   Operation 58 'getelementptr' 'TW_SIN_LUT_addr' <Predicate = (!icmp_ln132)> <Delay = 0.00>
ST_1 : Operation 59 [2/2] (2.77ns)   --->   "%sv = load i8 %TW_SIN_LUT_addr" [./serial_fft/../twiddle_rom.h:26->serial_fft/fft_serial.cpp:152->serial_fft/fft_serial.cpp:245]   --->   Operation 59 'load' 'sv' <Predicate = (!icmp_ln132)> <Delay = 2.77> <CoreInst = "ROM">   --->   Core 95 'ROM' <Latency = 1> <II = 1> <Delay = 2.77> <Storage> <Opcode : 'load'> <Ports = 0> <Width = 15> <Depth = 129> <ROM>
ST_1 : Operation 60 [1/1] (0.00ns)   --->   "%br_ln179 = br i1 %trunc_ln132, void %arrayidx11.i1013915485.case.0, void %arrayidx11.i1013915485.case.1" [serial_fft/fft_serial.cpp:179->serial_fft/fft_serial.cpp:245]   --->   Operation 60 'br' 'br_ln179' <Predicate = (!icmp_ln132)> <Delay = 0.00>
ST_1 : Operation 61 [1/1] (1.32ns)   --->   "%store_ln132 = store i10 %bfly_6, i10 %bfly_3" [serial_fft/fft_serial.cpp:132->serial_fft/fft_serial.cpp:245]   --->   Operation 61 'store' 'store_ln132' <Predicate = (!icmp_ln132)> <Delay = 1.32>
ST_1 : Operation 62 [1/1] (0.00ns)   --->   "%br_ln132 = br void %for.body.i10133" [serial_fft/fft_serial.cpp:132->serial_fft/fft_serial.cpp:245]   --->   Operation 62 'br' 'br_ln132' <Predicate = (!icmp_ln132)> <Delay = 0.00>
ST_1 : Operation 181 [1/1] (0.00ns)   --->   "%ret_ln0 = ret"   --->   Operation 181 'ret' 'ret_ln0' <Predicate = (icmp_ln132)> <Delay = 0.00>

State 2 <SV = 1> <Delay = 9.09>
ST_2 : Operation 63 [1/2] (2.77ns)   --->   "%re_load = load i9 %re_addr" [serial_fft/fft_serial.cpp:145->serial_fft/fft_serial.cpp:245]   --->   Operation 63 'load' 're_load' <Predicate = (!icmp_ln132)> <Delay = 2.77> <CoreInst = "RAM">   --->   Core 82 'RAM' <Latency = 1> <II = 1> <Delay = 2.77> <Storage> <Opcode : 'load' 'store'> <Ports = 2> <Width = 17> <Depth = 512> <RAM>
ST_2 : Operation 64 [1/2] (2.77ns)   --->   "%re_1_load = load i9 %re_1_addr" [serial_fft/fft_serial.cpp:145->serial_fft/fft_serial.cpp:245]   --->   Operation 64 'load' 're_1_load' <Predicate = (!icmp_ln132)> <Delay = 2.77> <CoreInst = "RAM">   --->   Core 82 'RAM' <Latency = 1> <II = 1> <Delay = 2.77> <Storage> <Opcode : 'load' 'store'> <Ports = 2> <Width = 17> <Depth = 512> <RAM>
ST_2 : Operation 65 [1/1] (0.00ns)   --->   "%zext_ln21 = zext i3 %select_ln21_19" [serial_fft/fft_serial.cpp:21->serial_fft/fft_serial.cpp:145->serial_fft/fft_serial.cpp:245]   --->   Operation 65 'zext' 'zext_ln21' <Predicate = (!icmp_ln132)> <Delay = 0.00>
ST_2 : Operation 66 [2/2] (2.77ns)   --->   "%im_load = load i9 %im_addr" [serial_fft/fft_serial.cpp:146->serial_fft/fft_serial.cpp:245]   --->   Operation 66 'load' 'im_load' <Predicate = (!icmp_ln132 & !trunc_ln132)> <Delay = 2.77> <CoreInst = "RAM">   --->   Core 82 'RAM' <Latency = 1> <II = 1> <Delay = 2.77> <Storage> <Opcode : 'load' 'store'> <Ports = 2> <Width = 17> <Depth = 512> <RAM>
ST_2 : Operation 67 [2/2] (2.77ns)   --->   "%im_1_load = load i9 %im_1_addr" [serial_fft/fft_serial.cpp:146->serial_fft/fft_serial.cpp:245]   --->   Operation 67 'load' 'im_1_load' <Predicate = (!icmp_ln132 & trunc_ln132)> <Delay = 2.77> <CoreInst = "RAM">   --->   Core 82 'RAM' <Latency = 1> <II = 1> <Delay = 2.77> <Storage> <Opcode : 'load' 'store'> <Ports = 2> <Width = 17> <Depth = 512> <RAM>
ST_2 : Operation 68 [1/2] (2.77ns)   --->   "%re_load_4 = load i9 %re_addr_4" [serial_fft/fft_serial.cpp:147->serial_fft/fft_serial.cpp:245]   --->   Operation 68 'load' 're_load_4' <Predicate = (!icmp_ln132)> <Delay = 2.77> <CoreInst = "RAM">   --->   Core 82 'RAM' <Latency = 1> <II = 1> <Delay = 2.77> <Storage> <Opcode : 'load' 'store'> <Ports = 2> <Width = 17> <Depth = 512> <RAM>
ST_2 : Operation 69 [1/2] (2.77ns)   --->   "%re_1_load_4 = load i9 %re_1_addr_4" [serial_fft/fft_serial.cpp:147->serial_fft/fft_serial.cpp:245]   --->   Operation 69 'load' 're_1_load_4' <Predicate = (!icmp_ln132)> <Delay = 2.77> <CoreInst = "RAM">   --->   Core 82 'RAM' <Latency = 1> <II = 1> <Delay = 2.77> <Storage> <Opcode : 'load' 'store'> <Ports = 2> <Width = 17> <Depth = 512> <RAM>
ST_2 : Operation 70 [1/1] (0.94ns)   --->   "%v_16 = select i1 %trunc_ln132, i17 %re_1_load_4, i17 %re_load_4" [serial_fft/fft_serial.cpp:132->serial_fft/fft_serial.cpp:245]   --->   Operation 70 'select' 'v_16' <Predicate = (!icmp_ln132)> <Delay = 0.94> <CoreInst = "Sel">   --->   Core 73 'Sel' <Latency = 0> <II = 1> <Delay = 0.94> <FuncUnit> <Opcode : 'select'> <InPorts = 3> <OutPorts = 1>
ST_2 : Operation 71 [1/1] (0.00ns)   --->   "%trunc_ln19_11 = trunc i17 %v_16" [serial_fft/fft_serial.cpp:19->serial_fft/fft_serial.cpp:147->serial_fft/fft_serial.cpp:245]   --->   Operation 71 'trunc' 'trunc_ln19_11' <Predicate = (!icmp_ln132 & icmp_ln21_15)> <Delay = 0.00>
ST_2 : Operation 72 [1/1] (0.00ns)   --->   "%b_re = trunc i17 %v_16" [serial_fft/fft_serial.cpp:34->serial_fft/fft_serial.cpp:147->serial_fft/fft_serial.cpp:245]   --->   Operation 72 'trunc' 'b_re' <Predicate = (!icmp_ln132 & !icmp_ln21_15)> <Delay = 0.00>
ST_2 : Operation 73 [1/1] (1.20ns)   --->   "%icmp_ln24_6 = icmp_eq  i2 %trunc_ln19_11, i2 3" [serial_fft/fft_serial.cpp:24->serial_fft/fft_serial.cpp:147->serial_fft/fft_serial.cpp:245]   --->   Operation 73 'icmp' 'icmp_ln24_6' <Predicate = (!icmp_ln132 & icmp_ln21_15)> <Delay = 1.20> <CoreInst = "Cmp">   --->   Core 9 'Cmp' <Latency = 0> <II = 1> <Delay = 1.20> <FuncUnit> <Opcode : 'icmp'> <InPorts = 2> <OutPorts = 1>
ST_2 : Operation 74 [1/1] (0.00ns)   --->   "%zext_ln24_6 = zext i1 %icmp_ln24_6" [serial_fft/fft_serial.cpp:24->serial_fft/fft_serial.cpp:147->serial_fft/fft_serial.cpp:245]   --->   Operation 74 'zext' 'zext_ln24_6' <Predicate = (!icmp_ln132 & icmp_ln21_15)> <Delay = 0.00>
ST_2 : Operation 75 [1/1] (1.86ns)   --->   "%rounded_11 = add i17 %v_16, i17 %zext_ln24_6" [serial_fft/fft_serial.cpp:24->serial_fft/fft_serial.cpp:147->serial_fft/fft_serial.cpp:245]   --->   Operation 75 'add' 'rounded_11' <Predicate = (!icmp_ln132 & icmp_ln21_15)> <Delay = 1.86> <CoreInst = "Adder">   --->   Core 1 'Adder' <Latency = 0> <II = 1> <Delay = 1.86> <FuncUnit> <Opcode : 'add' 'sub'> <InPorts = 2> <OutPorts = 1>
ST_2 : Operation 76 [1/1] (0.00ns) (grouped into LUT with out node b_re_15)   --->   "%b_re_6 = partselect i16 @_ssdm_op_PartSelect.i16.i17.i32.i32, i17 %rounded_11, i32 1, i32 16" [serial_fft/fft_serial.cpp:25->serial_fft/fft_serial.cpp:147->serial_fft/fft_serial.cpp:245]   --->   Operation 76 'partselect' 'b_re_6' <Predicate = (!icmp_ln132 & icmp_ln21_15)> <Delay = 0.00>
ST_2 : Operation 77 [1/1] (2.98ns)   --->   "%b_re_13 = shl i16 %b_re, i16 %zext_ln21" [serial_fft/fft_serial.cpp:21->serial_fft/fft_serial.cpp:147->serial_fft/fft_serial.cpp:245]   --->   Operation 77 'shl' 'b_re_13' <Predicate = (!icmp_ln132 & !icmp_ln21_15 & !icmp_ln21_14)> <Delay = 2.98> <CoreInst = "Shifter">   --->   Core 75 'Shifter' <Latency = 0> <II = 1> <Delay = 2.98> <FuncUnit> <Opcode : 'shl' 'lshr' 'ashr'> <InPorts = 2> <OutPorts = 1>
ST_2 : Operation 78 [1/1] (0.00ns) (grouped into LUT with out node b_re_15)   --->   "%b_re_14 = select i1 %icmp_ln21_14, i16 %b_re, i16 %b_re_13" [serial_fft/fft_serial.cpp:21->serial_fft/fft_serial.cpp:147->serial_fft/fft_serial.cpp:245]   --->   Operation 78 'select' 'b_re_14' <Predicate = (!icmp_ln132 & !icmp_ln21_15)> <Delay = 0.00> <CoreInst = "Sel">   --->   Core 73 'Sel' <Latency = 0> <II = 1> <Delay = 1.06> <FuncUnit> <Opcode : 'select'> <InPorts = 3> <OutPorts = 1>
ST_2 : Operation 79 [1/1] (1.06ns) (out node of the LUT)   --->   "%b_re_15 = select i1 %icmp_ln21_15, i16 %b_re_6, i16 %b_re_14" [serial_fft/fft_serial.cpp:21->serial_fft/fft_serial.cpp:147->serial_fft/fft_serial.cpp:245]   --->   Operation 79 'select' 'b_re_15' <Predicate = (!icmp_ln132)> <Delay = 1.06> <CoreInst = "Sel">   --->   Core 73 'Sel' <Latency = 0> <II = 1> <Delay = 1.06> <FuncUnit> <Opcode : 'select'> <InPorts = 3> <OutPorts = 1>
ST_2 : Operation 80 [2/2] (2.77ns)   --->   "%im_load_4 = load i9 %im_addr_4" [serial_fft/fft_serial.cpp:148->serial_fft/fft_serial.cpp:245]   --->   Operation 80 'load' 'im_load_4' <Predicate = (!icmp_ln132 & !trunc_ln132)> <Delay = 2.77> <CoreInst = "RAM">   --->   Core 82 'RAM' <Latency = 1> <II = 1> <Delay = 2.77> <Storage> <Opcode : 'load' 'store'> <Ports = 2> <Width = 17> <Depth = 512> <RAM>
ST_2 : Operation 81 [2/2] (2.77ns)   --->   "%im_1_load_4 = load i9 %im_1_addr_4" [serial_fft/fft_serial.cpp:148->serial_fft/fft_serial.cpp:245]   --->   Operation 81 'load' 'im_1_load_4' <Predicate = (!icmp_ln132 & trunc_ln132)> <Delay = 2.77> <CoreInst = "RAM">   --->   Core 82 'RAM' <Latency = 1> <II = 1> <Delay = 2.77> <Storage> <Opcode : 'load' 'store'> <Ports = 2> <Width = 17> <Depth = 512> <RAM>
ST_2 : Operation 82 [1/2] (2.77ns)   --->   "%w_re_20 = load i8 %TW_COS_LUT_addr" [./serial_fft/../twiddle_rom.h:25->serial_fft/fft_serial.cpp:152->serial_fft/fft_serial.cpp:245]   --->   Operation 82 'load' 'w_re_20' <Predicate = (!icmp_ln132)> <Delay = 2.77> <CoreInst = "ROM">   --->   Core 95 'ROM' <Latency = 1> <II = 1> <Delay = 2.77> <Storage> <Opcode : 'load'> <Ports = 0> <Width = 15> <Depth = 129> <ROM>
ST_2 : Operation 83 [1/1] (0.00ns) (grouped into LUT with out node w_re_18)   --->   "%zext_ln151 = zext i15 %w_re_20" [serial_fft/fft_serial.cpp:151->serial_fft/fft_serial.cpp:245]   --->   Operation 83 'zext' 'zext_ln151' <Predicate = (!icmp_ln132)> <Delay = 0.00>
ST_2 : Operation 84 [1/2] (2.77ns)   --->   "%sv = load i8 %TW_SIN_LUT_addr" [./serial_fft/../twiddle_rom.h:26->serial_fft/fft_serial.cpp:152->serial_fft/fft_serial.cpp:245]   --->   Operation 84 'load' 'sv' <Predicate = (!icmp_ln132)> <Delay = 2.77> <CoreInst = "ROM">   --->   Core 95 'ROM' <Latency = 1> <II = 1> <Delay = 2.77> <Storage> <Opcode : 'load'> <Ports = 0> <Width = 15> <Depth = 129> <ROM>
ST_2 : Operation 85 [1/1] (0.00ns) (grouped into LUT with out node w_re_17)   --->   "%zext_ln26 = zext i15 %sv" [./serial_fft/../twiddle_rom.h:26->serial_fft/fft_serial.cpp:152->serial_fft/fft_serial.cpp:245]   --->   Operation 85 'zext' 'zext_ln26' <Predicate = (!icmp_ln132)> <Delay = 0.00>
ST_2 : Operation 86 [1/1] (1.20ns)   --->   "%icmp_ln28 = icmp_eq  i2 %j, i2 2" [./serial_fft/../twiddle_rom.h:28->serial_fft/fft_serial.cpp:152->serial_fft/fft_serial.cpp:245]   --->   Operation 86 'icmp' 'icmp_ln28' <Predicate = (!icmp_ln132)> <Delay = 1.20> <CoreInst = "Cmp">   --->   Core 9 'Cmp' <Latency = 0> <II = 1> <Delay = 1.20> <FuncUnit> <Opcode : 'icmp'> <InPorts = 2> <OutPorts = 1>
ST_2 : Operation 87 [1/1] (0.00ns) (grouped into LUT with out node w_re_17)   --->   "%select_ln28 = select i1 %icmp_ln28, i15 %sv, i15 %w_re_20" [./serial_fft/../twiddle_rom.h:28->serial_fft/fft_serial.cpp:152->serial_fft/fft_serial.cpp:245]   --->   Operation 87 'select' 'select_ln28' <Predicate = (!icmp_ln132)> <Delay = 0.00> <CoreInst = "Sel">   --->   Core 73 'Sel' <Latency = 0> <II = 1> <Delay = 0.84> <FuncUnit> <Opcode : 'select'> <InPorts = 3> <OutPorts = 1>
ST_2 : Operation 88 [1/1] (0.00ns) (grouped into LUT with out node w_re_17)   --->   "%zext_ln28 = zext i15 %select_ln28" [./serial_fft/../twiddle_rom.h:28->serial_fft/fft_serial.cpp:152->serial_fft/fft_serial.cpp:245]   --->   Operation 88 'zext' 'zext_ln28' <Predicate = (!icmp_ln132)> <Delay = 0.00>
ST_2 : Operation 89 [1/1] (0.00ns) (grouped into LUT with out node w_re_17)   --->   "%w_re_16 = xor i16 %zext_ln28, i16 65535" [./serial_fft/../twiddle_rom.h:28->serial_fft/fft_serial.cpp:152->serial_fft/fft_serial.cpp:245]   --->   Operation 89 'xor' 'w_re_16' <Predicate = (!icmp_ln132)> <Delay = 0.00> <CoreInst = "LogicGate">   --->   Core 74 'LogicGate' <Latency = 0> <II = 1> <Delay = 0.80> <FuncUnit> <Opcode : 'and' 'or' 'xor'> <InPorts = 2> <OutPorts = 1>
ST_2 : Operation 90 [1/1] (1.20ns)   --->   "%icmp_ln28_1 = icmp_eq  i2 %j, i2 1" [./serial_fft/../twiddle_rom.h:28->serial_fft/fft_serial.cpp:152->serial_fft/fft_serial.cpp:245]   --->   Operation 90 'icmp' 'icmp_ln28_1' <Predicate = (!icmp_ln132)> <Delay = 1.20> <CoreInst = "Cmp">   --->   Core 9 'Cmp' <Latency = 0> <II = 1> <Delay = 1.20> <FuncUnit> <Opcode : 'icmp'> <InPorts = 2> <OutPorts = 1>
ST_2 : Operation 91 [1/1] (1.06ns) (out node of the LUT)   --->   "%w_re_17 = select i1 %icmp_ln28_1, i16 %zext_ln26, i16 %w_re_16" [./serial_fft/../twiddle_rom.h:28->serial_fft/fft_serial.cpp:152->serial_fft/fft_serial.cpp:245]   --->   Operation 91 'select' 'w_re_17' <Predicate = (!icmp_ln132)> <Delay = 1.06> <CoreInst = "Sel">   --->   Core 73 'Sel' <Latency = 0> <II = 1> <Delay = 1.06> <FuncUnit> <Opcode : 'select'> <InPorts = 3> <OutPorts = 1>
ST_2 : Operation 92 [1/1] (1.20ns)   --->   "%icmp_ln28_2 = icmp_eq  i2 %j, i2 0" [./serial_fft/../twiddle_rom.h:28->serial_fft/fft_serial.cpp:152->serial_fft/fft_serial.cpp:245]   --->   Operation 92 'icmp' 'icmp_ln28_2' <Predicate = (!icmp_ln132)> <Delay = 1.20> <CoreInst = "Cmp">   --->   Core 9 'Cmp' <Latency = 0> <II = 1> <Delay = 1.20> <FuncUnit> <Opcode : 'icmp'> <InPorts = 2> <OutPorts = 1>
ST_2 : Operation 93 [1/1] (1.06ns) (out node of the LUT)   --->   "%w_re_18 = select i1 %icmp_ln28_2, i16 %zext_ln151, i16 %w_re_17" [./serial_fft/../twiddle_rom.h:28->serial_fft/fft_serial.cpp:152->serial_fft/fft_serial.cpp:245]   --->   Operation 93 'select' 'w_re_18' <Predicate = (!icmp_ln132)> <Delay = 1.06> <CoreInst = "Sel">   --->   Core 73 'Sel' <Latency = 0> <II = 1> <Delay = 1.06> <FuncUnit> <Opcode : 'select'> <InPorts = 3> <OutPorts = 1>
ST_2 : Operation 94 [1/1] (0.00ns) (grouped into LUT with out node w_im)   --->   "%or_ln28 = or i1 %icmp_ln28_1, i1 %icmp_ln28" [./serial_fft/../twiddle_rom.h:28->serial_fft/fft_serial.cpp:152->serial_fft/fft_serial.cpp:245]   --->   Operation 94 'or' 'or_ln28' <Predicate = (!icmp_ln132)> <Delay = 0.00> <CoreInst = "LogicGate">   --->   Core 74 'LogicGate' <Latency = 0> <II = 1> <Delay = 0.80> <FuncUnit> <Opcode : 'and' 'or' 'xor'> <InPorts = 2> <OutPorts = 1>
ST_2 : Operation 95 [1/1] (0.00ns) (grouped into LUT with out node w_im)   --->   "%w_re_19 = select i1 %or_ln28, i15 %w_re_20, i15 %sv" [./serial_fft/../twiddle_rom.h:28->serial_fft/fft_serial.cpp:152->serial_fft/fft_serial.cpp:245]   --->   Operation 95 'select' 'w_re_19' <Predicate = (!icmp_ln132)> <Delay = 0.00> <CoreInst = "Sel">   --->   Core 73 'Sel' <Latency = 0> <II = 1> <Delay = 0.84> <FuncUnit> <Opcode : 'select'> <InPorts = 3> <OutPorts = 1>
ST_2 : Operation 96 [1/1] (0.00ns) (grouped into LUT with out node w_im)   --->   "%zext_ln151_1 = zext i15 %w_re_19" [serial_fft/fft_serial.cpp:151->serial_fft/fft_serial.cpp:245]   --->   Operation 96 'zext' 'zext_ln151_1' <Predicate = (!icmp_ln132)> <Delay = 0.00>
ST_2 : Operation 97 [1/1] (0.84ns) (out node of the LUT)   --->   "%w_im = xor i16 %zext_ln151_1, i16 65535" [serial_fft/fft_serial.cpp:151->serial_fft/fft_serial.cpp:245]   --->   Operation 97 'xor' 'w_im' <Predicate = (!icmp_ln132)> <Delay = 0.84> <CoreInst = "LogicGate">   --->   Core 74 'LogicGate' <Latency = 0> <II = 1> <Delay = 0.80> <FuncUnit> <Opcode : 'and' 'or' 'xor'> <InPorts = 2> <OutPorts = 1>
ST_2 : Operation 98 [1/1] (0.00ns)   --->   "%sext_ln159_3 = sext i16 %b_re_15" [serial_fft/fft_serial.cpp:159->serial_fft/fft_serial.cpp:245]   --->   Operation 98 'sext' 'sext_ln159_3' <Predicate = (!icmp_ln132)> <Delay = 0.00>
ST_2 : Operation 99 [1/1] (0.00ns)   --->   "%sext_ln159 = sext i16 %w_re_18" [serial_fft/fft_serial.cpp:159->serial_fft/fft_serial.cpp:245]   --->   Operation 99 'sext' 'sext_ln159' <Predicate = (!icmp_ln132)> <Delay = 0.00>
ST_2 : Operation 100 [4/4] (1.25ns)   --->   "%p_rr = mul i32 %sext_ln159, i32 %sext_ln159_3" [serial_fft/fft_serial.cpp:159->serial_fft/fft_serial.cpp:245]   --->   Operation 100 'mul' 'p_rr' <Predicate = (!icmp_ln132)> <Delay = 1.25> <CoreInst = "Mul_DSP">   --->   Core 5 'Mul_DSP' <Latency = 3> <II = 1> <Delay = 3.72> <FuncUnit> <Opcode : 'mul'> <InPorts = 2> <OutPorts = 1>

State 3 <SV = 2> <Delay = 6.70>
ST_3 : Operation 101 [1/2] (2.77ns)   --->   "%im_load = load i9 %im_addr" [serial_fft/fft_serial.cpp:146->serial_fft/fft_serial.cpp:245]   --->   Operation 101 'load' 'im_load' <Predicate = (!icmp_ln132 & !trunc_ln132)> <Delay = 2.77> <CoreInst = "RAM">   --->   Core 82 'RAM' <Latency = 1> <II = 1> <Delay = 2.77> <Storage> <Opcode : 'load' 'store'> <Ports = 2> <Width = 17> <Depth = 512> <RAM>
ST_3 : Operation 102 [1/2] (2.77ns)   --->   "%im_1_load = load i9 %im_1_addr" [serial_fft/fft_serial.cpp:146->serial_fft/fft_serial.cpp:245]   --->   Operation 102 'load' 'im_1_load' <Predicate = (!icmp_ln132 & trunc_ln132)> <Delay = 2.77> <CoreInst = "RAM">   --->   Core 82 'RAM' <Latency = 1> <II = 1> <Delay = 2.77> <Storage> <Opcode : 'load' 'store'> <Ports = 2> <Width = 17> <Depth = 512> <RAM>
ST_3 : Operation 103 [1/2] (2.77ns)   --->   "%im_load_4 = load i9 %im_addr_4" [serial_fft/fft_serial.cpp:148->serial_fft/fft_serial.cpp:245]   --->   Operation 103 'load' 'im_load_4' <Predicate = (!icmp_ln132 & !trunc_ln132)> <Delay = 2.77> <CoreInst = "RAM">   --->   Core 82 'RAM' <Latency = 1> <II = 1> <Delay = 2.77> <Storage> <Opcode : 'load' 'store'> <Ports = 2> <Width = 17> <Depth = 512> <RAM>
ST_3 : Operation 104 [1/2] (2.77ns)   --->   "%im_1_load_4 = load i9 %im_1_addr_4" [serial_fft/fft_serial.cpp:148->serial_fft/fft_serial.cpp:245]   --->   Operation 104 'load' 'im_1_load_4' <Predicate = (!icmp_ln132 & trunc_ln132)> <Delay = 2.77> <CoreInst = "RAM">   --->   Core 82 'RAM' <Latency = 1> <II = 1> <Delay = 2.77> <Storage> <Opcode : 'load' 'store'> <Ports = 2> <Width = 17> <Depth = 512> <RAM>
ST_3 : Operation 105 [1/1] (0.94ns)   --->   "%v_17 = select i1 %trunc_ln132, i17 %im_1_load_4, i17 %im_load_4" [serial_fft/fft_serial.cpp:132->serial_fft/fft_serial.cpp:245]   --->   Operation 105 'select' 'v_17' <Predicate = (!icmp_ln132)> <Delay = 0.94> <CoreInst = "Sel">   --->   Core 73 'Sel' <Latency = 0> <II = 1> <Delay = 0.94> <FuncUnit> <Opcode : 'select'> <InPorts = 3> <OutPorts = 1>
ST_3 : Operation 106 [1/1] (0.00ns)   --->   "%trunc_ln19_12 = trunc i17 %v_17" [serial_fft/fft_serial.cpp:19->serial_fft/fft_serial.cpp:148->serial_fft/fft_serial.cpp:245]   --->   Operation 106 'trunc' 'trunc_ln19_12' <Predicate = (!icmp_ln132 & icmp_ln21_15)> <Delay = 0.00>
ST_3 : Operation 107 [1/1] (0.00ns)   --->   "%b_im = trunc i17 %v_17" [serial_fft/fft_serial.cpp:34->serial_fft/fft_serial.cpp:148->serial_fft/fft_serial.cpp:245]   --->   Operation 107 'trunc' 'b_im' <Predicate = (!icmp_ln132 & !icmp_ln21_15)> <Delay = 0.00>
ST_3 : Operation 108 [1/1] (1.20ns)   --->   "%icmp_ln24_7 = icmp_eq  i2 %trunc_ln19_12, i2 3" [serial_fft/fft_serial.cpp:24->serial_fft/fft_serial.cpp:148->serial_fft/fft_serial.cpp:245]   --->   Operation 108 'icmp' 'icmp_ln24_7' <Predicate = (!icmp_ln132 & icmp_ln21_15)> <Delay = 1.20> <CoreInst = "Cmp">   --->   Core 9 'Cmp' <Latency = 0> <II = 1> <Delay = 1.20> <FuncUnit> <Opcode : 'icmp'> <InPorts = 2> <OutPorts = 1>
ST_3 : Operation 109 [1/1] (2.98ns)   --->   "%b_im_13 = shl i16 %b_im, i16 %zext_ln21" [serial_fft/fft_serial.cpp:21->serial_fft/fft_serial.cpp:148->serial_fft/fft_serial.cpp:245]   --->   Operation 109 'shl' 'b_im_13' <Predicate = (!icmp_ln132 & !icmp_ln21_15 & !icmp_ln21_14)> <Delay = 2.98> <CoreInst = "Shifter">   --->   Core 75 'Shifter' <Latency = 0> <II = 1> <Delay = 2.98> <FuncUnit> <Opcode : 'shl' 'lshr' 'ashr'> <InPorts = 2> <OutPorts = 1>
ST_3 : Operation 110 [3/4] (1.25ns)   --->   "%p_rr = mul i32 %sext_ln159, i32 %sext_ln159_3" [serial_fft/fft_serial.cpp:159->serial_fft/fft_serial.cpp:245]   --->   Operation 110 'mul' 'p_rr' <Predicate = (!icmp_ln132)> <Delay = 1.25> <CoreInst = "Mul_DSP">   --->   Core 5 'Mul_DSP' <Latency = 3> <II = 1> <Delay = 3.72> <FuncUnit> <Opcode : 'mul'> <InPorts = 2> <OutPorts = 1>
ST_3 : Operation 111 [1/1] (0.00ns)   --->   "%sext_ln160_3 = sext i16 %w_im" [serial_fft/fft_serial.cpp:160->serial_fft/fft_serial.cpp:245]   --->   Operation 111 'sext' 'sext_ln160_3' <Predicate = (!icmp_ln132)> <Delay = 0.00>
ST_3 : Operation 112 [4/4] (1.25ns)   --->   "%p_ri = mul i32 %sext_ln160_3, i32 %sext_ln159_3" [serial_fft/fft_serial.cpp:161->serial_fft/fft_serial.cpp:245]   --->   Operation 112 'mul' 'p_ri' <Predicate = (!icmp_ln132)> <Delay = 1.25> <CoreInst = "Mul_DSP">   --->   Core 5 'Mul_DSP' <Latency = 3> <II = 1> <Delay = 3.72> <FuncUnit> <Opcode : 'mul'> <InPorts = 2> <OutPorts = 1>

State 4 <SV = 3> <Delay = 5.07>
ST_4 : Operation 113 [1/1] (0.94ns)   --->   "%v_12 = select i1 %trunc_ln132, i17 %re_1_load, i17 %re_load" [serial_fft/fft_serial.cpp:132->serial_fft/fft_serial.cpp:245]   --->   Operation 113 'select' 'v_12' <Predicate = (!icmp_ln132)> <Delay = 0.94> <CoreInst = "Sel">   --->   Core 73 'Sel' <Latency = 0> <II = 1> <Delay = 0.94> <FuncUnit> <Opcode : 'select'> <InPorts = 3> <OutPorts = 1>
ST_4 : Operation 114 [1/1] (0.00ns)   --->   "%trunc_ln19 = trunc i17 %v_12" [serial_fft/fft_serial.cpp:19->serial_fft/fft_serial.cpp:145->serial_fft/fft_serial.cpp:245]   --->   Operation 114 'trunc' 'trunc_ln19' <Predicate = (!icmp_ln132 & icmp_ln21_15)> <Delay = 0.00>
ST_4 : Operation 115 [1/1] (0.00ns)   --->   "%a_re = trunc i17 %v_12" [serial_fft/fft_serial.cpp:34->serial_fft/fft_serial.cpp:145->serial_fft/fft_serial.cpp:245]   --->   Operation 115 'trunc' 'a_re' <Predicate = (!icmp_ln132 & !icmp_ln21_15)> <Delay = 0.00>
ST_4 : Operation 116 [1/1] (1.20ns)   --->   "%icmp_ln24_4 = icmp_eq  i2 %trunc_ln19, i2 3" [serial_fft/fft_serial.cpp:24->serial_fft/fft_serial.cpp:145->serial_fft/fft_serial.cpp:245]   --->   Operation 116 'icmp' 'icmp_ln24_4' <Predicate = (!icmp_ln132 & icmp_ln21_15)> <Delay = 1.20> <CoreInst = "Cmp">   --->   Core 9 'Cmp' <Latency = 0> <II = 1> <Delay = 1.20> <FuncUnit> <Opcode : 'icmp'> <InPorts = 2> <OutPorts = 1>
ST_4 : Operation 117 [1/1] (0.00ns)   --->   "%zext_ln24_4 = zext i1 %icmp_ln24_4" [serial_fft/fft_serial.cpp:24->serial_fft/fft_serial.cpp:145->serial_fft/fft_serial.cpp:245]   --->   Operation 117 'zext' 'zext_ln24_4' <Predicate = (!icmp_ln132 & icmp_ln21_15)> <Delay = 0.00>
ST_4 : Operation 118 [1/1] (1.86ns)   --->   "%rounded = add i17 %v_12, i17 %zext_ln24_4" [serial_fft/fft_serial.cpp:24->serial_fft/fft_serial.cpp:145->serial_fft/fft_serial.cpp:245]   --->   Operation 118 'add' 'rounded' <Predicate = (!icmp_ln132 & icmp_ln21_15)> <Delay = 1.86> <CoreInst = "Adder">   --->   Core 1 'Adder' <Latency = 0> <II = 1> <Delay = 1.86> <FuncUnit> <Opcode : 'add' 'sub'> <InPorts = 2> <OutPorts = 1>
ST_4 : Operation 119 [1/1] (0.00ns) (grouped into LUT with out node a_re_15)   --->   "%a_re_6 = partselect i16 @_ssdm_op_PartSelect.i16.i17.i32.i32, i17 %rounded, i32 1, i32 16" [serial_fft/fft_serial.cpp:25->serial_fft/fft_serial.cpp:145->serial_fft/fft_serial.cpp:245]   --->   Operation 119 'partselect' 'a_re_6' <Predicate = (!icmp_ln132 & icmp_ln21_15)> <Delay = 0.00>
ST_4 : Operation 120 [1/1] (2.98ns)   --->   "%a_re_13 = shl i16 %a_re, i16 %zext_ln21" [serial_fft/fft_serial.cpp:21->serial_fft/fft_serial.cpp:145->serial_fft/fft_serial.cpp:245]   --->   Operation 120 'shl' 'a_re_13' <Predicate = (!icmp_ln132 & !icmp_ln21_15 & !icmp_ln21_14)> <Delay = 2.98> <CoreInst = "Shifter">   --->   Core 75 'Shifter' <Latency = 0> <II = 1> <Delay = 2.98> <FuncUnit> <Opcode : 'shl' 'lshr' 'ashr'> <InPorts = 2> <OutPorts = 1>
ST_4 : Operation 121 [1/1] (0.00ns) (grouped into LUT with out node a_re_15)   --->   "%a_re_14 = select i1 %icmp_ln21_14, i16 %a_re, i16 %a_re_13" [serial_fft/fft_serial.cpp:21->serial_fft/fft_serial.cpp:145->serial_fft/fft_serial.cpp:245]   --->   Operation 121 'select' 'a_re_14' <Predicate = (!icmp_ln132 & !icmp_ln21_15)> <Delay = 0.00> <CoreInst = "Sel">   --->   Core 73 'Sel' <Latency = 0> <II = 1> <Delay = 1.06> <FuncUnit> <Opcode : 'select'> <InPorts = 3> <OutPorts = 1>
ST_4 : Operation 122 [1/1] (1.06ns) (out node of the LUT)   --->   "%a_re_15 = select i1 %icmp_ln21_15, i16 %a_re_6, i16 %a_re_14" [serial_fft/fft_serial.cpp:21->serial_fft/fft_serial.cpp:145->serial_fft/fft_serial.cpp:245]   --->   Operation 122 'select' 'a_re_15' <Predicate = (!icmp_ln132)> <Delay = 1.06> <CoreInst = "Sel">   --->   Core 73 'Sel' <Latency = 0> <II = 1> <Delay = 1.06> <FuncUnit> <Opcode : 'select'> <InPorts = 3> <OutPorts = 1>
ST_4 : Operation 123 [1/1] (0.00ns)   --->   "%zext_ln24_7 = zext i1 %icmp_ln24_7" [serial_fft/fft_serial.cpp:24->serial_fft/fft_serial.cpp:148->serial_fft/fft_serial.cpp:245]   --->   Operation 123 'zext' 'zext_ln24_7' <Predicate = (!icmp_ln132 & icmp_ln21_15)> <Delay = 0.00>
ST_4 : Operation 124 [1/1] (1.86ns)   --->   "%rounded_12 = add i17 %v_17, i17 %zext_ln24_7" [serial_fft/fft_serial.cpp:24->serial_fft/fft_serial.cpp:148->serial_fft/fft_serial.cpp:245]   --->   Operation 124 'add' 'rounded_12' <Predicate = (!icmp_ln132 & icmp_ln21_15)> <Delay = 1.86> <CoreInst = "Adder">   --->   Core 1 'Adder' <Latency = 0> <II = 1> <Delay = 1.86> <FuncUnit> <Opcode : 'add' 'sub'> <InPorts = 2> <OutPorts = 1>
ST_4 : Operation 125 [1/1] (0.00ns) (grouped into LUT with out node b_im_15)   --->   "%b_im_6 = partselect i16 @_ssdm_op_PartSelect.i16.i17.i32.i32, i17 %rounded_12, i32 1, i32 16" [serial_fft/fft_serial.cpp:25->serial_fft/fft_serial.cpp:148->serial_fft/fft_serial.cpp:245]   --->   Operation 125 'partselect' 'b_im_6' <Predicate = (!icmp_ln132 & icmp_ln21_15)> <Delay = 0.00>
ST_4 : Operation 126 [1/1] (0.00ns) (grouped into LUT with out node b_im_15)   --->   "%b_im_14 = select i1 %icmp_ln21_14, i16 %b_im, i16 %b_im_13" [serial_fft/fft_serial.cpp:21->serial_fft/fft_serial.cpp:148->serial_fft/fft_serial.cpp:245]   --->   Operation 126 'select' 'b_im_14' <Predicate = (!icmp_ln132 & !icmp_ln21_15)> <Delay = 0.00> <CoreInst = "Sel">   --->   Core 73 'Sel' <Latency = 0> <II = 1> <Delay = 1.06> <FuncUnit> <Opcode : 'select'> <InPorts = 3> <OutPorts = 1>
ST_4 : Operation 127 [1/1] (1.06ns) (out node of the LUT)   --->   "%b_im_15 = select i1 %icmp_ln21_15, i16 %b_im_6, i16 %b_im_14" [serial_fft/fft_serial.cpp:21->serial_fft/fft_serial.cpp:148->serial_fft/fft_serial.cpp:245]   --->   Operation 127 'select' 'b_im_15' <Predicate = (!icmp_ln132)> <Delay = 1.06> <CoreInst = "Sel">   --->   Core 73 'Sel' <Latency = 0> <II = 1> <Delay = 1.06> <FuncUnit> <Opcode : 'select'> <InPorts = 3> <OutPorts = 1>
ST_4 : Operation 128 [2/4] (1.25ns)   --->   "%p_rr = mul i32 %sext_ln159, i32 %sext_ln159_3" [serial_fft/fft_serial.cpp:159->serial_fft/fft_serial.cpp:245]   --->   Operation 128 'mul' 'p_rr' <Predicate = (!icmp_ln132)> <Delay = 1.25> <CoreInst = "Mul_DSP">   --->   Core 5 'Mul_DSP' <Latency = 3> <II = 1> <Delay = 3.72> <FuncUnit> <Opcode : 'mul'> <InPorts = 2> <OutPorts = 1>
ST_4 : Operation 129 [3/4] (1.25ns)   --->   "%p_ri = mul i32 %sext_ln160_3, i32 %sext_ln159_3" [serial_fft/fft_serial.cpp:161->serial_fft/fft_serial.cpp:245]   --->   Operation 129 'mul' 'p_ri' <Predicate = (!icmp_ln132)> <Delay = 1.25> <CoreInst = "Mul_DSP">   --->   Core 5 'Mul_DSP' <Latency = 3> <II = 1> <Delay = 3.72> <FuncUnit> <Opcode : 'mul'> <InPorts = 2> <OutPorts = 1>

State 5 <SV = 4> <Delay = 10.9>
ST_5 : Operation 130 [1/1] (0.94ns)   --->   "%v_15 = select i1 %trunc_ln132, i17 %im_1_load, i17 %im_load" [serial_fft/fft_serial.cpp:132->serial_fft/fft_serial.cpp:245]   --->   Operation 130 'select' 'v_15' <Predicate = (!icmp_ln132)> <Delay = 0.94> <CoreInst = "Sel">   --->   Core 73 'Sel' <Latency = 0> <II = 1> <Delay = 0.94> <FuncUnit> <Opcode : 'select'> <InPorts = 3> <OutPorts = 1>
ST_5 : Operation 131 [1/1] (0.00ns)   --->   "%trunc_ln19_10 = trunc i17 %v_15" [serial_fft/fft_serial.cpp:19->serial_fft/fft_serial.cpp:146->serial_fft/fft_serial.cpp:245]   --->   Operation 131 'trunc' 'trunc_ln19_10' <Predicate = (!icmp_ln132 & icmp_ln21_15)> <Delay = 0.00>
ST_5 : Operation 132 [1/1] (0.00ns)   --->   "%a_im = trunc i17 %v_15" [serial_fft/fft_serial.cpp:34->serial_fft/fft_serial.cpp:146->serial_fft/fft_serial.cpp:245]   --->   Operation 132 'trunc' 'a_im' <Predicate = (!icmp_ln132 & !icmp_ln21_15)> <Delay = 0.00>
ST_5 : Operation 133 [1/1] (1.20ns)   --->   "%icmp_ln24_5 = icmp_eq  i2 %trunc_ln19_10, i2 3" [serial_fft/fft_serial.cpp:24->serial_fft/fft_serial.cpp:146->serial_fft/fft_serial.cpp:245]   --->   Operation 133 'icmp' 'icmp_ln24_5' <Predicate = (!icmp_ln132 & icmp_ln21_15)> <Delay = 1.20> <CoreInst = "Cmp">   --->   Core 9 'Cmp' <Latency = 0> <II = 1> <Delay = 1.20> <FuncUnit> <Opcode : 'icmp'> <InPorts = 2> <OutPorts = 1>
ST_5 : Operation 134 [1/1] (0.00ns)   --->   "%zext_ln24_5 = zext i1 %icmp_ln24_5" [serial_fft/fft_serial.cpp:24->serial_fft/fft_serial.cpp:146->serial_fft/fft_serial.cpp:245]   --->   Operation 134 'zext' 'zext_ln24_5' <Predicate = (!icmp_ln132 & icmp_ln21_15)> <Delay = 0.00>
ST_5 : Operation 135 [1/1] (1.86ns)   --->   "%rounded_10 = add i17 %v_15, i17 %zext_ln24_5" [serial_fft/fft_serial.cpp:24->serial_fft/fft_serial.cpp:146->serial_fft/fft_serial.cpp:245]   --->   Operation 135 'add' 'rounded_10' <Predicate = (!icmp_ln132 & icmp_ln21_15)> <Delay = 1.86> <CoreInst = "Adder">   --->   Core 1 'Adder' <Latency = 0> <II = 1> <Delay = 1.86> <FuncUnit> <Opcode : 'add' 'sub'> <InPorts = 2> <OutPorts = 1>
ST_5 : Operation 136 [1/1] (0.00ns) (grouped into LUT with out node a_im_15)   --->   "%a_im_6 = partselect i16 @_ssdm_op_PartSelect.i16.i17.i32.i32, i17 %rounded_10, i32 1, i32 16" [serial_fft/fft_serial.cpp:25->serial_fft/fft_serial.cpp:146->serial_fft/fft_serial.cpp:245]   --->   Operation 136 'partselect' 'a_im_6' <Predicate = (!icmp_ln132 & icmp_ln21_15)> <Delay = 0.00>
ST_5 : Operation 137 [1/1] (2.98ns)   --->   "%a_im_13 = shl i16 %a_im, i16 %zext_ln21" [serial_fft/fft_serial.cpp:21->serial_fft/fft_serial.cpp:146->serial_fft/fft_serial.cpp:245]   --->   Operation 137 'shl' 'a_im_13' <Predicate = (!icmp_ln132 & !icmp_ln21_15 & !icmp_ln21_14)> <Delay = 2.98> <CoreInst = "Shifter">   --->   Core 75 'Shifter' <Latency = 0> <II = 1> <Delay = 2.98> <FuncUnit> <Opcode : 'shl' 'lshr' 'ashr'> <InPorts = 2> <OutPorts = 1>
ST_5 : Operation 138 [1/1] (0.00ns) (grouped into LUT with out node a_im_15)   --->   "%a_im_14 = select i1 %icmp_ln21_14, i16 %a_im, i16 %a_im_13" [serial_fft/fft_serial.cpp:21->serial_fft/fft_serial.cpp:146->serial_fft/fft_serial.cpp:245]   --->   Operation 138 'select' 'a_im_14' <Predicate = (!icmp_ln132 & !icmp_ln21_15)> <Delay = 0.00> <CoreInst = "Sel">   --->   Core 73 'Sel' <Latency = 0> <II = 1> <Delay = 1.06> <FuncUnit> <Opcode : 'select'> <InPorts = 3> <OutPorts = 1>
ST_5 : Operation 139 [1/1] (1.06ns) (out node of the LUT)   --->   "%a_im_15 = select i1 %icmp_ln21_15, i16 %a_im_6, i16 %a_im_14" [serial_fft/fft_serial.cpp:21->serial_fft/fft_serial.cpp:146->serial_fft/fft_serial.cpp:245]   --->   Operation 139 'select' 'a_im_15' <Predicate = (!icmp_ln132)> <Delay = 1.06> <CoreInst = "Sel">   --->   Core 73 'Sel' <Latency = 0> <II = 1> <Delay = 1.06> <FuncUnit> <Opcode : 'select'> <InPorts = 3> <OutPorts = 1>
ST_5 : Operation 140 [1/4] (1.25ns)   --->   "%p_rr = mul i32 %sext_ln159, i32 %sext_ln159_3" [serial_fft/fft_serial.cpp:159->serial_fft/fft_serial.cpp:245]   --->   Operation 140 'mul' 'p_rr' <Predicate = (!icmp_ln132)> <Delay = 1.25> <CoreInst = "Mul_DSP">   --->   Core 5 'Mul_DSP' <Latency = 3> <II = 1> <Delay = 3.72> <FuncUnit> <Opcode : 'mul'> <InPorts = 2> <OutPorts = 1>
ST_5 : Operation 141 [1/1] (0.00ns)   --->   "%specfucore_ln163 = specfucore void @_ssdm_op_SpecFUCore, i32 %p_rr, i64 12, i64 3, i64 3" [serial_fft/fft_serial.cpp:163->serial_fft/fft_serial.cpp:245]   --->   Operation 141 'specfucore' 'specfucore_ln163' <Predicate = (!icmp_ln132)> <Delay = 0.00>
ST_5 : Operation 142 [1/1] (0.00ns)   --->   "%sext_ln160_2 = sext i16 %b_im_15" [serial_fft/fft_serial.cpp:160->serial_fft/fft_serial.cpp:245]   --->   Operation 142 'sext' 'sext_ln160_2' <Predicate = (!icmp_ln132)> <Delay = 0.00>
ST_5 : Operation 143 [1/1] (2.82ns) (grouped into DSP with root node wb_re)   --->   "%p_ii = mul i32 %sext_ln160_3, i32 %sext_ln160_2" [serial_fft/fft_serial.cpp:160->serial_fft/fft_serial.cpp:245]   --->   Operation 143 'mul' 'p_ii' <Predicate = (!icmp_ln132)> <Delay = 2.82> <CoreInst = "DSP48">   --->   Core 119 'DSP48' <Latency = 0> <II = 1> <Delay = 6.35> <IPBlock> <Opcode : '' 'add' 'sub' 'mul' 'select'> <InPorts = 0> <OutPorts = 1> <Sync> <CReg>
ST_5 : Operation 144 [1/1] (0.00ns)   --->   "%specfucore_ln164 = specfucore void @_ssdm_op_SpecFUCore, i32 %p_ii, i64 12, i64 3, i64 3" [serial_fft/fft_serial.cpp:164->serial_fft/fft_serial.cpp:245]   --->   Operation 144 'specfucore' 'specfucore_ln164' <Predicate = (!icmp_ln132)> <Delay = 0.00>
ST_5 : Operation 145 [2/4] (1.25ns)   --->   "%p_ri = mul i32 %sext_ln160_3, i32 %sext_ln159_3" [serial_fft/fft_serial.cpp:161->serial_fft/fft_serial.cpp:245]   --->   Operation 145 'mul' 'p_ri' <Predicate = (!icmp_ln132)> <Delay = 1.25> <CoreInst = "Mul_DSP">   --->   Core 5 'Mul_DSP' <Latency = 3> <II = 1> <Delay = 3.72> <FuncUnit> <Opcode : 'mul'> <InPorts = 2> <OutPorts = 1>
ST_5 : Operation 146 [1/1] (3.53ns) (root node of the DSP)   --->   "%wb_re = sub i32 %p_rr, i32 %p_ii" [serial_fft/fft_serial.cpp:167->serial_fft/fft_serial.cpp:245]   --->   Operation 146 'sub' 'wb_re' <Predicate = (!icmp_ln132)> <Delay = 3.53> <CoreInst = "DSP48">   --->   Core 119 'DSP48' <Latency = 0> <II = 1> <Delay = 6.35> <IPBlock> <Opcode : '' 'add' 'sub' 'mul' 'select'> <InPorts = 0> <OutPorts = 1> <Sync> <CReg>
ST_5 : Operation 147 [1/1] (0.00ns)   --->   "%wb_re_s = partselect i17 @_ssdm_op_PartSelect.i17.i32.i32.i32, i32 %wb_re, i32 15, i32 31" [serial_fft/fft_serial.cpp:169->serial_fft/fft_serial.cpp:245]   --->   Operation 147 'partselect' 'wb_re_s' <Predicate = (!icmp_ln132)> <Delay = 0.00>
ST_5 : Operation 148 [1/1] (0.00ns)   --->   "%sext_ln175 = sext i16 %a_re_15" [serial_fft/fft_serial.cpp:175->serial_fft/fft_serial.cpp:245]   --->   Operation 148 'sext' 'sext_ln175' <Predicate = (!icmp_ln132)> <Delay = 0.00>
ST_5 : Operation 149 [1/1] (1.86ns)   --->   "%a_re_out = add i17 %wb_re_s, i17 %sext_ln175" [serial_fft/fft_serial.cpp:173->serial_fft/fft_serial.cpp:245]   --->   Operation 149 'add' 'a_re_out' <Predicate = (!icmp_ln132)> <Delay = 1.86> <CoreInst = "Adder">   --->   Core 1 'Adder' <Latency = 0> <II = 1> <Delay = 1.86> <FuncUnit> <Opcode : 'add' 'sub'> <InPorts = 2> <OutPorts = 1>
ST_5 : Operation 150 [1/1] (1.86ns)   --->   "%b_re_out = sub i17 %sext_ln175, i17 %wb_re_s" [serial_fft/fft_serial.cpp:175->serial_fft/fft_serial.cpp:245]   --->   Operation 150 'sub' 'b_re_out' <Predicate = (!icmp_ln132)> <Delay = 1.86> <CoreInst = "Adder">   --->   Core 1 'Adder' <Latency = 0> <II = 1> <Delay = 1.86> <FuncUnit> <Opcode : 'add' 'sub'> <InPorts = 2> <OutPorts = 1>
ST_5 : Operation 151 [1/1] (2.77ns)   --->   "%store_ln179 = store i17 %a_re_out, i9 %re_addr" [serial_fft/fft_serial.cpp:179->serial_fft/fft_serial.cpp:245]   --->   Operation 151 'store' 'store_ln179' <Predicate = (!icmp_ln132 & !trunc_ln132)> <Delay = 2.77> <CoreInst = "RAM">   --->   Core 82 'RAM' <Latency = 1> <II = 1> <Delay = 2.77> <Storage> <Opcode : 'load' 'store'> <Ports = 2> <Width = 17> <Depth = 512> <RAM>
ST_5 : Operation 152 [1/1] (2.77ns)   --->   "%store_ln180 = store i17 %b_re_out, i9 %re_addr_4" [serial_fft/fft_serial.cpp:180->serial_fft/fft_serial.cpp:245]   --->   Operation 152 'store' 'store_ln180' <Predicate = (!icmp_ln132 & !trunc_ln132)> <Delay = 2.77> <CoreInst = "RAM">   --->   Core 82 'RAM' <Latency = 1> <II = 1> <Delay = 2.77> <Storage> <Opcode : 'load' 'store'> <Ports = 2> <Width = 17> <Depth = 512> <RAM>
ST_5 : Operation 153 [1/1] (2.77ns)   --->   "%store_ln179 = store i17 %a_re_out, i9 %re_1_addr" [serial_fft/fft_serial.cpp:179->serial_fft/fft_serial.cpp:245]   --->   Operation 153 'store' 'store_ln179' <Predicate = (!icmp_ln132 & trunc_ln132)> <Delay = 2.77> <CoreInst = "RAM">   --->   Core 82 'RAM' <Latency = 1> <II = 1> <Delay = 2.77> <Storage> <Opcode : 'load' 'store'> <Ports = 2> <Width = 17> <Depth = 512> <RAM>
ST_5 : Operation 154 [1/1] (2.77ns)   --->   "%store_ln180 = store i17 %b_re_out, i9 %re_1_addr_4" [serial_fft/fft_serial.cpp:180->serial_fft/fft_serial.cpp:245]   --->   Operation 154 'store' 'store_ln180' <Predicate = (!icmp_ln132 & trunc_ln132)> <Delay = 2.77> <CoreInst = "RAM">   --->   Core 82 'RAM' <Latency = 1> <II = 1> <Delay = 2.77> <Storage> <Opcode : 'load' 'store'> <Ports = 2> <Width = 17> <Depth = 512> <RAM>

State 6 <SV = 5> <Delay = 10.9>
ST_6 : Operation 155 [1/1] (0.00ns)   --->   "%specpipeline_ln133 = specpipeline void @_ssdm_op_SpecPipeline, i32 1, i32 0, i32 0, i32 0, void @empty_36" [serial_fft/fft_serial.cpp:133->serial_fft/fft_serial.cpp:245]   --->   Operation 155 'specpipeline' 'specpipeline_ln133' <Predicate = true> <Delay = 0.00>
ST_6 : Operation 156 [1/1] (0.00ns)   --->   "%speclooptripcount_ln132 = speclooptripcount void @_ssdm_op_SpecLoopTripCount, i64 512, i64 512, i64 512" [serial_fft/fft_serial.cpp:132->serial_fft/fft_serial.cpp:245]   --->   Operation 156 'speclooptripcount' 'speclooptripcount_ln132' <Predicate = true> <Delay = 0.00>
ST_6 : Operation 157 [1/1] (0.00ns)   --->   "%specloopname_ln132 = specloopname void @_ssdm_op_SpecLoopName, void @empty_52" [serial_fft/fft_serial.cpp:132->serial_fft/fft_serial.cpp:245]   --->   Operation 157 'specloopname' 'specloopname_ln132' <Predicate = true> <Delay = 0.00>
ST_6 : Operation 158 [1/1] (0.00ns)   --->   "%rbegin9 = specregionbegin i32 @_ssdm_op_SpecRegionBegin, void @empty_28" [serial_fft/fft_serial.cpp:159->serial_fft/fft_serial.cpp:245]   --->   Operation 158 'specregionbegin' 'rbegin9' <Predicate = true> <Delay = 0.00>
ST_6 : Operation 159 [1/1] (0.00ns)   --->   "%rend237 = specregionend i32 @_ssdm_op_SpecRegionEnd, void @empty_28, i32 %rbegin9" [serial_fft/fft_serial.cpp:159->serial_fft/fft_serial.cpp:245]   --->   Operation 159 'specregionend' 'rend237' <Predicate = true> <Delay = 0.00>
ST_6 : Operation 160 [1/1] (0.00ns)   --->   "%rbegin2 = specregionbegin i32 @_ssdm_op_SpecRegionBegin, void @empty_27" [serial_fft/fft_serial.cpp:160->serial_fft/fft_serial.cpp:245]   --->   Operation 160 'specregionbegin' 'rbegin2' <Predicate = true> <Delay = 0.00>
ST_6 : Operation 161 [1/1] (0.00ns)   --->   "%rend235 = specregionend i32 @_ssdm_op_SpecRegionEnd, void @empty_27, i32 %rbegin2" [serial_fft/fft_serial.cpp:160->serial_fft/fft_serial.cpp:245]   --->   Operation 161 'specregionend' 'rend235' <Predicate = true> <Delay = 0.00>
ST_6 : Operation 162 [1/1] (0.00ns)   --->   "%rbegin3 = specregionbegin i32 @_ssdm_op_SpecRegionBegin, void @empty_26" [serial_fft/fft_serial.cpp:161->serial_fft/fft_serial.cpp:245]   --->   Operation 162 'specregionbegin' 'rbegin3' <Predicate = true> <Delay = 0.00>
ST_6 : Operation 163 [1/4] (1.25ns)   --->   "%p_ri = mul i32 %sext_ln160_3, i32 %sext_ln159_3" [serial_fft/fft_serial.cpp:161->serial_fft/fft_serial.cpp:245]   --->   Operation 163 'mul' 'p_ri' <Predicate = true> <Delay = 1.25> <CoreInst = "Mul_DSP">   --->   Core 5 'Mul_DSP' <Latency = 3> <II = 1> <Delay = 3.72> <FuncUnit> <Opcode : 'mul'> <InPorts = 2> <OutPorts = 1>
ST_6 : Operation 164 [1/1] (0.00ns)   --->   "%specfucore_ln165 = specfucore void @_ssdm_op_SpecFUCore, i32 %p_ri, i64 12, i64 3, i64 3" [serial_fft/fft_serial.cpp:165->serial_fft/fft_serial.cpp:245]   --->   Operation 164 'specfucore' 'specfucore_ln165' <Predicate = true> <Delay = 0.00>
ST_6 : Operation 165 [1/1] (0.00ns)   --->   "%rend233 = specregionend i32 @_ssdm_op_SpecRegionEnd, void @empty_26, i32 %rbegin3" [serial_fft/fft_serial.cpp:161->serial_fft/fft_serial.cpp:245]   --->   Operation 165 'specregionend' 'rend233' <Predicate = true> <Delay = 0.00>
ST_6 : Operation 166 [1/1] (0.00ns)   --->   "%rbegin = specregionbegin i32 @_ssdm_op_SpecRegionBegin, void @empty_25" [serial_fft/fft_serial.cpp:162->serial_fft/fft_serial.cpp:245]   --->   Operation 166 'specregionbegin' 'rbegin' <Predicate = true> <Delay = 0.00>
ST_6 : Operation 167 [1/1] (2.82ns) (grouped into DSP with root node wb_im)   --->   "%p_ir = mul i32 %sext_ln159, i32 %sext_ln160_2" [serial_fft/fft_serial.cpp:162->serial_fft/fft_serial.cpp:245]   --->   Operation 167 'mul' 'p_ir' <Predicate = true> <Delay = 2.82> <CoreInst = "DSP48">   --->   Core 119 'DSP48' <Latency = 0> <II = 1> <Delay = 6.35> <IPBlock> <Opcode : '' 'add' 'sub' 'mul' 'select'> <InPorts = 0> <OutPorts = 1> <Sync> <CReg>
ST_6 : Operation 168 [1/1] (0.00ns)   --->   "%specfucore_ln166 = specfucore void @_ssdm_op_SpecFUCore, i32 %p_ir, i64 12, i64 3, i64 3" [serial_fft/fft_serial.cpp:166->serial_fft/fft_serial.cpp:245]   --->   Operation 168 'specfucore' 'specfucore_ln166' <Predicate = true> <Delay = 0.00>
ST_6 : Operation 169 [1/1] (0.00ns)   --->   "%rend231 = specregionend i32 @_ssdm_op_SpecRegionEnd, void @empty_25, i32 %rbegin" [serial_fft/fft_serial.cpp:162->serial_fft/fft_serial.cpp:245]   --->   Operation 169 'specregionend' 'rend231' <Predicate = true> <Delay = 0.00>
ST_6 : Operation 170 [1/1] (3.53ns) (root node of the DSP)   --->   "%wb_im = add i32 %p_ri, i32 %p_ir" [serial_fft/fft_serial.cpp:168->serial_fft/fft_serial.cpp:245]   --->   Operation 170 'add' 'wb_im' <Predicate = true> <Delay = 3.53> <CoreInst = "DSP48">   --->   Core 119 'DSP48' <Latency = 0> <II = 1> <Delay = 6.35> <IPBlock> <Opcode : '' 'add' 'sub' 'mul' 'select'> <InPorts = 0> <OutPorts = 1> <Sync> <CReg>
ST_6 : Operation 171 [1/1] (0.00ns)   --->   "%wb_im_s = partselect i17 @_ssdm_op_PartSelect.i17.i32.i32.i32, i32 %wb_im, i32 15, i32 31" [serial_fft/fft_serial.cpp:170->serial_fft/fft_serial.cpp:245]   --->   Operation 171 'partselect' 'wb_im_s' <Predicate = true> <Delay = 0.00>
ST_6 : Operation 172 [1/1] (0.00ns)   --->   "%sext_ln176 = sext i16 %a_im_15" [serial_fft/fft_serial.cpp:176->serial_fft/fft_serial.cpp:245]   --->   Operation 172 'sext' 'sext_ln176' <Predicate = true> <Delay = 0.00>
ST_6 : Operation 173 [1/1] (1.86ns)   --->   "%a_im_out = add i17 %wb_im_s, i17 %sext_ln176" [serial_fft/fft_serial.cpp:174->serial_fft/fft_serial.cpp:245]   --->   Operation 173 'add' 'a_im_out' <Predicate = true> <Delay = 1.86> <CoreInst = "Adder">   --->   Core 1 'Adder' <Latency = 0> <II = 1> <Delay = 1.86> <FuncUnit> <Opcode : 'add' 'sub'> <InPorts = 2> <OutPorts = 1>
ST_6 : Operation 174 [1/1] (1.86ns)   --->   "%b_im_out = sub i17 %sext_ln176, i17 %wb_im_s" [serial_fft/fft_serial.cpp:176->serial_fft/fft_serial.cpp:245]   --->   Operation 174 'sub' 'b_im_out' <Predicate = true> <Delay = 1.86> <CoreInst = "Adder">   --->   Core 1 'Adder' <Latency = 0> <II = 1> <Delay = 1.86> <FuncUnit> <Opcode : 'add' 'sub'> <InPorts = 2> <OutPorts = 1>
ST_6 : Operation 175 [1/1] (2.77ns)   --->   "%store_ln179 = store i17 %a_im_out, i9 %im_addr" [serial_fft/fft_serial.cpp:179->serial_fft/fft_serial.cpp:245]   --->   Operation 175 'store' 'store_ln179' <Predicate = (!trunc_ln132)> <Delay = 2.77> <CoreInst = "RAM">   --->   Core 82 'RAM' <Latency = 1> <II = 1> <Delay = 2.77> <Storage> <Opcode : 'load' 'store'> <Ports = 2> <Width = 17> <Depth = 512> <RAM>
ST_6 : Operation 176 [1/1] (2.77ns)   --->   "%store_ln180 = store i17 %b_im_out, i9 %im_addr_4" [serial_fft/fft_serial.cpp:180->serial_fft/fft_serial.cpp:245]   --->   Operation 176 'store' 'store_ln180' <Predicate = (!trunc_ln132)> <Delay = 2.77> <CoreInst = "RAM">   --->   Core 82 'RAM' <Latency = 1> <II = 1> <Delay = 2.77> <Storage> <Opcode : 'load' 'store'> <Ports = 2> <Width = 17> <Depth = 512> <RAM>
ST_6 : Operation 177 [1/1] (0.00ns)   --->   "%br_ln180 = br void %arrayidx11.i1013915485.exit" [serial_fft/fft_serial.cpp:180->serial_fft/fft_serial.cpp:245]   --->   Operation 177 'br' 'br_ln180' <Predicate = (!trunc_ln132)> <Delay = 0.00>
ST_6 : Operation 178 [1/1] (2.77ns)   --->   "%store_ln179 = store i17 %a_im_out, i9 %im_1_addr" [serial_fft/fft_serial.cpp:179->serial_fft/fft_serial.cpp:245]   --->   Operation 178 'store' 'store_ln179' <Predicate = (trunc_ln132)> <Delay = 2.77> <CoreInst = "RAM">   --->   Core 82 'RAM' <Latency = 1> <II = 1> <Delay = 2.77> <Storage> <Opcode : 'load' 'store'> <Ports = 2> <Width = 17> <Depth = 512> <RAM>
ST_6 : Operation 179 [1/1] (2.77ns)   --->   "%store_ln180 = store i17 %b_im_out, i9 %im_1_addr_4" [serial_fft/fft_serial.cpp:180->serial_fft/fft_serial.cpp:245]   --->   Operation 179 'store' 'store_ln180' <Predicate = (trunc_ln132)> <Delay = 2.77> <CoreInst = "RAM">   --->   Core 82 'RAM' <Latency = 1> <II = 1> <Delay = 2.77> <Storage> <Opcode : 'load' 'store'> <Ports = 2> <Width = 17> <Depth = 512> <RAM>
ST_6 : Operation 180 [1/1] (0.00ns)   --->   "%br_ln180 = br void %arrayidx11.i1013915485.exit" [serial_fft/fft_serial.cpp:180->serial_fft/fft_serial.cpp:245]   --->   Operation 180 'br' 'br_ln180' <Predicate = (trunc_ln132)> <Delay = 0.00>


============================================================
+ Verbose Summary: Timing violations
============================================================
Target clock period: 10.000ns, clock uncertainty: 2.700ns.

 <State 1>: 5.166ns
The critical path consists of the following:
	'store' operation 0 bit ('store_ln132', serial_fft/fft_serial.cpp:132->serial_fft/fft_serial.cpp:245) of constant 0 on local variable 'bfly', serial_fft/fft_serial.cpp:132->serial_fft/fft_serial.cpp:245 [10]  (1.324 ns)
	'load' operation 10 bit ('bfly', serial_fft/fft_serial.cpp:132->serial_fft/fft_serial.cpp:245) on local variable 'bfly', serial_fft/fft_serial.cpp:132->serial_fft/fft_serial.cpp:245 [13]  (0.000 ns)
	'select' operation 64 bit ('select_ln25', ./serial_fft/../twiddle_rom.h:25->serial_fft/fft_serial.cpp:152->serial_fft/fft_serial.cpp:245) [104]  (1.070 ns)
	'getelementptr' operation 8 bit ('TW_COS_LUT_addr', ./serial_fft/../twiddle_rom.h:25->serial_fft/fft_serial.cpp:152->serial_fft/fft_serial.cpp:245) [105]  (0.000 ns)
	'load' operation 15 bit ('w_re', ./serial_fft/../twiddle_rom.h:25->serial_fft/fft_serial.cpp:152->serial_fft/fft_serial.cpp:245) on array 'TW_COS_LUT' [106]  (2.772 ns)

 <State 2>: 9.098ns
The critical path consists of the following:
	'load' operation 17 bit ('re_load_4', serial_fft/fft_serial.cpp:147->serial_fft/fft_serial.cpp:245) on array 're' [78]  (2.772 ns)
	'select' operation 17 bit ('v', serial_fft/fft_serial.cpp:132->serial_fft/fft_serial.cpp:245) [80]  (0.944 ns)
	'icmp' operation 1 bit ('icmp_ln24_6', serial_fft/fft_serial.cpp:24->serial_fft/fft_serial.cpp:147->serial_fft/fft_serial.cpp:245) [83]  (1.202 ns)
	'add' operation 17 bit ('rounded', serial_fft/fft_serial.cpp:24->serial_fft/fft_serial.cpp:147->serial_fft/fft_serial.cpp:245) [85]  (1.861 ns)
	'select' operation 16 bit ('b_re', serial_fft/fft_serial.cpp:21->serial_fft/fft_serial.cpp:147->serial_fft/fft_serial.cpp:245) [89]  (1.064 ns)
	'mul' operation 32 bit ('p_rr', serial_fft/fft_serial.cpp:159->serial_fft/fft_serial.cpp:245) [126]  (1.254 ns)

 <State 3>: 6.705ns
The critical path consists of the following:
	'load' operation 17 bit ('im_load_4', serial_fft/fft_serial.cpp:148->serial_fft/fft_serial.cpp:245) on array 'im' [92]  (2.772 ns)
	'select' operation 17 bit ('v', serial_fft/fft_serial.cpp:132->serial_fft/fft_serial.cpp:245) [94]  (0.944 ns)
	'shl' operation 16 bit ('b_im', serial_fft/fft_serial.cpp:21->serial_fft/fft_serial.cpp:148->serial_fft/fft_serial.cpp:245) [101]  (2.989 ns)

 <State 4>: 5.072ns
The critical path consists of the following:
	'select' operation 17 bit ('v', serial_fft/fft_serial.cpp:132->serial_fft/fft_serial.cpp:245) [33]  (0.944 ns)
	'icmp' operation 1 bit ('icmp_ln24_4', serial_fft/fft_serial.cpp:24->serial_fft/fft_serial.cpp:145->serial_fft/fft_serial.cpp:245) [36]  (1.202 ns)
	'add' operation 17 bit ('rounded', serial_fft/fft_serial.cpp:24->serial_fft/fft_serial.cpp:145->serial_fft/fft_serial.cpp:245) [38]  (1.861 ns)
	'select' operation 16 bit ('a_re', serial_fft/fft_serial.cpp:21->serial_fft/fft_serial.cpp:145->serial_fft/fft_serial.cpp:245) [61]  (1.064 ns)

 <State 5>: 10.983ns
The critical path consists of the following:
	'mul' operation 32 bit of DSP[143] ('p_ii', serial_fft/fft_serial.cpp:160->serial_fft/fft_serial.cpp:245) [132]  (2.820 ns)
	'sub' operation 32 bit of DSP[143] ('wb_re', serial_fft/fft_serial.cpp:167->serial_fft/fft_serial.cpp:245) [143]  (3.530 ns)
	'add' operation 17 bit ('a_re_out', serial_fft/fft_serial.cpp:173->serial_fft/fft_serial.cpp:245) [148]  (1.861 ns)
	'store' operation 0 bit ('store_ln179', serial_fft/fft_serial.cpp:179->serial_fft/fft_serial.cpp:245) of variable 'a_re_out', serial_fft/fft_serial.cpp:173->serial_fft/fft_serial.cpp:245 on array 're' [155]  (2.772 ns)

 <State 6>: 10.983ns
The critical path consists of the following:
	'mul' operation 32 bit of DSP[144] ('p_ir', serial_fft/fft_serial.cpp:162->serial_fft/fft_serial.cpp:245) [140]  (2.820 ns)
	'add' operation 32 bit of DSP[144] ('wb_im', serial_fft/fft_serial.cpp:168->serial_fft/fft_serial.cpp:245) [144]  (3.530 ns)
	'add' operation 17 bit ('a_im_out', serial_fft/fft_serial.cpp:174->serial_fft/fft_serial.cpp:245) [150]  (1.861 ns)
	'store' operation 0 bit ('store_ln179', serial_fft/fft_serial.cpp:179->serial_fft/fft_serial.cpp:245) of variable 'a_im_out', serial_fft/fft_serial.cpp:174->serial_fft/fft_serial.cpp:245 on array 'im' [157]  (2.772 ns)


============================================================
+ Verbose Summary: Binding
============================================================
N/A
* FSMD analyzer results:
  - Output states:
 - Input state : 
  - Chain level:
	State 1
	State 2
	State 3
	State 4
	State 5
	State 6


============================================================
+ Verbose Summary: Datapath Resource usage 
============================================================
N/A
