Copyright 1986-2022 Xilinx, Inc. All Rights Reserved. Copyright 2022-2023 Advanced Micro Devices, Inc. All Rights Reserved.
---------------------------------------------------------------------------------------------------------------------------------------------
| Tool Version : Vivado v.2023.2 (win64) Build 4029153 Fri Oct 13 20:14:34 MDT 2023
| Date         : Tue Jun 30 20:55:36 2026
| Host         : CHNtoumas running 64-bit major release  (build 9200)
| Command      : report_control_sets -verbose -file bd_0_wrapper_control_sets_placed.rpt
| Design       : bd_0_wrapper
| Device       : xc7a200t
---------------------------------------------------------------------------------------------------------------------------------------------

Control Set Information

Table of Contents
-----------------
1. Summary
2. Histogram
3. Flip-Flop Distribution
4. Detailed Control Set Information

1. Summary
----------

+----------------------------------------------------------+-------+
|                          Status                          | Count |
+----------------------------------------------------------+-------+
| Total control sets                                       |   191 |
|    Minimum number of control sets                        |   191 |
|    Addition due to synthesis replication                 |     0 |
|    Addition due to physical synthesis replication        |     0 |
| Unused register locations in slices containing registers |   658 |
+----------------------------------------------------------+-------+
* Control sets can be merged at opt_design using control_set_merge or merge_equivalent_drivers
** Run report_qor_suggestions for automated merging and remapping suggestions


2. Histogram
------------

+--------------------+-------+
|       Fanout       | Count |
+--------------------+-------+
| Total control sets |   191 |
| >= 0 to < 4        |     9 |
| >= 4 to < 6        |    34 |
| >= 6 to < 8        |     3 |
| >= 8 to < 10       |    26 |
| >= 10 to < 12      |    25 |
| >= 12 to < 14      |     0 |
| >= 14 to < 16      |     0 |
| >= 16              |    94 |
+--------------------+-------+
* Control sets can be remapped at either synth_design or opt_design


3. Flip-Flop Distribution
-------------------------

+--------------+-----------------------+------------------------+-----------------+--------------+
| Clock Enable | Synchronous Set/Reset | Asynchronous Set/Reset | Total Registers | Total Slices |
+--------------+-----------------------+------------------------+-----------------+--------------+
| No           | No                    | No                     |             313 |          142 |
| No           | No                    | Yes                    |               0 |            0 |
| No           | Yes                   | No                     |             290 |          129 |
| Yes          | No                    | No                     |            2504 |          954 |
| Yes          | No                    | Yes                    |               0 |            0 |
| Yes          | Yes                   | No                     |            1851 |          522 |
+--------------+-----------------------+------------------------+-----------------+--------------+


4. Detailed Control Set Information
-----------------------------------

+--------------+----------------------------------------------------------------------------------------------------------------------------------+--------------------------------------------------------------------------------------------------------------------------------------------------------------------+------------------+----------------+--------------+
| Clock Signal |                                                           Enable Signal                                                          |                                                                          Set/Reset Signal                                                                          | Slice Load Count | Bel Load Count | Bels / Slice |
+--------------+----------------------------------------------------------------------------------------------------------------------------------+--------------------------------------------------------------------------------------------------------------------------------------------------------------------+------------------+----------------+--------------+
|  ap_clk      | bd_0_i/hls_inst/inst/AXI_OUT_m_axi_U/bus_write/wreq_burst_conv/p_0_out_0                                                         |                                                                                                                                                                    |                1 |              1 |         1.00 |
|  ap_clk      | bd_0_i/hls_inst/inst/AXI_OUT_m_axi_U/store_unit/fifo_wrsp/U_fifo_srl/full_n_reg                                                  |                                                                                                                                                                    |                1 |              1 |         1.00 |
|  ap_clk      | bd_0_i/hls_inst/inst/AXI_OUT_m_axi_U/bus_write/fifo_resp/U_fifo_srl/dout0                                                        | bd_0_i/hls_inst/inst/AXI_OUT_m_axi_U/bus_write/wreq_burst_conv/rs_req/SR[0]                                                                                        |                1 |              1 |         1.00 |
|  ap_clk      | bd_0_i/hls_inst/inst/AXI_IN_m_axi_U/bus_read/rs_rdata/pop                                                                        | bd_0_i/hls_inst/inst/AXI_OUT_m_axi_U/bus_write/wreq_burst_conv/rs_req/SR[0]                                                                                        |                1 |              1 |         1.00 |
|  ap_clk      | bd_0_i/hls_inst/inst/AXI_OUT_m_axi_U/store_unit/fifo_wrsp/U_fifo_srl/dout0                                                       | bd_0_i/hls_inst/inst/AXI_OUT_m_axi_U/bus_write/wreq_burst_conv/rs_req/SR[0]                                                                                        |                1 |              1 |         1.00 |
|  ap_clk      | bd_0_i/hls_inst/inst/AXI_IN_m_axi_U/bus_read/rreq_burst_conv/push                                                                |                                                                                                                                                                    |                1 |              1 |         1.00 |
|  ap_clk      | bd_0_i/hls_inst/inst/AXI_IN_m_axi_U/load_unit/bus_wide_gen.rreq_offset/U_fifo_srl/push                                           |                                                                                                                                                                    |                1 |              2 |         2.00 |
|  ap_clk      | bd_0_i/hls_inst/inst/AXI_IN_m_axi_U/load_unit/bus_wide_gen.rreq_offset/U_fifo_srl/pop                                            | bd_0_i/hls_inst/inst/AXI_OUT_m_axi_U/bus_write/wreq_burst_conv/rs_req/SR[0]                                                                                        |                1 |              2 |         2.00 |
|  ap_clk      | bd_0_i/hls_inst/inst/grp_fft_serial_Pipeline_store_loop_fu_490/flow_control_loop_pipe_sequential_init_U/ap_enable_reg_pp0_iter10 | bd_0_i/hls_inst/inst/grp_fft_serial_Pipeline_store_loop_fu_490/ap_NS_fsm15_out                                                                                     |                1 |              3 |         3.00 |
|  ap_clk      | bd_0_i/hls_inst/inst/grp_fft_serial_Pipeline_bfly_loop15_fu_446/ap_CS_fsm_pp0_stage0                                             |                                                                                                                                                                    |                2 |              4 |         2.00 |
|  ap_clk      | bd_0_i/hls_inst/inst/grp_fft_serial_Pipeline_bfly_loop17_fu_468/ap_CS_fsm_pp0_stage0                                             |                                                                                                                                                                    |                2 |              4 |         2.00 |
|  ap_clk      | bd_0_i/hls_inst/inst/AXI_OUT_m_axi_U/store_unit/fifo_wrsp/U_fifo_srl/raddr_reg[0][0]                                             | bd_0_i/hls_inst/inst/AXI_OUT_m_axi_U/bus_write/wreq_burst_conv/rs_req/SR[0]                                                                                        |                1 |              4 |         4.00 |
|  ap_clk      | bd_0_i/hls_inst/inst/grp_fft_serial_Pipeline_load_loop_fu_263/ap_enable_reg_pp0_iter10                                           | bd_0_i/hls_inst/inst/AXI_OUT_m_axi_U/bus_write/wreq_burst_conv/rs_req/SR[0]                                                                                        |                1 |              4 |         4.00 |
|  ap_clk      | bd_0_i/hls_inst/inst/AXI_IN_m_axi_U/bus_read/fifo_burst/raddr[3]_i_1__6_n_7                                                      | bd_0_i/hls_inst/inst/AXI_OUT_m_axi_U/bus_write/wreq_burst_conv/rs_req/SR[0]                                                                                        |                2 |              4 |         2.00 |
|  ap_clk      | bd_0_i/hls_inst/inst/grp_fft_serial_Pipeline_bfly_loop11_fu_402/ap_CS_fsm_pp0_stage0                                             |                                                                                                                                                                    |                2 |              4 |         2.00 |
|  ap_clk      | bd_0_i/hls_inst/inst/AXI_OUT_m_axi_U/bus_write/wreq_burst_conv/p_0_out                                                           |                                                                                                                                                                    |                1 |              4 |         4.00 |
|  ap_clk      | bd_0_i/hls_inst/inst/AXI_OUT_m_axi_U/store_unit/bus_wide_gen.wreq_offset/U_fifo_srl/empty_n_reg[0]                               | bd_0_i/hls_inst/inst/AXI_OUT_m_axi_U/bus_write/wreq_burst_conv/rs_req/SR[0]                                                                                        |                2 |              4 |         2.00 |
|  ap_clk      | bd_0_i/hls_inst/inst/AXI_IN_m_axi_U/load_unit/fifo_rreq/mOutPtr[3]_i_1__9_n_7                                                    | bd_0_i/hls_inst/inst/AXI_OUT_m_axi_U/bus_write/wreq_burst_conv/rs_req/SR[0]                                                                                        |                1 |              4 |         4.00 |
|  ap_clk      | bd_0_i/hls_inst/inst/grp_fft_serial_Pipeline_bfly_loop3_fu_314/ap_CS_fsm_pp0_stage0                                              |                                                                                                                                                                    |                2 |              4 |         2.00 |
|  ap_clk      | bd_0_i/hls_inst/inst/AXI_IN_m_axi_U/load_unit/bus_wide_gen.rreq_offset/U_fifo_srl/empty_n_reg[0]                                 | bd_0_i/hls_inst/inst/AXI_OUT_m_axi_U/bus_write/wreq_burst_conv/rs_req/SR[0]                                                                                        |                1 |              4 |         4.00 |
|  ap_clk      | bd_0_i/hls_inst/inst/AXI_OUT_m_axi_U/bus_write/fifo_resp/raddr[3]_i_1__2_n_7                                                     | bd_0_i/hls_inst/inst/AXI_OUT_m_axi_U/bus_write/wreq_burst_conv/rs_req/SR[0]                                                                                        |                2 |              4 |         2.00 |
|  ap_clk      | bd_0_i/hls_inst/inst/AXI_OUT_m_axi_U/bus_write/fifo_burst/U_fifo_srl/dout_vld_reg[0]                                             | bd_0_i/hls_inst/inst/AXI_OUT_m_axi_U/bus_write/wreq_burst_conv/rs_req/SR[0]                                                                                        |                1 |              4 |         4.00 |
|  ap_clk      | bd_0_i/hls_inst/inst/AXI_OUT_m_axi_U/bus_write/fifo_burst/raddr[3]_i_1__0_n_7                                                    | bd_0_i/hls_inst/inst/AXI_OUT_m_axi_U/bus_write/wreq_burst_conv/rs_req/SR[0]                                                                                        |                1 |              4 |         4.00 |
|  ap_clk      | bd_0_i/hls_inst/inst/grp_fft_serial_Pipeline_bfly_loop13_fu_424/ap_CS_fsm_pp0_stage0                                             |                                                                                                                                                                    |                2 |              4 |         2.00 |
|  ap_clk      | bd_0_i/hls_inst/inst/grp_fft_serial_Pipeline_bfly_loop7_fu_358/ap_CS_fsm_pp0_stage0                                              |                                                                                                                                                                    |                2 |              4 |         2.00 |
|  ap_clk      | bd_0_i/hls_inst/inst/AXI_OUT_m_axi_U/bus_write/wreq_throttle/req_fifo/raddr[3]_i_1__3_n_7                                        | bd_0_i/hls_inst/inst/AXI_OUT_m_axi_U/bus_write/wreq_burst_conv/rs_req/SR[0]                                                                                        |                1 |              4 |         4.00 |
|  ap_clk      | bd_0_i/hls_inst/inst/AXI_OUT_m_axi_U/bus_write/wreq_throttle/data_fifo/raddr[3]_i_1__4_n_7                                       | bd_0_i/hls_inst/inst/AXI_OUT_m_axi_U/bus_write/wreq_burst_conv/rs_req/SR[0]                                                                                        |                1 |              4 |         4.00 |
|  ap_clk      | bd_0_i/hls_inst/inst/grp_fft_serial_Pipeline_bfly_loop5_fu_336/ap_CS_fsm_pp0_stage0                                              |                                                                                                                                                                    |                3 |              4 |         1.33 |
|  ap_clk      | bd_0_i/hls_inst/inst/grp_fft_serial_Pipeline_bfly_loop9_fu_380/ap_CS_fsm_pp0_stage0                                              |                                                                                                                                                                    |                2 |              4 |         2.00 |
|  ap_clk      | bd_0_i/hls_inst/inst/AXI_OUT_m_axi_U/store_unit/fifo_wrsp/U_fifo_srl/E[0]                                                        | bd_0_i/hls_inst/inst/AXI_OUT_m_axi_U/bus_write/wreq_burst_conv/rs_req/SR[0]                                                                                        |                2 |              5 |         2.50 |
|  ap_clk      | bd_0_i/hls_inst/inst/AXI_IN_m_axi_U/load_unit/bus_wide_gen.rreq_offset/U_fifo_srl/E[0]                                           | bd_0_i/hls_inst/inst/AXI_OUT_m_axi_U/bus_write/wreq_burst_conv/rs_req/SR[0]                                                                                        |                2 |              5 |         2.50 |
|  ap_clk      | bd_0_i/hls_inst/inst/AXI_OUT_m_axi_U/bus_write/wreq_throttle/data_fifo/mOutPtr                                                   | bd_0_i/hls_inst/inst/AXI_OUT_m_axi_U/bus_write/wreq_burst_conv/rs_req/SR[0]                                                                                        |                1 |              5 |         5.00 |
|  ap_clk      | bd_0_i/hls_inst/inst/grp_fft_serial_Pipeline_store_loop_fu_490/E[0]                                                              | bd_0_i/hls_inst/inst/AXI_OUT_m_axi_U/bus_write/wreq_burst_conv/rs_req/SR[0]                                                                                        |                1 |              5 |         5.00 |
|  ap_clk      | bd_0_i/hls_inst/inst/AXI_OUT_m_axi_U/bus_write/wreq_throttle/data_fifo/U_fifo_srl/full_n_reg[0]                                  | bd_0_i/hls_inst/inst/AXI_OUT_m_axi_U/bus_write/wreq_burst_conv/rs_req/SR[0]                                                                                        |                2 |              5 |         2.50 |
|  ap_clk      | bd_0_i/hls_inst/inst/AXI_IN_m_axi_U/bus_read/fifo_burst/mOutPtr[4]_i_1__9_n_7                                                    | bd_0_i/hls_inst/inst/AXI_OUT_m_axi_U/bus_write/wreq_burst_conv/rs_req/SR[0]                                                                                        |                1 |              5 |         5.00 |
|  ap_clk      | bd_0_i/hls_inst/inst/AXI_IN_m_axi_U/bus_read/fifo_rctl/mOutPtr[4]_i_1__10_n_7                                                    | bd_0_i/hls_inst/inst/AXI_OUT_m_axi_U/bus_write/wreq_burst_conv/rs_req/SR[0]                                                                                        |                1 |              5 |         5.00 |
|  ap_clk      | bd_0_i/hls_inst/inst/ap_CS_fsm_state52                                                                                           |                                                                                                                                                                    |                2 |              5 |         2.50 |
|  ap_clk      | bd_0_i/hls_inst/inst/AXI_OUT_m_axi_U/bus_write/fifo_resp/mOutPtr                                                                 | bd_0_i/hls_inst/inst/AXI_OUT_m_axi_U/bus_write/wreq_burst_conv/rs_req/SR[0]                                                                                        |                2 |              5 |         2.50 |
|  ap_clk      | bd_0_i/hls_inst/inst/AXI_OUT_m_axi_U/store_unit/bus_wide_gen.wreq_offset/U_fifo_srl/E[0]                                         | bd_0_i/hls_inst/inst/AXI_OUT_m_axi_U/bus_write/wreq_burst_conv/rs_req/SR[0]                                                                                        |                2 |              5 |         2.50 |
|  ap_clk      | bd_0_i/hls_inst/inst/ap_CS_fsm_state38                                                                                           |                                                                                                                                                                    |                2 |              5 |         2.50 |
|  ap_clk      | bd_0_i/hls_inst/inst/ap_CS_fsm_state13                                                                                           |                                                                                                                                                                    |                2 |              5 |         2.50 |
|  ap_clk      | bd_0_i/hls_inst/inst/AXI_OUT_m_axi_U/bus_write/wreq_throttle/req_fifo/mOutPtr                                                    | bd_0_i/hls_inst/inst/AXI_OUT_m_axi_U/bus_write/wreq_burst_conv/rs_req/SR[0]                                                                                        |                1 |              5 |         5.00 |
|  ap_clk      | bd_0_i/hls_inst/inst/AXI_OUT_m_axi_U/bus_write/fifo_burst/U_fifo_srl/E[0]                                                        | bd_0_i/hls_inst/inst/AXI_OUT_m_axi_U/bus_write/wreq_burst_conv/rs_req/SR[0]                                                                                        |                1 |              5 |         5.00 |
|  ap_clk      | bd_0_i/hls_inst/inst/AXI_OUT_m_axi_U/store_unit/buff_wdata/mOutPtr                                                               | bd_0_i/hls_inst/inst/AXI_OUT_m_axi_U/bus_write/wreq_burst_conv/rs_req/SR[0]                                                                                        |                2 |              6 |         3.00 |
|  ap_clk      | bd_0_i/hls_inst/inst/ap_CS_fsm_state28                                                                                           |                                                                                                                                                                    |                2 |              7 |         3.50 |
|  ap_clk      | bd_0_i/hls_inst/inst/control_s_axi_U/waddr                                                                                       |                                                                                                                                                                    |                2 |              7 |         3.50 |
|  ap_clk      | bd_0_i/hls_inst/inst/grp_fft_serial_Pipeline_scan_loop18_fu_481/ap_enable_reg_pp0_iter1                                          | bd_0_i/hls_inst/inst/grp_fft_serial_Pipeline_scan_loop18_fu_481/flow_control_loop_pipe_sequential_init_U/SR[0]                                                     |                4 |              8 |         2.00 |
|  ap_clk      |                                                                                                                                  | bd_0_i/hls_inst/inst/grp_fft_serial_Pipeline_bfly_loop_fu_279/flow_control_loop_pipe_sequential_init_U/grp_fft_serial_Pipeline_bfly_loop_fu_279_ap_start_reg_reg_0 |                1 |              8 |         8.00 |
|  ap_clk      | bd_0_i/hls_inst/inst/grp_fft_serial_Pipeline_scan_loop10_fu_393/ap_enable_reg_pp0_iter1                                          | bd_0_i/hls_inst/inst/grp_fft_serial_Pipeline_scan_loop10_fu_393/flow_control_loop_pipe_sequential_init_U/SR[0]                                                     |                5 |              8 |         1.60 |
|  ap_clk      | bd_0_i/hls_inst/inst/control_s_axi_U/ar_hs                                                                                       |                                                                                                                                                                    |                3 |              8 |         2.67 |
|  ap_clk      | bd_0_i/hls_inst/inst/grp_fft_serial_Pipeline_scan_loop12_fu_415/ap_enable_reg_pp0_iter1                                          | bd_0_i/hls_inst/inst/grp_fft_serial_Pipeline_scan_loop12_fu_415/flow_control_loop_pipe_sequential_init_U/SR[0]                                                     |                5 |              8 |         1.60 |
|  ap_clk      | bd_0_i/hls_inst/inst/grp_fft_serial_Pipeline_scan_loop14_fu_437/ap_enable_reg_pp0_iter1                                          | bd_0_i/hls_inst/inst/grp_fft_serial_Pipeline_scan_loop14_fu_437/flow_control_loop_pipe_sequential_init_U/SR[0]                                                     |                4 |              8 |         2.00 |
|  ap_clk      | bd_0_i/hls_inst/inst/grp_fft_serial_Pipeline_scan_loop2_fu_305/ap_enable_reg_pp0_iter1                                           | bd_0_i/hls_inst/inst/grp_fft_serial_Pipeline_scan_loop2_fu_305/flow_control_loop_pipe_sequential_init_U/SR[0]                                                      |                5 |              8 |         1.60 |
|  ap_clk      | bd_0_i/hls_inst/inst/grp_fft_serial_Pipeline_scan_loop4_fu_327/ap_enable_reg_pp0_iter1                                           | bd_0_i/hls_inst/inst/grp_fft_serial_Pipeline_scan_loop4_fu_327/flow_control_loop_pipe_sequential_init_U/SR[0]                                                      |                5 |              8 |         1.60 |
|  ap_clk      | bd_0_i/hls_inst/inst/grp_fft_serial_Pipeline_scan_loop6_fu_349/ap_enable_reg_pp0_iter1                                           | bd_0_i/hls_inst/inst/grp_fft_serial_Pipeline_scan_loop6_fu_349/flow_control_loop_pipe_sequential_init_U/SR[0]                                                      |                5 |              8 |         1.60 |
|  ap_clk      | bd_0_i/hls_inst/inst/grp_fft_serial_Pipeline_scan_loop8_fu_371/ap_enable_reg_pp0_iter1                                           | bd_0_i/hls_inst/inst/grp_fft_serial_Pipeline_scan_loop8_fu_371/flow_control_loop_pipe_sequential_init_U/SR[0]                                                      |                4 |              8 |         2.00 |
|  ap_clk      | bd_0_i/hls_inst/inst/grp_fft_serial_Pipeline_store_loop_fu_490/flow_control_loop_pipe_sequential_init_U/ap_CS_fsm_reg[52]_0[0]   | bd_0_i/hls_inst/inst/AXI_OUT_m_axi_U/bus_write/wreq_burst_conv/rs_req/SR[0]                                                                                        |                2 |              8 |         4.00 |
|  ap_clk      | bd_0_i/hls_inst/inst/AXI_OUT_m_axi_U/bus_write/fifo_burst/E[0]                                                                   | bd_0_i/hls_inst/inst/AXI_OUT_m_axi_U/bus_write/fifo_burst/U_fifo_srl/ap_rst_n_1[0]                                                                                 |                3 |              8 |         2.67 |
|  ap_clk      | bd_0_i/hls_inst/inst/AXI_IN_m_axi_U/bus_read/rreq_burst_conv/could_multi_bursts.last_loop                                        | bd_0_i/hls_inst/inst/AXI_OUT_m_axi_U/bus_write/wreq_burst_conv/rs_req/SR[0]                                                                                        |                3 |              8 |         2.67 |
|  ap_clk      | bd_0_i/hls_inst/inst/AXI_IN_m_axi_U/load_unit/buff_rdata/U_fifo_mem/WEBWE[0]                                                     | bd_0_i/hls_inst/inst/AXI_OUT_m_axi_U/bus_write/wreq_burst_conv/rs_req/SR[0]                                                                                        |                3 |              8 |         2.67 |
|  ap_clk      | bd_0_i/hls_inst/inst/grp_fft_serial_Pipeline_scan_loop16_fu_459/ap_enable_reg_pp0_iter1                                          | bd_0_i/hls_inst/inst/grp_fft_serial_Pipeline_scan_loop16_fu_459/flow_control_loop_pipe_sequential_init_U/SR[0]                                                     |                4 |              8 |         2.00 |
|  ap_clk      | bd_0_i/hls_inst/inst/AXI_OUT_m_axi_U/bus_write/wreq_burst_conv/could_multi_bursts.first_loop_0                                   | bd_0_i/hls_inst/inst/AXI_OUT_m_axi_U/bus_write/wreq_burst_conv/rs_req/SR[0]                                                                                        |                3 |              8 |         2.67 |
|  ap_clk      | bd_0_i/hls_inst/inst/grp_fft_serial_Pipeline_scan_loop_fu_287/ap_enable_reg_pp0_iter1                                            | bd_0_i/hls_inst/inst/grp_fft_serial_Pipeline_scan_loop_fu_287/flow_control_loop_pipe_sequential_init_U/SR[0]                                                       |                5 |              8 |         1.60 |
|  ap_clk      | bd_0_i/hls_inst/inst/grp_fft_serial_Pipeline_bfly_loop7_fu_358/ap_CS_fsm_pp0_stage0                                              | bd_0_i/hls_inst/inst/grp_fft_serial_Pipeline_bfly_loop7_fu_358/flow_control_loop_pipe_sequential_init_U/ap_loop_init_int_reg_0                                     |                5 |              9 |         1.80 |
|  ap_clk      | bd_0_i/hls_inst/inst/grp_fft_serial_Pipeline_bfly_loop17_fu_468/ap_CS_fsm_pp0_stage0                                             | bd_0_i/hls_inst/inst/grp_fft_serial_Pipeline_bfly_loop17_fu_468/flow_control_loop_pipe_sequential_init_U/ap_loop_init_int_reg_0                                    |                5 |              9 |         1.80 |
|  ap_clk      | bd_0_i/hls_inst/inst/grp_fft_serial_Pipeline_bfly_loop15_fu_446/ap_CS_fsm_pp0_stage0                                             | bd_0_i/hls_inst/inst/grp_fft_serial_Pipeline_bfly_loop15_fu_446/flow_control_loop_pipe_sequential_init_U/ap_loop_init_int_reg_0                                    |                6 |              9 |         1.50 |
|  ap_clk      | bd_0_i/hls_inst/inst/AXI_IN_m_axi_U/load_unit/buff_rdata/mOutPtr[8]_i_1__0_n_7                                                   | bd_0_i/hls_inst/inst/AXI_OUT_m_axi_U/bus_write/wreq_burst_conv/rs_req/SR[0]                                                                                        |                4 |              9 |         2.25 |
|  ap_clk      | bd_0_i/hls_inst/inst/grp_fft_serial_Pipeline_bfly_loop13_fu_424/ap_CS_fsm_pp0_stage0                                             | bd_0_i/hls_inst/inst/grp_fft_serial_Pipeline_bfly_loop13_fu_424/flow_control_loop_pipe_sequential_init_U/ap_loop_init_int_reg_0                                    |                4 |              9 |         2.25 |
|  ap_clk      | bd_0_i/hls_inst/inst/grp_fft_serial_Pipeline_bfly_loop5_fu_336/ap_CS_fsm_pp0_stage0                                              | bd_0_i/hls_inst/inst/grp_fft_serial_Pipeline_bfly_loop5_fu_336/flow_control_loop_pipe_sequential_init_U/ap_loop_init_int_reg_0                                     |                3 |              9 |         3.00 |
|  ap_clk      | bd_0_i/hls_inst/inst/grp_fft_serial_Pipeline_bfly_loop11_fu_402/ap_CS_fsm_pp0_stage0                                             | bd_0_i/hls_inst/inst/grp_fft_serial_Pipeline_bfly_loop11_fu_402/flow_control_loop_pipe_sequential_init_U/ap_loop_init_int_reg_0                                    |                6 |              9 |         1.50 |
|  ap_clk      | bd_0_i/hls_inst/inst/AXI_OUT_m_axi_U/load_unit/buff_rdata/mOutPtr                                                                | bd_0_i/hls_inst/inst/AXI_OUT_m_axi_U/bus_write/wreq_burst_conv/rs_req/SR[0]                                                                                        |                4 |              9 |         2.25 |
|  ap_clk      | bd_0_i/hls_inst/inst/grp_fft_serial_Pipeline_bfly_loop9_fu_380/ap_CS_fsm_pp0_stage0                                              | bd_0_i/hls_inst/inst/grp_fft_serial_Pipeline_bfly_loop9_fu_380/flow_control_loop_pipe_sequential_init_U/ap_loop_init_int_reg_0                                     |                5 |              9 |         1.80 |
|  ap_clk      | bd_0_i/hls_inst/inst/grp_fft_serial_Pipeline_bfly_loop3_fu_314/ap_CS_fsm_pp0_stage0                                              | bd_0_i/hls_inst/inst/grp_fft_serial_Pipeline_bfly_loop3_fu_314/flow_control_loop_pipe_sequential_init_U/ap_loop_init_int_reg_0                                     |                6 |             10 |         1.67 |
|  ap_clk      | bd_0_i/hls_inst/inst/grp_fft_serial_Pipeline_bfly_loop5_fu_336/flow_control_loop_pipe_sequential_init_U/E[0]                     | bd_0_i/hls_inst/inst/grp_fft_serial_Pipeline_bfly_loop5_fu_336/flow_control_loop_pipe_sequential_init_U/SR[0]                                                      |                4 |             10 |         2.50 |
|  ap_clk      | bd_0_i/hls_inst/inst/grp_fft_serial_Pipeline_bfly_loop11_fu_402/flow_control_loop_pipe_sequential_init_U/E[0]                    | bd_0_i/hls_inst/inst/grp_fft_serial_Pipeline_bfly_loop11_fu_402/flow_control_loop_pipe_sequential_init_U/SR[0]                                                     |                2 |             10 |         5.00 |
|  ap_clk      | bd_0_i/hls_inst/inst/grp_fft_serial_Pipeline_bfly_loop17_fu_468/flow_control_loop_pipe_sequential_init_U/E[0]                    | bd_0_i/hls_inst/inst/grp_fft_serial_Pipeline_bfly_loop17_fu_468/flow_control_loop_pipe_sequential_init_U/SR[0]                                                     |                4 |             10 |         2.50 |
|  ap_clk      | bd_0_i/hls_inst/inst/AXI_IN_m_axi_U/bus_read/rreq_burst_conv/rs_req/p_15_in                                                      | bd_0_i/hls_inst/inst/AXI_IN_m_axi_U/bus_read/rreq_burst_conv/sect_addr_buf[11]_i_1_n_7                                                                             |                2 |             10 |         5.00 |
|  ap_clk      | bd_0_i/hls_inst/inst/grp_fft_serial_Pipeline_bfly_loop15_fu_446/flow_control_loop_pipe_sequential_init_U/E[0]                    | bd_0_i/hls_inst/inst/grp_fft_serial_Pipeline_bfly_loop15_fu_446/flow_control_loop_pipe_sequential_init_U/SR[0]                                                     |                3 |             10 |         3.33 |
|  ap_clk      | bd_0_i/hls_inst/inst/grp_fft_serial_Pipeline_bfly_loop9_fu_380/flow_control_loop_pipe_sequential_init_U/E[0]                     | bd_0_i/hls_inst/inst/grp_fft_serial_Pipeline_bfly_loop9_fu_380/flow_control_loop_pipe_sequential_init_U/SR[0]                                                      |                4 |             10 |         2.50 |
|  ap_clk      | bd_0_i/hls_inst/inst/grp_fft_serial_Pipeline_bfly_loop1_fu_296/icmp_ln132_reg_780                                                | bd_0_i/hls_inst/inst/grp_fft_serial_Pipeline_bfly_loop1_fu_296/flow_control_loop_pipe_sequential_init_U/bfly_1_fu_1120                                             |                2 |             10 |         5.00 |
|  ap_clk      | bd_0_i/hls_inst/inst/grp_fft_serial_Pipeline_bfly_loop3_fu_314/flow_control_loop_pipe_sequential_init_U/E[0]                     | bd_0_i/hls_inst/inst/grp_fft_serial_Pipeline_bfly_loop3_fu_314/flow_control_loop_pipe_sequential_init_U/SR[0]                                                      |                3 |             10 |         3.33 |
|  ap_clk      | bd_0_i/hls_inst/inst/grp_fft_serial_Pipeline_bfly_loop7_fu_358/flow_control_loop_pipe_sequential_init_U/E[0]                     | bd_0_i/hls_inst/inst/grp_fft_serial_Pipeline_bfly_loop7_fu_358/flow_control_loop_pipe_sequential_init_U/SR[0]                                                      |                3 |             10 |         3.33 |
|  ap_clk      | bd_0_i/hls_inst/inst/AXI_OUT_m_axi_U/bus_write/wreq_burst_conv/rs_req/last_sect                                                  | bd_0_i/hls_inst/inst/AXI_OUT_m_axi_U/bus_write/wreq_burst_conv/sect_addr_buf[11]_i_1__0_n_7                                                                        |                3 |             10 |         3.33 |
|  ap_clk      | bd_0_i/hls_inst/inst/grp_fft_serial_Pipeline_bfly_loop_fu_279/flow_control_loop_pipe_sequential_init_U/bfly_fu_540               |                                                                                                                                                                    |                4 |             10 |         2.50 |
|  ap_clk      | bd_0_i/hls_inst/inst/grp_fft_serial_Pipeline_bfly_loop13_fu_424/flow_control_loop_pipe_sequential_init_U/E[0]                    | bd_0_i/hls_inst/inst/grp_fft_serial_Pipeline_bfly_loop13_fu_424/flow_control_loop_pipe_sequential_init_U/SR[0]                                                     |                4 |             10 |         2.50 |
|  ap_clk      | bd_0_i/hls_inst/inst/grp_fft_serial_Pipeline_scan_loop_fu_287/flow_control_loop_pipe_sequential_init_U/i_fu_580                  |                                                                                                                                                                    |                4 |             11 |         2.75 |
|  ap_clk      | bd_0_i/hls_inst/inst/grp_fft_serial_Pipeline_scan_loop12_fu_415/flow_control_loop_pipe_sequential_init_U/i_6_fu_580              |                                                                                                                                                                    |                4 |             11 |         2.75 |
|  ap_clk      | bd_0_i/hls_inst/inst/grp_fft_serial_Pipeline_scan_loop18_fu_481/flow_control_loop_pipe_sequential_init_U/i_fu_580                |                                                                                                                                                                    |                4 |             11 |         2.75 |
|  ap_clk      | bd_0_i/hls_inst/inst/grp_fft_serial_Pipeline_scan_loop10_fu_393/flow_control_loop_pipe_sequential_init_U/i_5_fu_580              |                                                                                                                                                                    |                5 |             11 |         2.20 |
|  ap_clk      | bd_0_i/hls_inst/inst/grp_fft_serial_Pipeline_load_loop_fu_263/flow_control_loop_pipe_sequential_init_U/i_fu_66                   |                                                                                                                                                                    |                4 |             11 |         2.75 |
|  ap_clk      | bd_0_i/hls_inst/inst/grp_fft_serial_Pipeline_store_loop_fu_490/flow_control_loop_pipe_sequential_init_U/i_fu_66                  |                                                                                                                                                                    |                6 |             11 |         1.83 |
|  ap_clk      | bd_0_i/hls_inst/inst/grp_fft_serial_Pipeline_scan_loop4_fu_327/flow_control_loop_pipe_sequential_init_U/i_2_fu_580               |                                                                                                                                                                    |                4 |             11 |         2.75 |
|  ap_clk      | bd_0_i/hls_inst/inst/grp_fft_serial_Pipeline_scan_loop14_fu_437/flow_control_loop_pipe_sequential_init_U/i_fu_580                |                                                                                                                                                                    |                4 |             11 |         2.75 |
|  ap_clk      | bd_0_i/hls_inst/inst/grp_fft_serial_Pipeline_scan_loop6_fu_349/flow_control_loop_pipe_sequential_init_U/i_fu_580                 |                                                                                                                                                                    |                5 |             11 |         2.20 |
|  ap_clk      | bd_0_i/hls_inst/inst/grp_fft_serial_Pipeline_scan_loop16_fu_459/flow_control_loop_pipe_sequential_init_U/i_fu_580                |                                                                                                                                                                    |                4 |             11 |         2.75 |
|  ap_clk      | bd_0_i/hls_inst/inst/grp_fft_serial_Pipeline_scan_loop2_fu_305/flow_control_loop_pipe_sequential_init_U/i_1_fu_580               |                                                                                                                                                                    |                3 |             11 |         3.67 |
|  ap_clk      | bd_0_i/hls_inst/inst/grp_fft_serial_Pipeline_scan_loop8_fu_371/flow_control_loop_pipe_sequential_init_U/i_fu_580                 |                                                                                                                                                                    |                4 |             11 |         2.75 |
|  ap_clk      | bd_0_i/hls_inst/inst/AXI_IN_m_axi_U/load_unit/buff_rdata/bus_wide_gen.split_cnt_buf_reg[0]                                       |                                                                                                                                                                    |                5 |             16 |         3.20 |
|  ap_clk      | bd_0_i/hls_inst/inst/grp_fft_serial_Pipeline_bfly_loop13_fu_424/ap_CS_fsm_pp0_stage3                                             |                                                                                                                                                                    |                9 |             16 |         1.78 |
|  ap_clk      | bd_0_i/hls_inst/inst/grp_fft_serial_Pipeline_bfly_loop11_fu_402/ap_CS_fsm_pp0_stage3                                             |                                                                                                                                                                    |               10 |             16 |         1.60 |
|  ap_clk      | bd_0_i/hls_inst/inst/grp_fft_serial_Pipeline_bfly_loop11_fu_402/ap_CS_fsm_pp0_stage4                                             |                                                                                                                                                                    |                7 |             16 |         2.29 |
|  ap_clk      | bd_0_i/hls_inst/inst/grp_fft_serial_Pipeline_bfly_loop17_fu_468/ap_CS_fsm_pp0_stage4                                             |                                                                                                                                                                    |                9 |             16 |         1.78 |
|  ap_clk      | bd_0_i/hls_inst/inst/grp_fft_serial_Pipeline_bfly_loop17_fu_468/ap_CS_fsm_pp0_stage3                                             |                                                                                                                                                                    |               11 |             16 |         1.45 |
|  ap_clk      | bd_0_i/hls_inst/inst/grp_fft_serial_Pipeline_bfly_loop15_fu_446/ap_CS_fsm_pp0_stage3                                             |                                                                                                                                                                    |                8 |             16 |         2.00 |
|  ap_clk      | bd_0_i/hls_inst/inst/grp_fft_serial_Pipeline_bfly_loop3_fu_314/ap_CS_fsm_pp0_stage4                                              |                                                                                                                                                                    |                9 |             16 |         1.78 |
|  ap_clk      | bd_0_i/hls_inst/inst/grp_fft_serial_Pipeline_bfly_loop3_fu_314/ap_CS_fsm_pp0_stage3                                              |                                                                                                                                                                    |               10 |             16 |         1.60 |
|  ap_clk      | bd_0_i/hls_inst/inst/grp_fft_serial_Pipeline_bfly_loop7_fu_358/ap_CS_fsm_pp0_stage4                                              |                                                                                                                                                                    |                6 |             16 |         2.67 |
|  ap_clk      | bd_0_i/hls_inst/inst/grp_fft_serial_Pipeline_bfly_loop9_fu_380/ap_CS_fsm_pp0_stage4                                              |                                                                                                                                                                    |               10 |             16 |         1.60 |
|  ap_clk      | bd_0_i/hls_inst/inst/grp_fft_serial_Pipeline_bfly_loop5_fu_336/ap_CS_fsm_pp0_stage3                                              |                                                                                                                                                                    |                8 |             16 |         2.00 |
|  ap_clk      | bd_0_i/hls_inst/inst/grp_fft_serial_Pipeline_bfly_loop9_fu_380/ap_CS_fsm_pp0_stage3                                              |                                                                                                                                                                    |               10 |             16 |         1.60 |
|  ap_clk      | bd_0_i/hls_inst/inst/grp_fft_serial_Pipeline_bfly_loop13_fu_424/ap_CS_fsm_pp0_stage4                                             |                                                                                                                                                                    |                9 |             16 |         1.78 |
|  ap_clk      | bd_0_i/hls_inst/inst/grp_fft_serial_Pipeline_bfly_loop5_fu_336/ap_CS_fsm_pp0_stage4                                              |                                                                                                                                                                    |                8 |             16 |         2.00 |
|  ap_clk      | bd_0_i/hls_inst/inst/grp_fft_serial_Pipeline_bfly_loop15_fu_446/ap_CS_fsm_pp0_stage4                                             |                                                                                                                                                                    |                8 |             16 |         2.00 |
|  ap_clk      | bd_0_i/hls_inst/inst/AXI_IN_m_axi_U/load_unit/buff_rdata/bus_wide_gen.split_cnt_buf_reg[0]                                       | bd_0_i/hls_inst/inst/AXI_IN_m_axi_U/load_unit/buff_rdata/bus_wide_gen.split_cnt_buf_reg[0]_0                                                                       |                7 |             16 |         2.29 |
|  ap_clk      | bd_0_i/hls_inst/inst/grp_fft_serial_Pipeline_bfly_loop7_fu_358/ap_CS_fsm_pp0_stage3                                              |                                                                                                                                                                    |               10 |             16 |         1.60 |
|  ap_clk      | bd_0_i/hls_inst/inst/grp_fft_serial_Pipeline_load_loop_fu_263/ap_enable_reg_pp0_iter10                                           |                                                                                                                                                                    |               14 |             18 |         1.29 |
|  ap_clk      | bd_0_i/hls_inst/inst/AXI_OUT_m_axi_U/bus_write/wreq_throttle/data_fifo/E[0]                                                      | bd_0_i/hls_inst/inst/AXI_OUT_m_axi_U/bus_write/fifo_burst/ap_rst_n_0[0]                                                                                            |                3 |             18 |         6.00 |
|  ap_clk      | bd_0_i/hls_inst/inst/AXI_OUT_m_axi_U/store_unit/bus_wide_gen.wreq_offset/U_fifo_srl/dout_vld_reg[0]                              | bd_0_i/hls_inst/inst/AXI_OUT_m_axi_U/store_unit/bus_wide_gen.wreq_offset/U_fifo_srl/ap_rst_n_2[0]                                                                  |                3 |             18 |         6.00 |
|  ap_clk      | bd_0_i/hls_inst/inst/grp_fft_serial_Pipeline_bfly_loop1_fu_296/ap_NS_fsm1                                                        |                                                                                                                                                                    |               10 |             24 |         2.40 |
|  ap_clk      | bd_0_i/hls_inst/inst/control_s_axi_U/ar_hs                                                                                       | bd_0_i/hls_inst/inst/control_s_axi_U/rdata[31]_i_1_n_7                                                                                                             |               17 |             24 |         1.41 |
|  ap_clk      | bd_0_i/hls_inst/inst/AXI_OUT_m_axi_U/store_unit/bus_wide_gen.wreq_offset/U_fifo_srl/dout_vld_reg_0                               | bd_0_i/hls_inst/inst/AXI_OUT_m_axi_U/store_unit/bus_wide_gen.wreq_offset/U_fifo_srl/ap_rst_n_1                                                                     |                8 |             30 |         3.75 |
|  ap_clk      | bd_0_i/hls_inst/inst/control_s_axi_U/int_in_im[31]_i_1_n_7                                                                       | bd_0_i/hls_inst/inst/AXI_OUT_m_axi_U/bus_write/wreq_burst_conv/rs_req/SR[0]                                                                                        |                9 |             32 |         3.56 |
|  ap_clk      | bd_0_i/hls_inst/inst/control_s_axi_U/int_out_im[31]_i_1_n_7                                                                      | bd_0_i/hls_inst/inst/AXI_OUT_m_axi_U/bus_write/wreq_burst_conv/rs_req/SR[0]                                                                                        |                9 |             32 |         3.56 |
|  ap_clk      | bd_0_i/hls_inst/inst/control_s_axi_U/int_in_im[63]_i_1_n_7                                                                       | bd_0_i/hls_inst/inst/AXI_OUT_m_axi_U/bus_write/wreq_burst_conv/rs_req/SR[0]                                                                                        |               10 |             32 |         3.20 |
|  ap_clk      | bd_0_i/hls_inst/inst/control_s_axi_U/int_out_re[63]_i_1_n_7                                                                      | bd_0_i/hls_inst/inst/AXI_OUT_m_axi_U/bus_write/wreq_burst_conv/rs_req/SR[0]                                                                                        |                8 |             32 |         4.00 |
|  ap_clk      | bd_0_i/hls_inst/inst/control_s_axi_U/int_in_re[31]_i_1_n_7                                                                       | bd_0_i/hls_inst/inst/AXI_OUT_m_axi_U/bus_write/wreq_burst_conv/rs_req/SR[0]                                                                                        |                8 |             32 |         4.00 |
|  ap_clk      | bd_0_i/hls_inst/inst/grp_fft_serial_Pipeline_store_loop_fu_490/flow_control_loop_pipe_sequential_init_U/ap_enable_reg_pp0_iter10 |                                                                                                                                                                    |               11 |             32 |         2.91 |
|  ap_clk      | bd_0_i/hls_inst/inst/AXI_OUT_m_axi_U/store_unit/bus_wide_gen.wreq_offset/U_fifo_srl/p_0_out                                      |                                                                                                                                                                    |                4 |             32 |         8.00 |
|  ap_clk      | bd_0_i/hls_inst/inst/AXI_OUT_m_axi_U/store_unit/bus_wide_gen.wreq_offset/U_fifo_srl/pop                                          | bd_0_i/hls_inst/inst/AXI_OUT_m_axi_U/bus_write/wreq_burst_conv/rs_req/SR[0]                                                                                        |                4 |             32 |         8.00 |
|  ap_clk      | bd_0_i/hls_inst/inst/grp_fft_serial_Pipeline_bfly_loop1_fu_296/ap_CS_fsm_state3                                                  |                                                                                                                                                                    |               16 |             32 |         2.00 |
|  ap_clk      | bd_0_i/hls_inst/inst/control_s_axi_U/int_in_re[63]_i_1_n_7                                                                       | bd_0_i/hls_inst/inst/AXI_OUT_m_axi_U/bus_write/wreq_burst_conv/rs_req/SR[0]                                                                                        |                6 |             32 |         5.33 |
|  ap_clk      | bd_0_i/hls_inst/inst/control_s_axi_U/int_out_im[63]_i_1_n_7                                                                      | bd_0_i/hls_inst/inst/AXI_OUT_m_axi_U/bus_write/wreq_burst_conv/rs_req/SR[0]                                                                                        |                7 |             32 |         4.57 |
|  ap_clk      | bd_0_i/hls_inst/inst/control_s_axi_U/int_out_re[31]_i_1_n_7                                                                      | bd_0_i/hls_inst/inst/AXI_OUT_m_axi_U/bus_write/wreq_burst_conv/rs_req/SR[0]                                                                                        |                8 |             32 |         4.00 |
|  ap_clk      | bd_0_i/hls_inst/inst/grp_fft_serial_Pipeline_bfly_loop13_fu_424/ap_CS_fsm_pp0_stage2                                             |                                                                                                                                                                    |               16 |             33 |         2.06 |
|  ap_clk      | bd_0_i/hls_inst/inst/grp_fft_serial_Pipeline_bfly_loop5_fu_336/ap_CS_fsm_pp0_stage2                                              |                                                                                                                                                                    |               16 |             33 |         2.06 |
|  ap_clk      | bd_0_i/hls_inst/inst/grp_fft_serial_Pipeline_bfly_loop3_fu_314/ap_CS_fsm_pp0_stage2                                              |                                                                                                                                                                    |               14 |             33 |         2.36 |
|  ap_clk      | bd_0_i/hls_inst/inst/grp_fft_serial_Pipeline_bfly_loop7_fu_358/ap_CS_fsm_pp0_stage2                                              |                                                                                                                                                                    |               15 |             33 |         2.20 |
|  ap_clk      | bd_0_i/hls_inst/inst/grp_fft_serial_Pipeline_bfly_loop11_fu_402/ap_CS_fsm_pp0_stage2                                             |                                                                                                                                                                    |               15 |             33 |         2.20 |
|  ap_clk      | bd_0_i/hls_inst/inst/grp_fft_serial_Pipeline_bfly_loop9_fu_380/ap_CS_fsm_pp0_stage2                                              |                                                                                                                                                                    |               13 |             33 |         2.54 |
|  ap_clk      | bd_0_i/hls_inst/inst/grp_fft_serial_Pipeline_bfly_loop17_fu_468/ap_CS_fsm_pp0_stage2                                             |                                                                                                                                                                    |               13 |             33 |         2.54 |
|  ap_clk      | bd_0_i/hls_inst/inst/grp_fft_serial_Pipeline_bfly_loop15_fu_446/ap_CS_fsm_pp0_stage2                                             |                                                                                                                                                                    |               17 |             33 |         1.94 |
|  ap_clk      | bd_0_i/hls_inst/inst/AXI_IN_m_axi_U/bus_read/rs_rdata/load_p2                                                                    |                                                                                                                                                                    |               14 |             33 |         2.36 |
|  ap_clk      | bd_0_i/hls_inst/inst/AXI_IN_m_axi_U/bus_read/rs_rdata/load_p1                                                                    |                                                                                                                                                                    |               12 |             33 |         2.75 |
|  ap_clk      | bd_0_i/hls_inst/inst/grp_fft_serial_Pipeline_bfly_loop5_fu_336/im_1_load_reg_10540                                               |                                                                                                                                                                    |               14 |             34 |         2.43 |
|  ap_clk      | bd_0_i/hls_inst/inst/grp_fft_serial_Pipeline_bfly_loop5_fu_336/re_1_load_reg_10200                                               |                                                                                                                                                                    |               12 |             34 |         2.83 |
|  ap_clk      | bd_0_i/hls_inst/inst/grp_fft_serial_Pipeline_bfly_loop17_fu_468/im_1_load_reg_10340                                              |                                                                                                                                                                    |               12 |             34 |         2.83 |
|  ap_clk      | bd_0_i/hls_inst/inst/grp_fft_serial_Pipeline_bfly_loop7_fu_358/im_1_load_reg_10720                                               |                                                                                                                                                                    |               16 |             34 |         2.12 |
|  ap_clk      | bd_0_i/hls_inst/inst/grp_fft_serial_Pipeline_bfly_loop1_fu_296/ap_CS_fsm_state6                                                  |                                                                                                                                                                    |               10 |             34 |         3.40 |
|  ap_clk      | bd_0_i/hls_inst/inst/grp_fft_serial_Pipeline_bfly_loop17_fu_468/re_1_load_reg_10000                                              |                                                                                                                                                                    |               11 |             34 |         3.09 |
|  ap_clk      | bd_0_i/hls_inst/inst/grp_fft_serial_Pipeline_bfly_loop7_fu_358/re_1_load_reg_10380                                               |                                                                                                                                                                    |               17 |             34 |         2.00 |
|  ap_clk      | bd_0_i/hls_inst/inst/grp_fft_serial_Pipeline_bfly_loop11_fu_402/re_1_load_reg_10380                                              |                                                                                                                                                                    |               12 |             34 |         2.83 |
|  ap_clk      | bd_0_i/hls_inst/inst/grp_fft_serial_Pipeline_bfly_loop11_fu_402/im_1_load_reg_10720                                              |                                                                                                                                                                    |               17 |             34 |         2.00 |
|  ap_clk      | bd_0_i/hls_inst/inst/grp_fft_serial_Pipeline_bfly_loop15_fu_446/re_1_load_reg_10300                                              |                                                                                                                                                                    |               11 |             34 |         3.09 |
|  ap_clk      | bd_0_i/hls_inst/inst/grp_fft_serial_Pipeline_bfly_loop9_fu_380/im_1_load_reg_10680                                               |                                                                                                                                                                    |               12 |             34 |         2.83 |
|  ap_clk      | bd_0_i/hls_inst/inst/grp_fft_serial_Pipeline_bfly_loop9_fu_380/re_1_load_reg_10340                                               |                                                                                                                                                                    |               13 |             34 |         2.62 |
|  ap_clk      | bd_0_i/hls_inst/inst/grp_fft_serial_Pipeline_bfly_loop13_fu_424/im_1_load_reg_10680                                              |                                                                                                                                                                    |               10 |             34 |         3.40 |
|  ap_clk      | bd_0_i/hls_inst/inst/grp_fft_serial_Pipeline_bfly_loop13_fu_424/re_1_load_reg_10340                                              |                                                                                                                                                                    |               12 |             34 |         2.83 |
|  ap_clk      | bd_0_i/hls_inst/inst/grp_fft_serial_Pipeline_bfly_loop15_fu_446/im_1_load_reg_10640                                              |                                                                                                                                                                    |               13 |             34 |         2.62 |
|  ap_clk      | bd_0_i/hls_inst/inst/grp_fft_serial_Pipeline_bfly_loop3_fu_314/im_1_load_reg_10180                                               |                                                                                                                                                                    |               14 |             34 |         2.43 |
|  ap_clk      | bd_0_i/hls_inst/inst/grp_fft_serial_Pipeline_bfly_loop3_fu_314/re_1_load_reg_9840                                                |                                                                                                                                                                    |               12 |             34 |         2.83 |
|  ap_clk      | bd_0_i/hls_inst/inst/AXI_OUT_m_axi_U/bus_write/wreq_throttle/data_fifo/data_buf                                                  | bd_0_i/hls_inst/inst/AXI_OUT_m_axi_U/bus_write/wreq_throttle/data_fifo/ap_rst_n_0                                                                                  |                8 |             36 |         4.50 |
|  ap_clk      | bd_0_i/hls_inst/inst/AXI_OUT_m_axi_U/bus_write/wreq_throttle/data_fifo/U_fifo_srl/p_0_out                                        |                                                                                                                                                                    |                5 |             37 |         7.40 |
|  ap_clk      | bd_0_i/hls_inst/inst/AXI_OUT_m_axi_U/bus_write/wreq_throttle/data_fifo/U_fifo_srl/dout0                                          | bd_0_i/hls_inst/inst/AXI_OUT_m_axi_U/bus_write/wreq_burst_conv/rs_req/SR[0]                                                                                        |                5 |             37 |         7.40 |
|  ap_clk      | bd_0_i/hls_inst/inst/AXI_IN_m_axi_U/bus_read/rreq_burst_conv/rs_req/E[0]                                                         | bd_0_i/hls_inst/inst/AXI_OUT_m_axi_U/bus_write/wreq_burst_conv/rs_req/SR[0]                                                                                        |                9 |             53 |         5.89 |
|  ap_clk      | bd_0_i/hls_inst/inst/AXI_OUT_m_axi_U/bus_write/wreq_burst_conv/rs_req/E[0]                                                       | bd_0_i/hls_inst/inst/AXI_OUT_m_axi_U/bus_write/wreq_burst_conv/rs_req/SR[0]                                                                                        |                9 |             53 |         5.89 |
|  ap_clk      | bd_0_i/hls_inst/inst/grp_fft_serial_Pipeline_load_loop_fu_263/push                                                               |                                                                                                                                                                    |                9 |             64 |         7.11 |
|  ap_clk      | bd_0_i/hls_inst/inst/grp_fft_serial_Pipeline_store_loop_fu_490/p_0_out                                                           |                                                                                                                                                                    |                9 |             64 |         7.11 |
|  ap_clk      | bd_0_i/hls_inst/inst/AXI_IN_m_axi_U/load_unit/fifo_rreq/U_fifo_srl/pop                                                           | bd_0_i/hls_inst/inst/AXI_OUT_m_axi_U/bus_write/wreq_burst_conv/rs_req/SR[0]                                                                                        |                9 |             64 |         7.11 |
|  ap_clk      | bd_0_i/hls_inst/inst/AXI_OUT_m_axi_U/store_unit/fifo_wreq/U_fifo_srl/pop                                                         | bd_0_i/hls_inst/inst/AXI_OUT_m_axi_U/bus_write/wreq_burst_conv/rs_req/SR[0]                                                                                        |                9 |             64 |         7.11 |
|  ap_clk      | bd_0_i/hls_inst/inst/AXI_OUT_m_axi_U/bus_write/wreq_burst_conv/rs_req/load_p1                                                    |                                                                                                                                                                    |               24 |             65 |         2.71 |
|  ap_clk      | bd_0_i/hls_inst/inst/AXI_IN_m_axi_U/load_unit/bus_wide_gen.rreq_offset/tmp_valid_reg[0]                                          |                                                                                                                                                                    |               19 |             65 |         3.42 |
|  ap_clk      | bd_0_i/hls_inst/inst/AXI_OUT_m_axi_U/store_unit/bus_wide_gen.wreq_offset/tmp_valid_reg[0]                                        |                                                                                                                                                                    |               26 |             65 |         2.50 |
|  ap_clk      | bd_0_i/hls_inst/inst/AXI_IN_m_axi_U/load_unit/bus_wide_gen.rreq_offset/E[0]                                                      | bd_0_i/hls_inst/inst/AXI_OUT_m_axi_U/bus_write/wreq_burst_conv/rs_req/SR[0]                                                                                        |               19 |             65 |         3.42 |
|  ap_clk      | bd_0_i/hls_inst/inst/AXI_IN_m_axi_U/bus_read/rreq_burst_conv/rs_req/load_p1                                                      |                                                                                                                                                                    |               27 |             65 |         2.41 |
|  ap_clk      | bd_0_i/hls_inst/inst/AXI_OUT_m_axi_U/store_unit/fifo_wrsp/U_fifo_srl/full_n_reg                                                  | bd_0_i/hls_inst/inst/AXI_OUT_m_axi_U/bus_write/wreq_burst_conv/rs_req/SR[0]                                                                                        |               22 |             65 |         2.95 |
|  ap_clk      | bd_0_i/hls_inst/inst/AXI_OUT_m_axi_U/bus_write/wreq_throttle/rs_req/load_p1                                                      |                                                                                                                                                                    |               20 |             66 |         3.30 |
|  ap_clk      | bd_0_i/hls_inst/inst/AXI_OUT_m_axi_U/bus_write/wreq_throttle/req_fifo/U_fifo_srl/p_0_out                                         |                                                                                                                                                                    |                9 |             66 |         7.33 |
|  ap_clk      | bd_0_i/hls_inst/inst/AXI_OUT_m_axi_U/bus_write/wreq_throttle/data_fifo/U_fifo_srl/dout_vld_reg[0]                                |                                                                                                                                                                    |               17 |             66 |         3.88 |
|  ap_clk      | bd_0_i/hls_inst/inst/AXI_OUT_m_axi_U/bus_write/wreq_throttle/req_fifo/U_fifo_srl/pop                                             | bd_0_i/hls_inst/inst/AXI_OUT_m_axi_U/bus_write/wreq_burst_conv/rs_req/SR[0]                                                                                        |                9 |             66 |         7.33 |
|  ap_clk      | bd_0_i/hls_inst/inst/grp_fft_serial_Pipeline_bfly_loop1_fu_296/ap_CS_fsm_state2                                                  |                                                                                                                                                                    |               26 |             71 |         2.73 |
|  ap_clk      | bd_0_i/hls_inst/inst/AXI_IN_m_axi_U/bus_read/rreq_burst_conv/ost_ctrl_valid                                                      | bd_0_i/hls_inst/inst/AXI_OUT_m_axi_U/bus_write/wreq_burst_conv/rs_req/SR[0]                                                                                        |               18 |             71 |         3.94 |
|  ap_clk      | bd_0_i/hls_inst/inst/AXI_OUT_m_axi_U/bus_write/wreq_burst_conv/ost_ctrl_valid                                                    | bd_0_i/hls_inst/inst/AXI_OUT_m_axi_U/bus_write/wreq_burst_conv/rs_req/SR[0]                                                                                        |               18 |             71 |         3.94 |
|  ap_clk      | bd_0_i/hls_inst/inst/AXI_OUT_m_axi_U/bus_write/wreq_burst_conv/rs_req/last_sect                                                  | bd_0_i/hls_inst/inst/AXI_OUT_m_axi_U/bus_write/wreq_burst_conv/rs_req/SR[0]                                                                                        |               17 |             77 |         4.53 |
|  ap_clk      | bd_0_i/hls_inst/inst/AXI_IN_m_axi_U/bus_read/rreq_burst_conv/rs_req/p_15_in                                                      | bd_0_i/hls_inst/inst/AXI_OUT_m_axi_U/bus_write/wreq_burst_conv/rs_req/SR[0]                                                                                        |               18 |             77 |         4.28 |
|  ap_clk      | bd_0_i/hls_inst/inst/AXI_IN_m_axi_U/bus_read/rreq_burst_conv/rs_req/next_req                                                     | bd_0_i/hls_inst/inst/AXI_OUT_m_axi_U/bus_write/wreq_burst_conv/rs_req/SR[0]                                                                                        |               34 |            112 |         3.29 |
|  ap_clk      | bd_0_i/hls_inst/inst/AXI_OUT_m_axi_U/bus_write/wreq_burst_conv/rs_req/next_req                                                   | bd_0_i/hls_inst/inst/AXI_OUT_m_axi_U/bus_write/wreq_burst_conv/rs_req/SR[0]                                                                                        |               32 |            112 |         3.50 |
|  ap_clk      | bd_0_i/hls_inst/inst/grp_fft_serial_Pipeline_store_loop_fu_490/i_fu_6610_out                                                     |                                                                                                                                                                    |               34 |            130 |         3.82 |
|  ap_clk      | bd_0_i/hls_inst/inst/grp_fft_serial_Pipeline_load_loop_fu_263/i_fu_6610_out                                                      |                                                                                                                                                                    |               52 |            173 |         3.33 |
|  ap_clk      | bd_0_i/hls_inst/inst/ap_CS_fsm_state1                                                                                            |                                                                                                                                                                    |               63 |            252 |         4.00 |
|  ap_clk      |                                                                                                                                  | bd_0_i/hls_inst/inst/AXI_OUT_m_axi_U/bus_write/wreq_burst_conv/rs_req/SR[0]                                                                                        |              128 |            282 |         2.20 |
|  ap_clk      |                                                                                                                                  |                                                                                                                                                                    |              142 |            331 |         2.33 |
+--------------+----------------------------------------------------------------------------------------------------------------------------------+--------------------------------------------------------------------------------------------------------------------------------------------------------------------+------------------+----------------+--------------+


