================================================================
== Vivado RTL Synthesis Results
================================================================
+ General Information:
    * Date:            Tue Jun 30 20:57:32 +0300 2026
    * Version:         2023.2 (Build 4023990 on Oct 11 2023)
    * Project:         serial_fft_hls
    * Solution:        solution1 (Vivado IP Flow Target)
    * Product family:  artix7
    * Target device:   xc7a200t-fbg676-2


================================================================
== Run Constraints & Options
================================================================
+ Design Constraints & Options:
    * RTL Synthesis target clock:  10 ns
    * C-Synthesis target clock:    10 ns
    * C-Synthesis uncertainty:     27%

+ RTL Synthesis Options:
    * config_export -vivado_synth_strategy:     default
    * config_export -vivado_synth_design_args:  -directive sdx_optimization_effort_high

+ Reporting Options:
    * config_export -vivado_report_level:      2
    * config_export -vivado_max_timing_paths:  10


================================================================
== RTL Synthesis Resource Summary
================================================================
LUT:              7058
FF:               4958
DSP:              38
BRAM:             8
URAM:             0
SRL:              301


================================================================
== RTL Synthesis Timing Summary
================================================================
* Timing was met
+----------------+-------------+
| Timing         | Period (ns) |
+----------------+-------------+
| Target         | 10.000      |
| Post-Synthesis | 7.669       |
+----------------+-------------+


================================================================
== RTL Synthesis Resources
================================================================
+--------------------------------------------------+------+------+-----+------+------+-----+--------+------+---------+----------+--------+
| Name                                             | LUT  | FF   | DSP | BRAM | URAM | SRL | Pragma | Impl | Latency | Variable | Source |
+--------------------------------------------------+------+------+-----+------+------+-----+--------+------+---------+----------+--------+
| inst                                             | 7058 | 4958 | 38  | 8    |      |     |        |      |         |          |        |
|   (inst)                                         | 33   | 389  |     |      |      |     |        |      |         |          |        |
|   AXI_IN_m_axi_U                                 | 525  | 791  |     | 1    |      |     |        |      |         |          |        |
|   AXI_OUT_m_axi_U                                | 803  | 1133 |     | 1    |      |     |        |      |         |          |        |
|   TW_COS_LUT_U                                   |      |      |     | 1    |      |     |        |      |         |          |        |
|   TW_SIN_LUT_U                                   | 3    |      |     | 1    |      |     |        |      |         |          |        |
|   control_s_axi_U                                | 301  | 321  |     |      |      |     |        |      |         |          |        |
|   grp_fft_serial_Pipeline_bfly_loop11_fu_402     | 403  | 171  | 4   |      |      |     |        |      |         |          |        |
|     (grp_fft_serial_Pipeline_bfly_loop11_fu_402) | 189  | 169  |     |      |      |     |        |      |         |          |        |
|     mac_muladd_16s_16s_32s_32_1_1_U106           | 86   |      | 1   |      |      |     |        |      |         |          |        |
|     mac_mulsub_16s_16s_32s_32_1_1_U105           | 69   |      | 1   |      |      |     |        |      |         |          |        |
|     mul_16s_16s_32_4_1_U103                      |      |      | 1   |      |      |     |        |      |         |          |        |
|     mul_16s_16s_32_4_1_U104                      | 15   |      | 1   |      |      |     |        |      |         |          |        |
|   grp_fft_serial_Pipeline_bfly_loop13_fu_424     | 416  | 171  | 4   |      |      |     |        |      |         |          |        |
|     (grp_fft_serial_Pipeline_bfly_loop13_fu_424) | 178  | 169  |     |      |      |     |        |      |         |          |        |
|     flow_control_loop_pipe_sequential_init_U     | 43   | 2    |     |      |      |     |        |      |         |          |        |
|     mac_muladd_16s_16s_32s_32_1_1_U122           | 98   |      | 1   |      |      |     |        |      |         |          |        |
|     mac_mulsub_16s_16s_32s_32_1_1_U121           | 82   |      | 1   |      |      |     |        |      |         |          |        |
|     mul_16s_16s_32_4_1_U119                      |      |      | 1   |      |      |     |        |      |         |          |        |
|     mul_16s_16s_32_4_1_U120                      | 15   |      | 1   |      |      |     |        |      |         |          |        |
|   grp_fft_serial_Pipeline_bfly_loop15_fu_446     | 415  | 171  | 4   |      |      |     |        |      |         |          |        |
|     (grp_fft_serial_Pipeline_bfly_loop15_fu_446) | 177  | 169  |     |      |      |     |        |      |         |          |        |
|     flow_control_loop_pipe_sequential_init_U     | 42   | 2    |     |      |      |     |        |      |         |          |        |
|     mac_muladd_16s_16s_32s_32_1_1_U138           | 98   |      | 1   |      |      |     |        |      |         |          |        |
|     mac_mulsub_16s_16s_32s_32_1_1_U137           | 83   |      | 1   |      |      |     |        |      |         |          |        |
|     mul_16s_16s_32_4_1_U135                      |      |      | 1   |      |      |     |        |      |         |          |        |
|     mul_16s_16s_32_4_1_U136                      | 15   |      | 1   |      |      |     |        |      |         |          |        |
|   grp_fft_serial_Pipeline_bfly_loop17_fu_468     | 401  | 171  | 4   |      |      |     |        |      |         |          |        |
|     (grp_fft_serial_Pipeline_bfly_loop17_fu_468) | 195  | 169  |     |      |      |     |        |      |         |          |        |
|     flow_control_loop_pipe_sequential_init_U     | 73   | 2    |     |      |      |     |        |      |         |          |        |
|     mac_muladd_16s_16s_32s_32_1_1_U154           | 69   |      | 1   |      |      |     |        |      |         |          |        |
|     mac_mulsub_16s_16s_32s_32_1_1_U153           | 49   |      | 1   |      |      |     |        |      |         |          |        |
|     mul_16s_16s_32_4_1_U151                      |      |      | 1   |      |      |     |        |      |         |          |        |
|     mul_16s_16s_32_4_1_U152                      | 15   |      | 1   |      |      |     |        |      |         |          |        |
|   grp_fft_serial_Pipeline_bfly_loop1_fu_296      | 362  | 182  | 4   |      |      |     |        |      |         |          |        |
|     (grp_fft_serial_Pipeline_bfly_loop1_fu_296)  | 151  | 180  |     |      |      |     |        |      |         |          |        |
|     flow_control_loop_pipe_sequential_init_U     | 67   | 2    |     |      |      |     |        |      |         |          |        |
|     mac_muladd_16s_16s_31s_32_4_1_U23            | 75   |      | 1   |      |      |     |        |      |         |          |        |
|     mac_mulsub_16s_16s_31s_32_4_1_U22            | 35   |      | 1   |      |      |     |        |      |         |          |        |
|     mul_16s_16s_32_4_1_U20                       |      |      | 1   |      |      |     |        |      |         |          |        |
|     mul_16s_16s_32_4_1_U21                       | 34   |      | 1   |      |      |     |        |      |         |          |        |
|   grp_fft_serial_Pipeline_bfly_loop3_fu_314      | 397  | 172  | 4   |      |      |     |        |      |         |          |        |
|     (grp_fft_serial_Pipeline_bfly_loop3_fu_314)  | 177  | 170  |     |      |      |     |        |      |         |          |        |
|     flow_control_loop_pipe_sequential_init_U     | 29   | 2    |     |      |      |     |        |      |         |          |        |
|     mac_muladd_16s_16s_32s_32_1_1_U40            | 96   |      | 1   |      |      |     |        |      |         |          |        |
|     mac_mulsub_16s_16s_32s_32_1_1_U39            | 80   |      | 1   |      |      |     |        |      |         |          |        |
|     mul_16s_16s_32_4_1_U37                       |      |      | 1   |      |      |     |        |      |         |          |        |
|     mul_16s_16s_32_4_1_U38                       | 15   |      | 1   |      |      |     |        |      |         |          |        |
|   grp_fft_serial_Pipeline_bfly_loop5_fu_336      | 396  | 171  | 4   |      |      |     |        |      |         |          |        |
|     (grp_fft_serial_Pipeline_bfly_loop5_fu_336)  | 184  | 169  |     |      |      |     |        |      |         |          |        |
|     flow_control_loop_pipe_sequential_init_U     | 37   | 2    |     |      |      |     |        |      |         |          |        |
|     mac_muladd_16s_16s_32s_32_1_1_U58            | 89   |      | 1   |      |      |     |        |      |         |          |        |
|     mac_mulsub_16s_16s_32s_32_1_1_U57            | 71   |      | 1   |      |      |     |        |      |         |          |        |
|     mul_16s_16s_32_4_1_U55                       |      |      | 1   |      |      |     |        |      |         |          |        |
|     mul_16s_16s_32_4_1_U56                       | 15   |      | 1   |      |      |     |        |      |         |          |        |
|   grp_fft_serial_Pipeline_bfly_loop7_fu_358      | 347  | 171  | 4   |      |      |     |        |      |         |          |        |
|     (grp_fft_serial_Pipeline_bfly_loop7_fu_358)  | 180  | 169  |     |      |      |     |        |      |         |          |        |
|     flow_control_loop_pipe_sequential_init_U     | 37   | 2    |     |      |      |     |        |      |         |          |        |
|     mac_muladd_16s_16s_32s_32_1_1_U74            | 66   |      | 1   |      |      |     |        |      |         |          |        |
|     mac_mulsub_16s_16s_32s_32_1_1_U73            | 49   |      | 1   |      |      |     |        |      |         |          |        |
|     mul_16s_16s_32_4_1_U71                       |      |      | 1   |      |      |     |        |      |         |          |        |
|     mul_16s_16s_32_4_1_U72                       | 15   |      | 1   |      |      |     |        |      |         |          |        |
|   grp_fft_serial_Pipeline_bfly_loop9_fu_380      | 374  | 171  | 4   |      |      |     |        |      |         |          |        |
|     (grp_fft_serial_Pipeline_bfly_loop9_fu_380)  | 175  | 169  |     |      |      |     |        |      |         |          |        |
|     flow_control_loop_pipe_sequential_init_U     | 37   | 2    |     |      |      |     |        |      |         |          |        |
|     mac_muladd_16s_16s_32s_32_1_1_U90            | 82   |      | 1   |      |      |     |        |      |         |          |        |
|     mac_mulsub_16s_16s_32s_32_1_1_U89            | 65   |      | 1   |      |      |     |        |      |         |          |        |
|     mul_16s_16s_32_4_1_U87                       |      |      | 1   |      |      |     |        |      |         |          |        |
|     mul_16s_16s_32_4_1_U88                       | 15   |      | 1   |      |      |     |        |      |         |          |        |
|   grp_fft_serial_Pipeline_bfly_loop_fu_279       | 203  | 157  | 2   |      |      |     |        |      |         |          |        |
|     (grp_fft_serial_Pipeline_bfly_loop_fu_279)   | 154  | 155  | 1   |      |      |     |        |      |         |          |        |
|     flow_control_loop_pipe_sequential_init_U     | 18   | 2    |     |      |      |     |        |      |         |          |        |
|     mul_16s_16ns_32_4_1_U9                       | 31   |      | 1   |      |      |     |        |      |         |          |        |
|   grp_fft_serial_Pipeline_load_loop_fu_263       | 143  | 201  |     |      |      |     |        |      |         |          |        |
|     (grp_fft_serial_Pipeline_load_loop_fu_263)   | 108  | 199  |     |      |      |     |        |      |         |          |        |
|     flow_control_loop_pipe_sequential_init_U     | 53   | 2    |     |      |      |     |        |      |         |          |        |
|   grp_fft_serial_Pipeline_scan_loop10_fu_393     | 29   | 23   |     |      |      |     |        |      |         |          |        |
|     (grp_fft_serial_Pipeline_scan_loop10_fu_393) | 11   | 21   |     |      |      |     |        |      |         |          |        |
|     flow_control_loop_pipe_sequential_init_U     | 18   | 2    |     |      |      |     |        |      |         |          |        |
|   grp_fft_serial_Pipeline_scan_loop12_fu_415     | 48   | 23   |     |      |      |     |        |      |         |          |        |
|     (grp_fft_serial_Pipeline_scan_loop12_fu_415) | 11   | 21   |     |      |      |     |        |      |         |          |        |
|     flow_control_loop_pipe_sequential_init_U     | 37   | 2    |     |      |      |     |        |      |         |          |        |
|   grp_fft_serial_Pipeline_scan_loop14_fu_437     | 43   | 23   |     |      |      |     |        |      |         |          |        |
|     (grp_fft_serial_Pipeline_scan_loop14_fu_437) | 10   | 21   |     |      |      |     |        |      |         |          |        |
|     flow_control_loop_pipe_sequential_init_U     | 33   | 2    |     |      |      |     |        |      |         |          |        |
|   grp_fft_serial_Pipeline_scan_loop16_fu_459     | 32   | 23   |     |      |      |     |        |      |         |          |        |
|     (grp_fft_serial_Pipeline_scan_loop16_fu_459) | 10   | 21   |     |      |      |     |        |      |         |          |        |
|     flow_control_loop_pipe_sequential_init_U     | 22   | 2    |     |      |      |     |        |      |         |          |        |
|   grp_fft_serial_Pipeline_scan_loop18_fu_481     | 48   | 23   |     |      |      |     |        |      |         |          |        |
|     (grp_fft_serial_Pipeline_scan_loop18_fu_481) | 10   | 21   |     |      |      |     |        |      |         |          |        |
|     flow_control_loop_pipe_sequential_init_U     | 38   | 2    |     |      |      |     |        |      |         |          |        |
|   grp_fft_serial_Pipeline_scan_loop2_fu_305      | 40   | 23   |     |      |      |     |        |      |         |          |        |
|     (grp_fft_serial_Pipeline_scan_loop2_fu_305)  | 11   | 21   |     |      |      |     |        |      |         |          |        |
|     flow_control_loop_pipe_sequential_init_U     | 29   | 2    |     |      |      |     |        |      |         |          |        |
|   grp_fft_serial_Pipeline_scan_loop4_fu_327      | 32   | 23   |     |      |      |     |        |      |         |          |        |
|     (grp_fft_serial_Pipeline_scan_loop4_fu_327)  | 11   | 21   |     |      |      |     |        |      |         |          |        |
|     flow_control_loop_pipe_sequential_init_U     | 21   | 2    |     |      |      |     |        |      |         |          |        |
|   grp_fft_serial_Pipeline_scan_loop6_fu_349      | 39   | 23   |     |      |      |     |        |      |         |          |        |
|     (grp_fft_serial_Pipeline_scan_loop6_fu_349)  | 11   | 21   |     |      |      |     |        |      |         |          |        |
|     flow_control_loop_pipe_sequential_init_U     | 28   | 2    |     |      |      |     |        |      |         |          |        |
|   grp_fft_serial_Pipeline_scan_loop8_fu_371      | 44   | 23   |     |      |      |     |        |      |         |          |        |
|     (grp_fft_serial_Pipeline_scan_loop8_fu_371)  | 10   | 21   |     |      |      |     |        |      |         |          |        |
|     flow_control_loop_pipe_sequential_init_U     | 34   | 2    |     |      |      |     |        |      |         |          |        |
|   grp_fft_serial_Pipeline_scan_loop_fu_287       | 61   | 23   |     |      |      |     |        |      |         |          |        |
|     (grp_fft_serial_Pipeline_scan_loop_fu_287)   | 11   | 21   |     |      |      |     |        |      |         |          |        |
|     flow_control_loop_pipe_sequential_init_U     | 50   | 2    |     |      |      |     |        |      |         |          |        |
|   grp_fft_serial_Pipeline_store_loop_fu_490      | 172  | 185  |     |      |      |     |        |      |         |          |        |
|     (grp_fft_serial_Pipeline_store_loop_fu_490)  | 104  | 183  |     |      |      |     |        |      |         |          |        |
|     flow_control_loop_pipe_sequential_init_U     | 86   | 2    |     |      |      |     |        |      |         |          |        |
|   im_1_U                                         | 353  |      |     | 1    |      |     |        |      |         |          |        |
|   im_U                                           | 73   |      |     | 1    |      |     |        |      |         |          |        |
|   re_1_U                                         | 501  |      |     | 1    |      |     |        |      |         |          |        |
|   re_U                                           | 21   |      |     | 1    |      |     |        |      |         |          |        |
+--------------------------------------------------+------+------+-----+------+------+-----+--------+------+---------+----------+--------+


================================================================
== RTL Synthesis Fail Fast
================================================================
+-----------------------------------------------------------+-----------+--------+--------+
| Criteria                                                  | Guideline | Actual | Status |
+-----------------------------------------------------------+-----------+--------+--------+
| LUT                                                       | 70%       | 5.24%  | OK     |
| FD                                                        | 50%       | 1.84%  | OK     |
| LUTRAM+SRL                                                | 25%       | 0.65%  | OK     |
| MUXF7                                                     | 15%       | 0.11%  | OK     |
| DSP                                                       | 80%       | 5.14%  | OK     |
| RAMB/FIFO                                                 | 80%       | 1.10%  | OK     |
| DSP+RAMB+URAM (Avg)                                       | 70%       | 3.12%  | OK     |
| BUFGCE* + BUFGCTRL                                        | 24        | 0      | OK     |
| DONT_TOUCH (cells/nets)                                   | 0         | 0      | OK     |
| MARK_DEBUG (nets)                                         | 0         | 0      | OK     |
| Control Sets                                              | 2524      | 191    | OK     |
| Average Fanout for modules > 100k cells                   | 4         | 3.02   | OK     |
| Max Average Fanout for modules > 100k cells               | 4         | 0      | OK     |
| Non-FD high fanout nets > 10k loads                       | 0         | 0      | OK     |
+-----------------------------------------------------------+-----------+--------+--------+
| TIMING-6 (No common primary clock between related clocks) | 0         | 0      | OK     |
| TIMING-7 (No common node between related clocks)          | 0         | 0      | OK     |
| TIMING-8 (No common period between related clocks)        | 0         | 0      | OK     |
| TIMING-14 (LUT on the clock tree)                         | 0         | 0      | OK     |
| TIMING-35 (No common node in paths with the same clock)   | 0         | 0      | OK     |
+-----------------------------------------------------------+-----------+--------+--------+
| Number of paths above max LUT budgeting (0.500ns)         | 0         | 0      | OK     |
| Number of paths above max Net budgeting (0.350ns)         | 0         | 0      | OK     |
+-----------------------------------------------------------+-----------+--------+--------+


================================================================
== RTL Synthesis Timing Paths
================================================================
* Timing was met
+-------+-------+--------------------------------------------------------------------------------------------------------------------------------------+---------------------------+--------------+------------+----------------+----------------+--------------+
| Path  | SLACK | STARTPOINT PIN                                                                                                                       | ENDPOINT PIN              | LOGIC LEVELS | MAX FANOUT | DATAPATH DELAY | DATAPATH LOGIC | DATAPATH NET |
|       |       |                                                                                                                                      |                           |              |            |                |          DELAY |        DELAY |
+-------+-------+--------------------------------------------------------------------------------------------------------------------------------------+---------------------------+--------------+------------+----------------+----------------+--------------+
| Path1 | 2.331 | grp_fft_serial_Pipeline_bfly_loop7_fu_358/mac_muladd_16s_16s_32s_32_1_1_U74/fft_serial_mac_muladd_16s_16s_32s_32_1_1_DSP48_3_U/p/CLK | im_1_U/ram_reg/DIADI[15]  |            8 |          3 |          7.380 |          4.868 |        2.512 |
| Path2 | 2.331 | grp_fft_serial_Pipeline_bfly_loop7_fu_358/mac_muladd_16s_16s_32s_32_1_1_U74/fft_serial_mac_muladd_16s_16s_32s_32_1_1_DSP48_3_U/p/CLK | im_U/ram_reg/DIADI[15]    |            8 |          3 |          7.380 |          4.868 |        2.512 |
| Path3 | 2.331 | grp_fft_serial_Pipeline_bfly_loop7_fu_358/mac_mulsub_16s_16s_32s_32_1_1_U73/fft_serial_mac_mulsub_16s_16s_32s_32_1_1_DSP48_2_U/p/CLK | re_1_U/ram_reg/DIADI[15]  |            8 |          3 |          7.380 |          4.868 |        2.512 |
| Path4 | 2.331 | grp_fft_serial_Pipeline_bfly_loop7_fu_358/mac_mulsub_16s_16s_32s_32_1_1_U73/fft_serial_mac_mulsub_16s_16s_32s_32_1_1_DSP48_2_U/p/CLK | re_U/ram_reg/DIADI[15]    |            8 |          3 |          7.380 |          4.868 |        2.512 |
| Path5 | 2.345 | grp_fft_serial_Pipeline_bfly_loop3_fu_314/mac_muladd_16s_16s_32s_32_1_1_U40/fft_serial_mac_muladd_16s_16s_32s_32_1_1_DSP48_3_U/p/CLK | im_1_U/ram_reg/DIPBDIP[0] |            9 |          3 |          7.366 |          5.108 |        2.258 |
+-------+-------+--------------------------------------------------------------------------------------------------------------------------------------+---------------------------+--------------+------------+----------------+----------------+--------------+

    +-------------------------------------------------------------------------------------------------------------------------------------------------+---------------------+
    | Path1 Cells                                                                                                                                     | Primitive Type      |
    +-------------------------------------------------------------------------------------------------------------------------------------------------+---------------------+
    | grp_fft_serial_Pipeline_bfly_loop7_fu_358/mac_muladd_16s_16s_32s_32_1_1_U74/fft_serial_mac_muladd_16s_16s_32s_32_1_1_DSP48_3_U/p                | MULT.dsp.DSP48E1    |
    | grp_fft_serial_Pipeline_bfly_loop7_fu_358/mac_muladd_16s_16s_32s_32_1_1_U74/fft_serial_mac_muladd_16s_16s_32s_32_1_1_DSP48_3_U/ram_reg_i_640    | LUT.others.LUT2     |
    | grp_fft_serial_Pipeline_bfly_loop7_fu_358/mac_muladd_16s_16s_32s_32_1_1_U74/fft_serial_mac_muladd_16s_16s_32s_32_1_1_DSP48_3_U/ram_reg_i_533    | CARRY.others.CARRY4 |
    | grp_fft_serial_Pipeline_bfly_loop7_fu_358/mac_muladd_16s_16s_32s_32_1_1_U74/fft_serial_mac_muladd_16s_16s_32s_32_1_1_DSP48_3_U/ram_reg_i_491    | CARRY.others.CARRY4 |
    | grp_fft_serial_Pipeline_bfly_loop7_fu_358/mac_muladd_16s_16s_32s_32_1_1_U74/fft_serial_mac_muladd_16s_16s_32s_32_1_1_DSP48_3_U/ram_reg_i_305    | CARRY.others.CARRY4 |
    | grp_fft_serial_Pipeline_bfly_loop7_fu_358/mac_muladd_16s_16s_32s_32_1_1_U74/fft_serial_mac_muladd_16s_16s_32s_32_1_1_DSP48_3_U/ram_reg_i_465    | CARRY.others.CARRY4 |
    | grp_fft_serial_Pipeline_bfly_loop5_fu_336/mac_muladd_16s_16s_32s_32_1_1_U58/fft_serial_mac_muladd_16s_16s_32s_32_1_1_DSP48_3_U/ram_reg_i_280__0 | LUT.others.LUT5     |
    | grp_fft_serial_Pipeline_bfly_loop3_fu_314/mac_muladd_16s_16s_32s_32_1_1_U40/fft_serial_mac_muladd_16s_16s_32s_32_1_1_DSP48_3_U/ram_reg_i_104__1 | LUT.others.LUT6     |
    | grp_fft_serial_Pipeline_bfly_loop13_fu_424/mac_muladd_16s_16s_32s_32_1_1_U122/fft_serial_mac_muladd_16s_16s_32s_32_1_1_DSP48_3_U/ram_reg_i_21   | LUT.others.LUT6     |
    | im_1_U/ram_reg                                                                                                                                  | BMEM.bram.RAMB18E1  |
    +-------------------------------------------------------------------------------------------------------------------------------------------------+---------------------+

    +-------------------------------------------------------------------------------------------------------------------------------------------------+---------------------+
    | Path2 Cells                                                                                                                                     | Primitive Type      |
    +-------------------------------------------------------------------------------------------------------------------------------------------------+---------------------+
    | grp_fft_serial_Pipeline_bfly_loop7_fu_358/mac_muladd_16s_16s_32s_32_1_1_U74/fft_serial_mac_muladd_16s_16s_32s_32_1_1_DSP48_3_U/p                | MULT.dsp.DSP48E1    |
    | grp_fft_serial_Pipeline_bfly_loop7_fu_358/mac_muladd_16s_16s_32s_32_1_1_U74/fft_serial_mac_muladd_16s_16s_32s_32_1_1_DSP48_3_U/ram_reg_i_640    | LUT.others.LUT2     |
    | grp_fft_serial_Pipeline_bfly_loop7_fu_358/mac_muladd_16s_16s_32s_32_1_1_U74/fft_serial_mac_muladd_16s_16s_32s_32_1_1_DSP48_3_U/ram_reg_i_533    | CARRY.others.CARRY4 |
    | grp_fft_serial_Pipeline_bfly_loop7_fu_358/mac_muladd_16s_16s_32s_32_1_1_U74/fft_serial_mac_muladd_16s_16s_32s_32_1_1_DSP48_3_U/ram_reg_i_491    | CARRY.others.CARRY4 |
    | grp_fft_serial_Pipeline_bfly_loop7_fu_358/mac_muladd_16s_16s_32s_32_1_1_U74/fft_serial_mac_muladd_16s_16s_32s_32_1_1_DSP48_3_U/ram_reg_i_305    | CARRY.others.CARRY4 |
    | grp_fft_serial_Pipeline_bfly_loop7_fu_358/mac_muladd_16s_16s_32s_32_1_1_U74/fft_serial_mac_muladd_16s_16s_32s_32_1_1_DSP48_3_U/ram_reg_i_465    | CARRY.others.CARRY4 |
    | grp_fft_serial_Pipeline_bfly_loop5_fu_336/mac_muladd_16s_16s_32s_32_1_1_U58/fft_serial_mac_muladd_16s_16s_32s_32_1_1_DSP48_3_U/ram_reg_i_280__0 | LUT.others.LUT5     |
    | grp_fft_serial_Pipeline_bfly_loop3_fu_314/mac_muladd_16s_16s_32s_32_1_1_U40/fft_serial_mac_muladd_16s_16s_32s_32_1_1_DSP48_3_U/ram_reg_i_104__1 | LUT.others.LUT6     |
    | grp_fft_serial_Pipeline_bfly_loop13_fu_424/mac_muladd_16s_16s_32s_32_1_1_U122/fft_serial_mac_muladd_16s_16s_32s_32_1_1_DSP48_3_U/ram_reg_i_21   | LUT.others.LUT6     |
    | im_U/ram_reg                                                                                                                                    | BMEM.bram.RAMB18E1  |
    +-------------------------------------------------------------------------------------------------------------------------------------------------+---------------------+

    +--------------------------------------------------------------------------------------------------------------------------------------------------+---------------------+
    | Path3 Cells                                                                                                                                      | Primitive Type      |
    +--------------------------------------------------------------------------------------------------------------------------------------------------+---------------------+
    | grp_fft_serial_Pipeline_bfly_loop7_fu_358/mac_mulsub_16s_16s_32s_32_1_1_U73/fft_serial_mac_mulsub_16s_16s_32s_32_1_1_DSP48_2_U/p                 | MULT.dsp.DSP48E1    |
    | grp_fft_serial_Pipeline_bfly_loop7_fu_358/mac_mulsub_16s_16s_32s_32_1_1_U73/fft_serial_mac_mulsub_16s_16s_32s_32_1_1_DSP48_2_U/ram_reg_i_783     | LUT.others.LUT2     |
    | grp_fft_serial_Pipeline_bfly_loop7_fu_358/mac_mulsub_16s_16s_32s_32_1_1_U73/fft_serial_mac_mulsub_16s_16s_32s_32_1_1_DSP48_2_U/ram_reg_i_662     | CARRY.others.CARRY4 |
    | grp_fft_serial_Pipeline_bfly_loop7_fu_358/mac_mulsub_16s_16s_32s_32_1_1_U73/fft_serial_mac_mulsub_16s_16s_32s_32_1_1_DSP48_2_U/ram_reg_i_652     | CARRY.others.CARRY4 |
    | grp_fft_serial_Pipeline_bfly_loop7_fu_358/mac_mulsub_16s_16s_32s_32_1_1_U73/fft_serial_mac_mulsub_16s_16s_32s_32_1_1_DSP48_2_U/ram_reg_i_630     | CARRY.others.CARRY4 |
    | grp_fft_serial_Pipeline_bfly_loop7_fu_358/mac_mulsub_16s_16s_32s_32_1_1_U73/fft_serial_mac_mulsub_16s_16s_32s_32_1_1_DSP48_2_U/ram_reg_i_608     | CARRY.others.CARRY4 |
    | grp_fft_serial_Pipeline_bfly_loop5_fu_336/mac_mulsub_16s_16s_32s_32_1_1_U57/fft_serial_mac_mulsub_16s_16s_32s_32_1_1_DSP48_2_U/ram_reg_i_381     | LUT.others.LUT5     |
    | grp_fft_serial_Pipeline_bfly_loop3_fu_314/mac_mulsub_16s_16s_32s_32_1_1_U39/fft_serial_mac_mulsub_16s_16s_32s_32_1_1_DSP48_2_U/ram_reg_i_137__0  | LUT.others.LUT6     |
    | grp_fft_serial_Pipeline_bfly_loop13_fu_424/mac_mulsub_16s_16s_32s_32_1_1_U121/fft_serial_mac_mulsub_16s_16s_32s_32_1_1_DSP48_2_U/ram_reg_i_21__0 | LUT.others.LUT6     |
    | re_1_U/ram_reg                                                                                                                                   | BMEM.bram.RAMB18E1  |
    +--------------------------------------------------------------------------------------------------------------------------------------------------+---------------------+

    +--------------------------------------------------------------------------------------------------------------------------------------------------+---------------------+
    | Path4 Cells                                                                                                                                      | Primitive Type      |
    +--------------------------------------------------------------------------------------------------------------------------------------------------+---------------------+
    | grp_fft_serial_Pipeline_bfly_loop7_fu_358/mac_mulsub_16s_16s_32s_32_1_1_U73/fft_serial_mac_mulsub_16s_16s_32s_32_1_1_DSP48_2_U/p                 | MULT.dsp.DSP48E1    |
    | grp_fft_serial_Pipeline_bfly_loop7_fu_358/mac_mulsub_16s_16s_32s_32_1_1_U73/fft_serial_mac_mulsub_16s_16s_32s_32_1_1_DSP48_2_U/ram_reg_i_783     | LUT.others.LUT2     |
    | grp_fft_serial_Pipeline_bfly_loop7_fu_358/mac_mulsub_16s_16s_32s_32_1_1_U73/fft_serial_mac_mulsub_16s_16s_32s_32_1_1_DSP48_2_U/ram_reg_i_662     | CARRY.others.CARRY4 |
    | grp_fft_serial_Pipeline_bfly_loop7_fu_358/mac_mulsub_16s_16s_32s_32_1_1_U73/fft_serial_mac_mulsub_16s_16s_32s_32_1_1_DSP48_2_U/ram_reg_i_652     | CARRY.others.CARRY4 |
    | grp_fft_serial_Pipeline_bfly_loop7_fu_358/mac_mulsub_16s_16s_32s_32_1_1_U73/fft_serial_mac_mulsub_16s_16s_32s_32_1_1_DSP48_2_U/ram_reg_i_630     | CARRY.others.CARRY4 |
    | grp_fft_serial_Pipeline_bfly_loop7_fu_358/mac_mulsub_16s_16s_32s_32_1_1_U73/fft_serial_mac_mulsub_16s_16s_32s_32_1_1_DSP48_2_U/ram_reg_i_608     | CARRY.others.CARRY4 |
    | grp_fft_serial_Pipeline_bfly_loop5_fu_336/mac_mulsub_16s_16s_32s_32_1_1_U57/fft_serial_mac_mulsub_16s_16s_32s_32_1_1_DSP48_2_U/ram_reg_i_381     | LUT.others.LUT5     |
    | grp_fft_serial_Pipeline_bfly_loop3_fu_314/mac_mulsub_16s_16s_32s_32_1_1_U39/fft_serial_mac_mulsub_16s_16s_32s_32_1_1_DSP48_2_U/ram_reg_i_137__0  | LUT.others.LUT6     |
    | grp_fft_serial_Pipeline_bfly_loop13_fu_424/mac_mulsub_16s_16s_32s_32_1_1_U121/fft_serial_mac_mulsub_16s_16s_32s_32_1_1_DSP48_2_U/ram_reg_i_21__0 | LUT.others.LUT6     |
    | re_U/ram_reg                                                                                                                                     | BMEM.bram.RAMB18E1  |
    +--------------------------------------------------------------------------------------------------------------------------------------------------+---------------------+

    +--------------------------------------------------------------------------------------------------------------------------------------------------+---------------------+
    | Path5 Cells                                                                                                                                      | Primitive Type      |
    +--------------------------------------------------------------------------------------------------------------------------------------------------+---------------------+
    | grp_fft_serial_Pipeline_bfly_loop3_fu_314/mac_muladd_16s_16s_32s_32_1_1_U40/fft_serial_mac_muladd_16s_16s_32s_32_1_1_DSP48_3_U/p                 | MULT.dsp.DSP48E1    |
    | grp_fft_serial_Pipeline_bfly_loop3_fu_314/mac_muladd_16s_16s_32s_32_1_1_U40/fft_serial_mac_muladd_16s_16s_32s_32_1_1_DSP48_3_U/ram_reg_i_716__0  | LUT.others.LUT2     |
    | grp_fft_serial_Pipeline_bfly_loop3_fu_314/mac_muladd_16s_16s_32s_32_1_1_U40/fft_serial_mac_muladd_16s_16s_32s_32_1_1_DSP48_3_U/ram_reg_i_589     | CARRY.others.CARRY4 |
    | grp_fft_serial_Pipeline_bfly_loop3_fu_314/mac_muladd_16s_16s_32s_32_1_1_U40/fft_serial_mac_muladd_16s_16s_32s_32_1_1_DSP48_3_U/ram_reg_i_588     | CARRY.others.CARRY4 |
    | grp_fft_serial_Pipeline_bfly_loop3_fu_314/mac_muladd_16s_16s_32s_32_1_1_U40/fft_serial_mac_muladd_16s_16s_32s_32_1_1_DSP48_3_U/ram_reg_i_554     | CARRY.others.CARRY4 |
    | grp_fft_serial_Pipeline_bfly_loop3_fu_314/mac_muladd_16s_16s_32s_32_1_1_U40/fft_serial_mac_muladd_16s_16s_32s_32_1_1_DSP48_3_U/ram_reg_i_537     | CARRY.others.CARRY4 |
    | grp_fft_serial_Pipeline_bfly_loop3_fu_314/mac_muladd_16s_16s_32s_32_1_1_U40/fft_serial_mac_muladd_16s_16s_32s_32_1_1_DSP48_3_U/ram_reg_i_610     | CARRY.others.CARRY4 |
    | grp_fft_serial_Pipeline_bfly_loop3_fu_314/mac_muladd_16s_16s_32s_32_1_1_U40/fft_serial_mac_muladd_16s_16s_32s_32_1_1_DSP48_3_U/ram_reg_i_417__0  | LUT.others.LUT6     |
    | grp_fft_serial_Pipeline_bfly_loop9_fu_380/mac_muladd_16s_16s_32s_32_1_1_U90/fft_serial_mac_muladd_16s_16s_32s_32_1_1_DSP48_3_U/ram_reg_i_203__0  | MUXFX.others.MUXF7  |
    | grp_fft_serial_Pipeline_bfly_loop15_fu_446/mac_muladd_16s_16s_32s_32_1_1_U138/fft_serial_mac_muladd_16s_16s_32s_32_1_1_DSP48_3_U/ram_reg_i_37__1 | LUT.others.LUT6     |
    | im_1_U/ram_reg                                                                                                                                   | BMEM.bram.RAMB18E1  |
    +--------------------------------------------------------------------------------------------------------------------------------------------------+---------------------+


================================================================
== RTL Synthesis Vivado Reports
================================================================
+--------------------------+-------------------------------------------------------------------+
| Report Type              | Report Location                                                   |
+--------------------------+-------------------------------------------------------------------+
| design_analysis          | impl/verilog/report/fft_serial_design_analysis_synth.rpt          |
| failfast                 | impl/verilog/report/fft_serial_failfast_synth.rpt                 |
| timing                   | impl/verilog/report/fft_serial_timing_synth.rpt                   |
| timing_paths             | impl/verilog/report/fft_serial_timing_paths_synth.rpt             |
| utilization              | impl/verilog/report/fft_serial_utilization_synth.rpt              |
| utilization_hierarchical | impl/verilog/report/fft_serial_utilization_hierarchical_synth.rpt |
+--------------------------+-------------------------------------------------------------------+


